2026-02-10 18:40:09.460	    499233632352	INFO	logging	contrib/epee/src/mlog.cpp:274	New log categories: *:WARNING,net:FATAL,net.http:FATAL,net.ssl:FATAL,net.p2p:FATAL,net.cn:FATAL,daemon.rpc:FATAL,global:INFO,verify:FATAL,serialization:FATAL,daemon.rpc.payment:ERROR,stacktrace:INFO,logging:INFO,msgwriter:INFO
2026-02-10 18:40:09.460	    499233632352	INFO	msgwriter	src/common/scoped_message_writer.h:102	This is the RPC monero wallet. It needs to connect to a monero
2026-02-10 18:40:09.461	    499233632352	INFO	msgwriter	src/common/scoped_message_writer.h:102	daemon to work correctly.
2026-02-10 18:40:09.461	    499233632352	INFO	msgwriter	src/common/scoped_message_writer.h:102	Monero 'Fluorine Fermi' (v0.18.4.5-release)
2026-02-10 18:40:09.462	    499233632352	INFO	msgwriter	src/common/scoped_message_writer.h:102	Logging to monero-wallet-rpc.log
2026-02-10 18:40:09.467	    499233632352	WARNING	wallet.rpc	src/wallet/wallet_rpc_server.cpp:4909	Loading wallet...
2026-02-10 18:40:10.091	    499233632352	ERROR	wallet.wallet2	src/wallet/wallet2.cpp:5374	!r. THROW EXCEPTION: error::invalid_password
2026-02-10 18:40:10.098	    499233632352	ERROR	wallet.rpc	src/wallet/wallet_rpc_server.cpp:4971	Wallet initialization failed: invalid password
2026-02-10 18:40:25.304	    518104092768	INFO	logging	contrib/epee/src/mlog.cpp:274	New log categories: *:WARNING,net:FATAL,net.http:FATAL,net.ssl:FATAL,net.p2p:FATAL,net.cn:FATAL,daemon.rpc:FATAL,global:INFO,verify:FATAL,serialization:FATAL,daemon.rpc.payment:ERROR,stacktrace:INFO,logging:INFO,msgwriter:INFO
2026-02-10 18:40:25.304	    518104092768	INFO	msgwriter	src/common/scoped_message_writer.h:102	This is the RPC monero wallet. It needs to connect to a monero
2026-02-10 18:40:25.305	    518104092768	INFO	msgwriter	src/common/scoped_message_writer.h:102	daemon to work correctly.
2026-02-10 18:40:25.305	    518104092768	INFO	msgwriter	src/common/scoped_message_writer.h:102	Monero 'Fluorine Fermi' (v0.18.4.5-release)
2026-02-10 18:40:25.305	    518104092768	INFO	msgwriter	src/common/scoped_message_writer.h:102	Logging to monero-wallet-rpc.log
2026-02-10 18:40:25.309	    518104092768	WARNING	wallet.rpc	src/wallet/wallet_rpc_server.cpp:4909	Loading wallet...
2026-02-10 18:40:26.303	    518104092768	ERROR	wallet.wallet2	src/wallet/wallet2.cpp:5374	!r. THROW EXCEPTION: error::invalid_password
2026-02-10 18:40:26.305	    518104092768	ERROR	wallet.rpc	src/wallet/wallet_rpc_server.cpp:4971	Wallet initialization failed: invalid password
2026-02-10 18:42:00.246	    525637881952	INFO	logging	contrib/epee/src/mlog.cpp:274	New log categories: *:WARNING,net:FATAL,net.http:FATAL,net.ssl:FATAL,net.p2p:FATAL,net.cn:FATAL,daemon.rpc:FATAL,global:INFO,verify:FATAL,serialization:FATAL,daemon.rpc.payment:ERROR,stacktrace:INFO,logging:INFO,msgwriter:INFO
2026-02-10 18:42:00.246	    525637881952	INFO	msgwriter	src/common/scoped_message_writer.h:102	This is the RPC monero wallet. It needs to connect to a monero
2026-02-10 18:42:00.246	    525637881952	INFO	msgwriter	src/common/scoped_message_writer.h:102	daemon to work correctly.
2026-02-10 18:42:00.246	    525637881952	INFO	msgwriter	src/common/scoped_message_writer.h:102	Monero 'Fluorine Fermi' (v0.18.4.5-release)
2026-02-10 18:42:00.246	    525637881952	INFO	msgwriter	src/common/scoped_message_writer.h:102	Logging to monero-wallet-rpc.log
2026-02-10 18:42:00.249	    525637881952	WARNING	wallet.rpc	src/wallet/wallet_rpc_server.cpp:4909	Loading wallet...
2026-02-10 18:42:01.411	    525637881952	ERROR	wallet.wallet2	src/wallet/wallet2.cpp:5374	!r. THROW EXCEPTION: error::invalid_password
2026-02-10 18:42:01.413	    525637881952	ERROR	wallet.rpc	src/wallet/wallet_rpc_server.cpp:4971	Wallet initialization failed: invalid password
