2026-02-13 03:52:01.709	    527177724000	INFO	logging	contrib/epee/src/mlog.cpp:274	New log categories: *:WARNING,net:FATAL,net.http:FATAL,net.ssl:FATAL,net.p2p:FATAL,net.cn:FATAL,daemon.rpc:FATAL,global:INFO,verify:FATAL,serialization:FATAL,daemon.rpc.payment:ERROR,stacktrace:INFO,logging:INFO,msgwriter:INFO
2026-02-13 03:52:01.709	    527177724000	INFO	msgwriter	src/common/scoped_message_writer.h:102	This is the RPC monero wallet. It needs to connect to a monero
2026-02-13 03:52:01.709	    527177724000	INFO	msgwriter	src/common/scoped_message_writer.h:102	daemon to work correctly.
2026-02-13 03:52:01.709	    527177724000	INFO	msgwriter	src/common/scoped_message_writer.h:102	Monero 'Fluorine Fermi' (v0.18.4.5-release)
2026-02-13 03:52:01.709	    527177724000	INFO	msgwriter	src/common/scoped_message_writer.h:102	Logging to monero-wallet-rpc.log
2026-02-13 03:52:01.713	    527177724000	WARNING	wallet.rpc	src/wallet/wallet_rpc_server.cpp:4909	Loading wallet...
2026-02-13 03:52:03.150	    527177724000	ERROR	wallet.wallet2	src/wallet/wallet2.cpp:5374	!r. THROW EXCEPTION: error::invalid_password
2026-02-13 03:52:03.154	    527177724000	ERROR	wallet.rpc	src/wallet/wallet_rpc_server.cpp:4971	Wallet initialization failed: invalid password
2026-02-13 03:58:17.162	    543606616160	INFO	logging	contrib/epee/src/mlog.cpp:274	New log categories: *:WARNING,net:FATAL,net.http:FATAL,net.ssl:FATAL,net.p2p:FATAL,net.cn:FATAL,daemon.rpc:FATAL,global:INFO,verify:FATAL,serialization:FATAL,daemon.rpc.payment:ERROR,stacktrace:INFO,logging:INFO,msgwriter:INFO
2026-02-13 03:58:17.162	    543606616160	INFO	msgwriter	src/common/scoped_message_writer.h:102	This is the RPC monero wallet. It needs to connect to a monero
2026-02-13 03:58:17.162	    543606616160	INFO	msgwriter	src/common/scoped_message_writer.h:102	daemon to work correctly.
2026-02-13 03:58:17.162	    543606616160	INFO	msgwriter	src/common/scoped_message_writer.h:102	Monero 'Fluorine Fermi' (v0.18.4.5-release)
2026-02-13 03:58:17.162	    543606616160	INFO	msgwriter	src/common/scoped_message_writer.h:102	Logging to monero-wallet-rpc.log
2026-02-13 03:58:17.165	    543606616160	WARNING	wallet.rpc	src/wallet/wallet_rpc_server.cpp:4909	Loading wallet...
2026-02-13 03:58:17.609	    543606616160	ERROR	wallet.wallet2	src/wallet/wallet2.cpp:5374	!r. THROW EXCEPTION: error::invalid_password
2026-02-13 03:58:17.612	    543606616160	ERROR	wallet.rpc	src/wallet/wallet_rpc_server.cpp:4971	Wallet initialization failed: invalid password
2026-02-13 04:05:32.494	    507393990752	INFO	logging	contrib/epee/src/mlog.cpp:274	New log categories: *:WARNING,net:FATAL,net.http:FATAL,net.ssl:FATAL,net.p2p:FATAL,net.cn:FATAL,daemon.rpc:FATAL,global:INFO,verify:FATAL,serialization:FATAL,daemon.rpc.payment:ERROR,stacktrace:INFO,logging:INFO,msgwriter:INFO
2026-02-13 04:05:32.494	    507393990752	INFO	msgwriter	src/common/scoped_message_writer.h:102	This is the RPC monero wallet. It needs to connect to a monero
2026-02-13 04:05:32.494	    507393990752	INFO	msgwriter	src/common/scoped_message_writer.h:102	daemon to work correctly.
2026-02-13 04:05:32.494	    507393990752	INFO	msgwriter	src/common/scoped_message_writer.h:102	Monero 'Fluorine Fermi' (v0.18.4.5-release)
2026-02-13 04:05:32.494	    507393990752	INFO	msgwriter	src/common/scoped_message_writer.h:102	Logging to monero-wallet-rpc.log
2026-02-13 04:05:32.498	    507393990752	WARNING	wallet.rpc	src/wallet/wallet_rpc_server.cpp:4909	Loading wallet...
2026-02-13 04:05:33.535	    507393990752	ERROR	wallet.wallet2	src/wallet/wallet2.cpp:5374	!r. THROW EXCEPTION: error::invalid_password
2026-02-13 04:05:33.538	    507393990752	ERROR	wallet.rpc	src/wallet/wallet_rpc_server.cpp:4971	Wallet initialization failed: invalid password
