2026-02-08 06:53:36.555	    489358168160	INFO	logging	contrib/epee/src/mlog.cpp:274	New log categories: *:WARNING,net:FATAL,net.http:FATAL,net.ssl:FATAL,net.p2p:FATAL,net.cn:FATAL,daemon.rpc:FATAL,global:INFO,verify:FATAL,serialization:FATAL,daemon.rpc.payment:ERROR,stacktrace:INFO,logging:INFO,msgwriter:INFO
2026-02-08 06:53:36.555	    489358168160	INFO	msgwriter	src/common/scoped_message_writer.h:102	This is the RPC monero wallet. It needs to connect to a monero
2026-02-08 06:53:36.555	    489358168160	INFO	msgwriter	src/common/scoped_message_writer.h:102	daemon to work correctly.
2026-02-08 06:53:36.555	    489358168160	INFO	msgwriter	src/common/scoped_message_writer.h:102	Monero 'Fluorine Fermi' (v0.18.4.5-release)
2026-02-08 06:53:36.555	    489358168160	INFO	msgwriter	src/common/scoped_message_writer.h:102	Logging to monero-wallet-rpc.log
2026-02-08 06:53:36.558	    489358168160	WARNING	wallet.rpc	src/wallet/wallet_rpc_server.cpp:4909	Loading wallet...
2026-02-08 06:53:36.911	    489358168160	ERROR	util	src/common/util.cpp:109	Error locking fd 13: 11 (Try again)
2026-02-08 06:53:36.911	    489358168160	ERROR	util	src/common/util.cpp:309	Failed to lock /data/data/com.termux/files/home/Finux/wallets/Frostnerjo_Genesis.keys: Try again
2026-02-08 06:53:36.911	    489358168160	ERROR	wallet.wallet2	src/wallet/wallet2.cpp:6508	!is_keys_file_locked(). THROW EXCEPTION: error::wallet_internal_error
2026-02-08 06:53:36.913	    489358168160	ERROR	wallet.rpc	src/wallet/wallet_rpc_server.cpp:4971	Wallet initialization failed: internal error: "/data/data/com.termux/files/home/Finux/wallets/Frostnerjo_Genesis.keys" is opened by another wallet program
2026-02-08 07:00:46.975	    485810376800	INFO	logging	contrib/epee/src/mlog.cpp:274	New log categories: *:WARNING,net:FATAL,net.http:FATAL,net.ssl:FATAL,net.p2p:FATAL,net.cn:FATAL,daemon.rpc:FATAL,global:INFO,verify:FATAL,serialization:FATAL,daemon.rpc.payment:ERROR,stacktrace:INFO,logging:INFO,msgwriter:INFO
2026-02-08 07:00:46.976	    485810376800	INFO	msgwriter	src/common/scoped_message_writer.h:102	This is the RPC monero wallet. It needs to connect to a monero
2026-02-08 07:00:46.976	    485810376800	INFO	msgwriter	src/common/scoped_message_writer.h:102	daemon to work correctly.
2026-02-08 07:00:46.976	    485810376800	INFO	msgwriter	src/common/scoped_message_writer.h:102	Monero 'Fluorine Fermi' (v0.18.4.5-release)
2026-02-08 07:00:46.976	    485810376800	INFO	msgwriter	src/common/scoped_message_writer.h:102	Logging to monero-wallet-rpc.log
2026-02-08 07:00:46.978	    485810376800	WARNING	wallet.rpc	src/wallet/wallet_rpc_server.cpp:4909	Loading wallet...
2026-02-08 07:00:47.382	    485810376800	ERROR	wallet.wallet2	src/wallet/wallet2.cpp:5374	!r. THROW EXCEPTION: error::invalid_password
2026-02-08 07:00:47.385	    485810376800	ERROR	wallet.rpc	src/wallet/wallet_rpc_server.cpp:4971	Wallet initialization failed: invalid password
2026-02-08 07:27:32.310	    506129723488	INFO	logging	contrib/epee/src/mlog.cpp:274	New log categories: *:WARNING,net:FATAL,net.http:FATAL,net.ssl:FATAL,net.p2p:FATAL,net.cn:FATAL,daemon.rpc:FATAL,global:INFO,verify:FATAL,serialization:FATAL,daemon.rpc.payment:ERROR,stacktrace:INFO,logging:INFO,msgwriter:INFO
2026-02-08 07:27:32.310	    506129723488	INFO	msgwriter	src/common/scoped_message_writer.h:102	This is the RPC monero wallet. It needs to connect to a monero
2026-02-08 07:27:32.310	    506129723488	INFO	msgwriter	src/common/scoped_message_writer.h:102	daemon to work correctly.
2026-02-08 07:27:32.310	    506129723488	INFO	msgwriter	src/common/scoped_message_writer.h:102	Monero 'Fluorine Fermi' (v0.18.4.5-release)
2026-02-08 07:27:32.310	    506129723488	INFO	msgwriter	src/common/scoped_message_writer.h:102	Logging to monero-wallet-rpc.log
2026-02-08 07:27:32.313	    506129723488	WARNING	wallet.rpc	src/wallet/wallet_rpc_server.cpp:4909	Loading wallet...
2026-02-08 07:27:32.839	    506129723488	ERROR	wallet.wallet2	src/wallet/wallet2.cpp:5374	!r. THROW EXCEPTION: error::invalid_password
2026-02-08 07:27:32.843	    506129723488	ERROR	wallet.rpc	src/wallet/wallet_rpc_server.cpp:4971	Wallet initialization failed: invalid password
2026-02-08 07:28:18.381	    500826103904	INFO	logging	contrib/epee/src/mlog.cpp:274	New log categories: *:WARNING,net:FATAL,net.http:FATAL,net.ssl:FATAL,net.p2p:FATAL,net.cn:FATAL,daemon.rpc:FATAL,global:INFO,verify:FATAL,serialization:FATAL,daemon.rpc.payment:ERROR,stacktrace:INFO,logging:INFO,msgwriter:INFO
2026-02-08 07:28:18.381	    500826103904	INFO	msgwriter	src/common/scoped_message_writer.h:102	This is the RPC monero wallet. It needs to connect to a monero
2026-02-08 07:28:18.381	    500826103904	INFO	msgwriter	src/common/scoped_message_writer.h:102	daemon to work correctly.
2026-02-08 07:28:18.381	    500826103904	INFO	msgwriter	src/common/scoped_message_writer.h:102	Monero 'Fluorine Fermi' (v0.18.4.5-release)
2026-02-08 07:28:18.381	    500826103904	INFO	msgwriter	src/common/scoped_message_writer.h:102	Logging to monero-wallet-rpc.log
2026-02-08 07:28:18.382	    500826103904	WARNING	wallet.rpc	src/wallet/wallet_rpc_server.cpp:4909	Loading wallet...
2026-02-08 07:28:18.700	    500826103904	ERROR	wallet.wallet2	src/wallet/wallet2.cpp:5374	!r. THROW EXCEPTION: error::invalid_password
2026-02-08 07:28:18.702	    500826103904	ERROR	wallet.rpc	src/wallet/wallet_rpc_server.cpp:4971	Wallet initialization failed: invalid password
2026-02-08 07:38:22.339	    516675756128	INFO	logging	contrib/epee/src/mlog.cpp:274	New log categories: *:WARNING,net:FATAL,net.http:FATAL,net.ssl:FATAL,net.p2p:FATAL,net.cn:FATAL,daemon.rpc:FATAL,global:INFO,verify:FATAL,serialization:FATAL,daemon.rpc.payment:ERROR,stacktrace:INFO,logging:INFO,msgwriter:INFO
2026-02-08 07:38:22.339	    516675756128	INFO	msgwriter	src/common/scoped_message_writer.h:102	This is the RPC monero wallet. It needs to connect to a monero
2026-02-08 07:38:22.339	    516675756128	INFO	msgwriter	src/common/scoped_message_writer.h:102	daemon to work correctly.
2026-02-08 07:38:22.339	    516675756128	INFO	msgwriter	src/common/scoped_message_writer.h:102	Monero 'Fluorine Fermi' (v0.18.4.5-release)
2026-02-08 07:38:22.340	    516675756128	INFO	msgwriter	src/common/scoped_message_writer.h:102	Logging to monero-wallet-rpc.log
2026-02-08 07:38:22.342	    516675756128	WARNING	wallet.rpc	src/wallet/wallet_rpc_server.cpp:4909	Loading wallet...
2026-02-08 07:38:23.796	    516675756128	ERROR	wallet.wallet2	src/wallet/wallet2.cpp:5374	!r. THROW EXCEPTION: error::invalid_password
2026-02-08 07:38:23.800	    516675756128	ERROR	wallet.rpc	src/wallet/wallet_rpc_server.cpp:4971	Wallet initialization failed: invalid password
2026-02-08 09:02:01.563	    480290812000	INFO	logging	contrib/epee/src/mlog.cpp:274	New log categories: *:WARNING,net:FATAL,net.http:FATAL,net.ssl:FATAL,net.p2p:FATAL,net.cn:FATAL,daemon.rpc:FATAL,global:INFO,verify:FATAL,serialization:FATAL,daemon.rpc.payment:ERROR,stacktrace:INFO,logging:INFO,msgwriter:INFO
2026-02-08 09:02:01.563	    480290812000	INFO	msgwriter	src/common/scoped_message_writer.h:102	This is the RPC monero wallet. It needs to connect to a monero
2026-02-08 09:02:01.563	    480290812000	INFO	msgwriter	src/common/scoped_message_writer.h:102	daemon to work correctly.
2026-02-08 09:02:01.563	    480290812000	INFO	msgwriter	src/common/scoped_message_writer.h:102	Monero 'Fluorine Fermi' (v0.18.4.5-release)
2026-02-08 09:02:01.564	    480290812000	INFO	msgwriter	src/common/scoped_message_writer.h:102	Logging to monero-wallet-rpc.log
2026-02-08 09:02:01.566	    480290812000	WARNING	wallet.rpc	src/wallet/wallet_rpc_server.cpp:4909	Loading wallet...
2026-02-08 09:02:02.548	    480290812000	ERROR	wallet.wallet2	src/wallet/wallet2.cpp:5374	!r. THROW EXCEPTION: error::invalid_password
2026-02-08 09:02:02.551	    480290812000	ERROR	wallet.rpc	src/wallet/wallet_rpc_server.cpp:4971	Wallet initialization failed: invalid password
2026-02-08 09:02:17.330	    488843870304	INFO	logging	contrib/epee/src/mlog.cpp:274	New log categories: *:WARNING,net:FATAL,net.http:FATAL,net.ssl:FATAL,net.p2p:FATAL,net.cn:FATAL,daemon.rpc:FATAL,global:INFO,verify:FATAL,serialization:FATAL,daemon.rpc.payment:ERROR,stacktrace:INFO,logging:INFO,msgwriter:INFO
2026-02-08 09:02:17.330	    488843870304	INFO	msgwriter	src/common/scoped_message_writer.h:102	This is the RPC monero wallet. It needs to connect to a monero
2026-02-08 09:02:17.330	    488843870304	INFO	msgwriter	src/common/scoped_message_writer.h:102	daemon to work correctly.
2026-02-08 09:02:17.330	    488843870304	INFO	msgwriter	src/common/scoped_message_writer.h:102	Monero 'Fluorine Fermi' (v0.18.4.5-release)
2026-02-08 09:02:17.330	    488843870304	INFO	msgwriter	src/common/scoped_message_writer.h:102	Logging to monero-wallet-rpc.log
2026-02-08 09:02:17.333	    488843870304	WARNING	wallet.rpc	src/wallet/wallet_rpc_server.cpp:4909	Loading wallet...
2026-02-08 09:02:18.356	    488843870304	ERROR	wallet.wallet2	src/wallet/wallet2.cpp:5374	!r. THROW EXCEPTION: error::invalid_password
2026-02-08 09:02:18.358	    488843870304	ERROR	wallet.rpc	src/wallet/wallet_rpc_server.cpp:4971	Wallet initialization failed: invalid password
2026-02-08 17:08:52.307	    482733445216	INFO	logging	contrib/epee/src/mlog.cpp:274	New log categories: *:WARNING,net:FATAL,net.http:FATAL,net.ssl:FATAL,net.p2p:FATAL,net.cn:FATAL,daemon.rpc:FATAL,global:INFO,verify:FATAL,serialization:FATAL,daemon.rpc.payment:ERROR,stacktrace:INFO,logging:INFO,msgwriter:INFO
2026-02-08 17:08:52.308	    482733445216	INFO	msgwriter	src/common/scoped_message_writer.h:102	This is the RPC monero wallet. It needs to connect to a monero
2026-02-08 17:08:52.308	    482733445216	INFO	msgwriter	src/common/scoped_message_writer.h:102	daemon to work correctly.
2026-02-08 17:08:52.308	    482733445216	INFO	msgwriter	src/common/scoped_message_writer.h:102	Monero 'Fluorine Fermi' (v0.18.4.5-release)
2026-02-08 17:08:52.309	    482733445216	INFO	msgwriter	src/common/scoped_message_writer.h:102	Logging to monero-wallet-rpc.log
2026-02-08 17:08:52.313	    482733445216	WARNING	wallet.rpc	src/wallet/wallet_rpc_server.cpp:4909	Loading wallet...
2026-02-08 17:08:53.503	    482733445216	ERROR	wallet.wallet2	src/wallet/wallet2.cpp:5374	!r. THROW EXCEPTION: error::invalid_password
2026-02-08 17:08:53.506	    482733445216	ERROR	wallet.rpc	src/wallet/wallet_rpc_server.cpp:4971	Wallet initialization failed: invalid password
2026-02-08 17:31:29.576	    512441729120	INFO	logging	contrib/epee/src/mlog.cpp:274	New log categories: *:WARNING,net:FATAL,net.http:FATAL,net.ssl:FATAL,net.p2p:FATAL,net.cn:FATAL,daemon.rpc:FATAL,global:INFO,verify:FATAL,serialization:FATAL,daemon.rpc.payment:ERROR,stacktrace:INFO,logging:INFO,msgwriter:INFO
2026-02-08 17:31:29.579	    512441729120	INFO	msgwriter	src/common/scoped_message_writer.h:102	This is the RPC monero wallet. It needs to connect to a monero
2026-02-08 17:31:29.579	    512441729120	INFO	msgwriter	src/common/scoped_message_writer.h:102	daemon to work correctly.
2026-02-08 17:31:29.579	    512441729120	INFO	msgwriter	src/common/scoped_message_writer.h:102	Monero 'Fluorine Fermi' (v0.18.4.5-release)
2026-02-08 17:31:29.579	    512441729120	INFO	msgwriter	src/common/scoped_message_writer.h:102	Logging to monero-wallet-rpc.log
2026-02-08 17:31:29.582	    512441729120	WARNING	wallet.rpc	src/wallet/wallet_rpc_server.cpp:4909	Loading wallet...
2026-02-08 17:31:30.496	    512441729120	ERROR	wallet.wallet2	src/wallet/wallet2.cpp:5374	!r. THROW EXCEPTION: error::invalid_password
2026-02-08 17:31:30.499	    512441729120	ERROR	wallet.rpc	src/wallet/wallet_rpc_server.cpp:4971	Wallet initialization failed: invalid password
2026-02-08 21:15:32.983	    534854488160	INFO	logging	contrib/epee/src/mlog.cpp:274	New log categories: *:WARNING,net:FATAL,net.http:FATAL,net.ssl:FATAL,net.p2p:FATAL,net.cn:FATAL,daemon.rpc:FATAL,global:INFO,verify:FATAL,serialization:FATAL,daemon.rpc.payment:ERROR,stacktrace:INFO,logging:INFO,msgwriter:INFO
2026-02-08 21:15:32.983	    534854488160	INFO	msgwriter	src/common/scoped_message_writer.h:102	This is the RPC monero wallet. It needs to connect to a monero
2026-02-08 21:15:32.983	    534854488160	INFO	msgwriter	src/common/scoped_message_writer.h:102	daemon to work correctly.
2026-02-08 21:15:32.983	    534854488160	INFO	msgwriter	src/common/scoped_message_writer.h:102	Monero 'Fluorine Fermi' (v0.18.4.5-release)
2026-02-08 21:15:32.983	    534854488160	INFO	msgwriter	src/common/scoped_message_writer.h:102	Logging to monero-wallet-rpc.log
2026-02-08 21:15:32.986	    534854488160	WARNING	wallet.rpc	src/wallet/wallet_rpc_server.cpp:4909	Loading wallet...
2026-02-08 21:15:33.917	    534854488160	ERROR	wallet.wallet2	src/wallet/wallet2.cpp:5374	!r. THROW EXCEPTION: error::invalid_password
2026-02-08 21:15:33.921	    534854488160	ERROR	wallet.rpc	src/wallet/wallet_rpc_server.cpp:4971	Wallet initialization failed: invalid password
2026-02-08 21:16:21.066	    534185963616	INFO	logging	contrib/epee/src/mlog.cpp:274	New log categories: *:WARNING,net:FATAL,net.http:FATAL,net.ssl:FATAL,net.p2p:FATAL,net.cn:FATAL,daemon.rpc:FATAL,global:INFO,verify:FATAL,serialization:FATAL,daemon.rpc.payment:ERROR,stacktrace:INFO,logging:INFO,msgwriter:INFO
2026-02-08 21:16:21.067	    534185963616	INFO	msgwriter	src/common/scoped_message_writer.h:102	This is the RPC monero wallet. It needs to connect to a monero
2026-02-08 21:16:21.067	    534185963616	INFO	msgwriter	src/common/scoped_message_writer.h:102	daemon to work correctly.
2026-02-08 21:16:21.067	    534185963616	INFO	msgwriter	src/common/scoped_message_writer.h:102	Monero 'Fluorine Fermi' (v0.18.4.5-release)
2026-02-08 21:16:21.067	    534185963616	INFO	msgwriter	src/common/scoped_message_writer.h:102	Logging to monero-wallet-rpc.log
2026-02-08 21:16:21.069	    534185963616	WARNING	wallet.rpc	src/wallet/wallet_rpc_server.cpp:4909	Loading wallet...
2026-02-08 21:16:22.425	    534185963616	ERROR	wallet.wallet2	src/wallet/wallet2.cpp:5374	!r. THROW EXCEPTION: error::invalid_password
2026-02-08 21:16:22.429	    534185963616	ERROR	wallet.rpc	src/wallet/wallet_rpc_server.cpp:4971	Wallet initialization failed: invalid password
2026-02-08 21:21:05.312	    540843597920	INFO	logging	contrib/epee/src/mlog.cpp:274	New log categories: *:WARNING,net:FATAL,net.http:FATAL,net.ssl:FATAL,net.p2p:FATAL,net.cn:FATAL,daemon.rpc:FATAL,global:INFO,verify:FATAL,serialization:FATAL,daemon.rpc.payment:ERROR,stacktrace:INFO,logging:INFO,msgwriter:INFO
2026-02-08 21:21:05.313	    540843597920	INFO	msgwriter	src/common/scoped_message_writer.h:102	This is the RPC monero wallet. It needs to connect to a monero
2026-02-08 21:21:05.313	    540843597920	INFO	msgwriter	src/common/scoped_message_writer.h:102	daemon to work correctly.
2026-02-08 21:21:05.313	    540843597920	INFO	msgwriter	src/common/scoped_message_writer.h:102	Monero 'Fluorine Fermi' (v0.18.4.5-release)
2026-02-08 21:21:05.313	    540843597920	INFO	msgwriter	src/common/scoped_message_writer.h:102	Logging to monero-wallet-rpc.log
2026-02-08 21:21:05.316	    540843597920	WARNING	wallet.rpc	src/wallet/wallet_rpc_server.cpp:4909	Loading wallet...
2026-02-08 21:21:06.280	    540843597920	ERROR	wallet.wallet2	src/wallet/wallet2.cpp:5374	!r. THROW EXCEPTION: error::invalid_password
2026-02-08 21:21:06.284	    540843597920	ERROR	wallet.rpc	src/wallet/wallet_rpc_server.cpp:4971	Wallet initialization failed: invalid password
2026-02-08 21:23:35.169	    487581630560	INFO	logging	contrib/epee/src/mlog.cpp:274	New log categories: *:WARNING,net:FATAL,net.http:FATAL,net.ssl:FATAL,net.p2p:FATAL,net.cn:FATAL,daemon.rpc:FATAL,global:INFO,verify:FATAL,serialization:FATAL,daemon.rpc.payment:ERROR,stacktrace:INFO,logging:INFO,msgwriter:INFO
2026-02-08 21:23:35.169	    487581630560	INFO	msgwriter	src/common/scoped_message_writer.h:102	This is the RPC monero wallet. It needs to connect to a monero
2026-02-08 21:23:35.169	    487581630560	INFO	msgwriter	src/common/scoped_message_writer.h:102	daemon to work correctly.
2026-02-08 21:23:35.173	    487581630560	INFO	msgwriter	src/common/scoped_message_writer.h:102	Monero 'Fluorine Fermi' (v0.18.4.5-release)
2026-02-08 21:23:35.173	    487581630560	INFO	msgwriter	src/common/scoped_message_writer.h:102	Logging to monero-wallet-rpc.log
2026-02-08 21:23:35.176	    487581630560	WARNING	wallet.rpc	src/wallet/wallet_rpc_server.cpp:4909	Loading wallet...
2026-02-08 21:23:36.175	    487581630560	ERROR	wallet.wallet2	src/wallet/wallet2.cpp:5374	!r. THROW EXCEPTION: error::invalid_password
2026-02-08 21:23:36.179	    487581630560	ERROR	wallet.rpc	src/wallet/wallet_rpc_server.cpp:4971	Wallet initialization failed: invalid password
2026-02-08 21:28:34.652	    541272285280	INFO	logging	contrib/epee/src/mlog.cpp:274	New log categories: *:WARNING,net:FATAL,net.http:FATAL,net.ssl:FATAL,net.p2p:FATAL,net.cn:FATAL,daemon.rpc:FATAL,global:INFO,verify:FATAL,serialization:FATAL,daemon.rpc.payment:ERROR,stacktrace:INFO,logging:INFO,msgwriter:INFO
2026-02-08 21:28:34.652	    541272285280	INFO	msgwriter	src/common/scoped_message_writer.h:102	This is the RPC monero wallet. It needs to connect to a monero
2026-02-08 21:28:34.652	    541272285280	INFO	msgwriter	src/common/scoped_message_writer.h:102	daemon to work correctly.
2026-02-08 21:28:34.652	    541272285280	INFO	msgwriter	src/common/scoped_message_writer.h:102	Monero 'Fluorine Fermi' (v0.18.4.5-release)
2026-02-08 21:28:34.653	    541272285280	INFO	msgwriter	src/common/scoped_message_writer.h:102	Logging to monero-wallet-rpc.log
2026-02-08 21:28:34.656	    541272285280	WARNING	wallet.rpc	src/wallet/wallet_rpc_server.cpp:4909	Loading wallet...
2026-02-08 21:28:35.353	    541272285280	ERROR	wallet.wallet2	src/wallet/wallet2.cpp:5374	!r. THROW EXCEPTION: error::invalid_password
2026-02-08 21:28:35.356	    541272285280	ERROR	wallet.rpc	src/wallet/wallet_rpc_server.cpp:4971	Wallet initialization failed: invalid password
2026-02-08 22:10:14.950	    488264568928	INFO	logging	contrib/epee/src/mlog.cpp:274	New log categories: *:WARNING,net:FATAL,net.http:FATAL,net.ssl:FATAL,net.p2p:FATAL,net.cn:FATAL,daemon.rpc:FATAL,global:INFO,verify:FATAL,serialization:FATAL,daemon.rpc.payment:ERROR,stacktrace:INFO,logging:INFO,msgwriter:INFO
2026-02-08 22:10:14.951	    488264568928	INFO	msgwriter	src/common/scoped_message_writer.h:102	This is the RPC monero wallet. It needs to connect to a monero
2026-02-08 22:10:14.951	    488264568928	INFO	msgwriter	src/common/scoped_message_writer.h:102	daemon to work correctly.
2026-02-08 22:10:14.951	    488264568928	INFO	msgwriter	src/common/scoped_message_writer.h:102	Monero 'Fluorine Fermi' (v0.18.4.5-release)
2026-02-08 22:10:14.952	    488264568928	INFO	msgwriter	src/common/scoped_message_writer.h:102	Logging to monero-wallet-rpc.log
2026-02-08 22:10:14.958	    488264568928	WARNING	wallet.rpc	src/wallet/wallet_rpc_server.cpp:4909	Loading wallet...
2026-02-08 22:10:17.583	    488264568928	ERROR	wallet.wallet2	src/wallet/wallet2.cpp:5374	!r. THROW EXCEPTION: error::invalid_password
2026-02-08 22:10:17.587	    488264568928	ERROR	wallet.rpc	src/wallet/wallet_rpc_server.cpp:4971	Wallet initialization failed: invalid password
2026-02-08 22:17:26.479	    504181391456	INFO	logging	contrib/epee/src/mlog.cpp:274	New log categories: *:WARNING,net:FATAL,net.http:FATAL,net.ssl:FATAL,net.p2p:FATAL,net.cn:FATAL,daemon.rpc:FATAL,global:INFO,verify:FATAL,serialization:FATAL,daemon.rpc.payment:ERROR,stacktrace:INFO,logging:INFO,msgwriter:INFO
2026-02-08 22:17:26.479	    504181391456	INFO	msgwriter	src/common/scoped_message_writer.h:102	This is the RPC monero wallet. It needs to connect to a monero
2026-02-08 22:17:26.479	    504181391456	INFO	msgwriter	src/common/scoped_message_writer.h:102	daemon to work correctly.
2026-02-08 22:17:26.479	    504181391456	INFO	msgwriter	src/common/scoped_message_writer.h:102	Monero 'Fluorine Fermi' (v0.18.4.5-release)
2026-02-08 22:17:26.480	    504181391456	INFO	msgwriter	src/common/scoped_message_writer.h:102	Logging to monero-wallet-rpc.log
2026-02-08 22:17:26.484	    504181391456	WARNING	wallet.rpc	src/wallet/wallet_rpc_server.cpp:4909	Loading wallet...
2026-02-08 22:17:27.242	    504181391456	ERROR	wallet.wallet2	src/wallet/wallet2.cpp:5374	!r. THROW EXCEPTION: error::invalid_password
2026-02-08 22:17:27.246	    504181391456	ERROR	wallet.rpc	src/wallet/wallet_rpc_server.cpp:4971	Wallet initialization failed: invalid password
2026-02-08 22:29:57.811	    545753309280	INFO	logging	contrib/epee/src/mlog.cpp:274	New log categories: *:WARNING,net:FATAL,net.http:FATAL,net.ssl:FATAL,net.p2p:FATAL,net.cn:FATAL,daemon.rpc:FATAL,global:INFO,verify:FATAL,serialization:FATAL,daemon.rpc.payment:ERROR,stacktrace:INFO,logging:INFO,msgwriter:INFO
2026-02-08 22:29:57.811	    545753309280	INFO	msgwriter	src/common/scoped_message_writer.h:102	This is the RPC monero wallet. It needs to connect to a monero
2026-02-08 22:29:57.811	    545753309280	INFO	msgwriter	src/common/scoped_message_writer.h:102	daemon to work correctly.
2026-02-08 22:29:57.811	    545753309280	INFO	msgwriter	src/common/scoped_message_writer.h:102	Monero 'Fluorine Fermi' (v0.18.4.5-release)
2026-02-08 22:29:57.812	    545753309280	INFO	msgwriter	src/common/scoped_message_writer.h:102	Logging to monero-wallet-rpc.log
2026-02-08 22:29:57.817	    545753309280	WARNING	wallet.rpc	src/wallet/wallet_rpc_server.cpp:4909	Loading wallet...
2026-02-08 22:30:01.294	    545753309280	ERROR	wallet.wallet2	src/wallet/wallet2.cpp:5374	!r. THROW EXCEPTION: error::invalid_password
2026-02-08 22:30:01.310	    545753309280	ERROR	wallet.rpc	src/wallet/wallet_rpc_server.cpp:4971	Wallet initialization failed: invalid password
2026-02-08 22:36:10.521	    487955337312	INFO	logging	contrib/epee/src/mlog.cpp:274	New log categories: *:WARNING,net:FATAL,net.http:FATAL,net.ssl:FATAL,net.p2p:FATAL,net.cn:FATAL,daemon.rpc:FATAL,global:INFO,verify:FATAL,serialization:FATAL,daemon.rpc.payment:ERROR,stacktrace:INFO,logging:INFO,msgwriter:INFO
2026-02-08 22:36:10.522	    487955337312	INFO	msgwriter	src/common/scoped_message_writer.h:102	This is the RPC monero wallet. It needs to connect to a monero
2026-02-08 22:36:10.522	    487955337312	INFO	msgwriter	src/common/scoped_message_writer.h:102	daemon to work correctly.
2026-02-08 22:36:10.522	    487955337312	INFO	msgwriter	src/common/scoped_message_writer.h:102	Monero 'Fluorine Fermi' (v0.18.4.5-release)
2026-02-08 22:36:10.522	    487955337312	INFO	msgwriter	src/common/scoped_message_writer.h:102	Logging to monero-wallet-rpc.log
2026-02-08 22:36:10.525	    487955337312	WARNING	wallet.rpc	src/wallet/wallet_rpc_server.cpp:4909	Loading wallet...
2026-02-08 22:36:11.261	    487955337312	ERROR	wallet.wallet2	src/wallet/wallet2.cpp:5374	!r. THROW EXCEPTION: error::invalid_password
2026-02-08 22:36:11.263	    487955337312	ERROR	wallet.rpc	src/wallet/wallet_rpc_server.cpp:4971	Wallet initialization failed: invalid password
2026-02-08 22:52:16.006	    529697693792	INFO	logging	contrib/epee/src/mlog.cpp:274	New log categories: *:WARNING,net:FATAL,net.http:FATAL,net.ssl:FATAL,net.p2p:FATAL,net.cn:FATAL,daemon.rpc:FATAL,global:INFO,verify:FATAL,serialization:FATAL,daemon.rpc.payment:ERROR,stacktrace:INFO,logging:INFO,msgwriter:INFO
2026-02-08 22:52:16.006	    529697693792	INFO	msgwriter	src/common/scoped_message_writer.h:102	This is the RPC monero wallet. It needs to connect to a monero
2026-02-08 22:52:16.006	    529697693792	INFO	msgwriter	src/common/scoped_message_writer.h:102	daemon to work correctly.
2026-02-08 22:52:16.006	    529697693792	INFO	msgwriter	src/common/scoped_message_writer.h:102	Monero 'Fluorine Fermi' (v0.18.4.5-release)
2026-02-08 22:52:16.007	    529697693792	INFO	msgwriter	src/common/scoped_message_writer.h:102	Logging to monero-wallet-rpc.log
2026-02-08 22:52:16.009	    529697693792	WARNING	wallet.rpc	src/wallet/wallet_rpc_server.cpp:4909	Loading wallet...
2026-02-08 22:52:17.227	    529697693792	ERROR	wallet.wallet2	src/wallet/wallet2.cpp:5374	!r. THROW EXCEPTION: error::invalid_password
2026-02-08 22:52:17.231	    529697693792	ERROR	wallet.rpc	src/wallet/wallet_rpc_server.cpp:4971	Wallet initialization failed: invalid password
2026-02-08 22:52:51.700	    517813047392	INFO	logging	contrib/epee/src/mlog.cpp:274	New log categories: *:WARNING,net:FATAL,net.http:FATAL,net.ssl:FATAL,net.p2p:FATAL,net.cn:FATAL,daemon.rpc:FATAL,global:INFO,verify:FATAL,serialization:FATAL,daemon.rpc.payment:ERROR,stacktrace:INFO,logging:INFO,msgwriter:INFO
2026-02-08 22:52:51.700	    517813047392	INFO	msgwriter	src/common/scoped_message_writer.h:102	This is the RPC monero wallet. It needs to connect to a monero
2026-02-08 22:52:51.700	    517813047392	INFO	msgwriter	src/common/scoped_message_writer.h:102	daemon to work correctly.
2026-02-08 22:52:51.700	    517813047392	INFO	msgwriter	src/common/scoped_message_writer.h:102	Monero 'Fluorine Fermi' (v0.18.4.5-release)
2026-02-08 22:52:51.700	    517813047392	INFO	msgwriter	src/common/scoped_message_writer.h:102	Logging to monero-wallet-rpc.log
2026-02-08 22:52:51.702	    517813047392	WARNING	wallet.rpc	src/wallet/wallet_rpc_server.cpp:4909	Loading wallet...
2026-02-08 22:52:53.093	    517813047392	ERROR	wallet.wallet2	src/wallet/wallet2.cpp:5374	!r. THROW EXCEPTION: error::invalid_password
2026-02-08 22:52:53.096	    517813047392	ERROR	wallet.rpc	src/wallet/wallet_rpc_server.cpp:4971	Wallet initialization failed: invalid password
2026-02-08 22:56:52.674	    494874800224	INFO	logging	contrib/epee/src/mlog.cpp:274	New log categories: *:WARNING,net:FATAL,net.http:FATAL,net.ssl:FATAL,net.p2p:FATAL,net.cn:FATAL,daemon.rpc:FATAL,global:INFO,verify:FATAL,serialization:FATAL,daemon.rpc.payment:ERROR,stacktrace:INFO,logging:INFO,msgwriter:INFO
2026-02-08 22:56:52.674	    494874800224	INFO	msgwriter	src/common/scoped_message_writer.h:102	This is the RPC monero wallet. It needs to connect to a monero
2026-02-08 22:56:52.674	    494874800224	INFO	msgwriter	src/common/scoped_message_writer.h:102	daemon to work correctly.
2026-02-08 22:56:52.674	    494874800224	INFO	msgwriter	src/common/scoped_message_writer.h:102	Monero 'Fluorine Fermi' (v0.18.4.5-release)
2026-02-08 22:56:52.674	    494874800224	INFO	msgwriter	src/common/scoped_message_writer.h:102	Logging to monero-wallet-rpc.log
2026-02-08 22:56:52.676	    494874800224	WARNING	wallet.rpc	src/wallet/wallet_rpc_server.cpp:4909	Loading wallet...
2026-02-08 22:56:53.408	    494874800224	ERROR	wallet.wallet2	src/wallet/wallet2.cpp:5374	!r. THROW EXCEPTION: error::invalid_password
2026-02-08 22:56:53.410	    494874800224	ERROR	wallet.rpc	src/wallet/wallet_rpc_server.cpp:4971	Wallet initialization failed: invalid password
2026-02-08 22:57:04.543	    507143352416	INFO	logging	contrib/epee/src/mlog.cpp:274	New log categories: *:WARNING,net:FATAL,net.http:FATAL,net.ssl:FATAL,net.p2p:FATAL,net.cn:FATAL,daemon.rpc:FATAL,global:INFO,verify:FATAL,serialization:FATAL,daemon.rpc.payment:ERROR,stacktrace:INFO,logging:INFO,msgwriter:INFO
2026-02-08 22:57:04.543	    507143352416	INFO	msgwriter	src/common/scoped_message_writer.h:102	This is the RPC monero wallet. It needs to connect to a monero
2026-02-08 22:57:04.543	    507143352416	INFO	msgwriter	src/common/scoped_message_writer.h:102	daemon to work correctly.
2026-02-08 22:57:04.543	    507143352416	INFO	msgwriter	src/common/scoped_message_writer.h:102	Monero 'Fluorine Fermi' (v0.18.4.5-release)
2026-02-08 22:57:04.543	    507143352416	INFO	msgwriter	src/common/scoped_message_writer.h:102	Logging to monero-wallet-rpc.log
2026-02-08 22:57:04.546	    507143352416	WARNING	wallet.rpc	src/wallet/wallet_rpc_server.cpp:4909	Loading wallet...
2026-02-08 22:57:05.520	    507143352416	ERROR	wallet.wallet2	src/wallet/wallet2.cpp:5374	!r. THROW EXCEPTION: error::invalid_password
2026-02-08 22:57:05.521	    507143352416	ERROR	wallet.rpc	src/wallet/wallet_rpc_server.cpp:4971	Wallet initialization failed: invalid password
2026-02-08 23:31:00.667	    530992664672	INFO	logging	contrib/epee/src/mlog.cpp:274	New log categories: *:WARNING,net:FATAL,net.http:FATAL,net.ssl:FATAL,net.p2p:FATAL,net.cn:FATAL,daemon.rpc:FATAL,global:INFO,verify:FATAL,serialization:FATAL,daemon.rpc.payment:ERROR,stacktrace:INFO,logging:INFO,msgwriter:INFO
2026-02-08 23:31:00.667	    530992664672	INFO	msgwriter	src/common/scoped_message_writer.h:102	This is the RPC monero wallet. It needs to connect to a monero
2026-02-08 23:31:00.667	    530992664672	INFO	msgwriter	src/common/scoped_message_writer.h:102	daemon to work correctly.
2026-02-08 23:31:00.667	    530992664672	INFO	msgwriter	src/common/scoped_message_writer.h:102	Monero 'Fluorine Fermi' (v0.18.4.5-release)
2026-02-08 23:31:00.667	    530992664672	INFO	msgwriter	src/common/scoped_message_writer.h:102	Logging to monero-wallet-rpc.log
2026-02-08 23:31:00.672	    530992664672	WARNING	wallet.rpc	src/wallet/wallet_rpc_server.cpp:4909	Loading wallet...
2026-02-08 23:31:01.400	    530992664672	ERROR	wallet.wallet2	src/wallet/wallet2.cpp:5374	!r. THROW EXCEPTION: error::invalid_password
2026-02-08 23:31:01.404	    530992664672	ERROR	wallet.rpc	src/wallet/wallet_rpc_server.cpp:4971	Wallet initialization failed: invalid password
2026-02-08 23:31:12.176	    500340314208	INFO	logging	contrib/epee/src/mlog.cpp:274	New log categories: *:WARNING,net:FATAL,net.http:FATAL,net.ssl:FATAL,net.p2p:FATAL,net.cn:FATAL,daemon.rpc:FATAL,global:INFO,verify:FATAL,serialization:FATAL,daemon.rpc.payment:ERROR,stacktrace:INFO,logging:INFO,msgwriter:INFO
2026-02-08 23:31:12.176	    500340314208	INFO	msgwriter	src/common/scoped_message_writer.h:102	This is the RPC monero wallet. It needs to connect to a monero
2026-02-08 23:31:12.176	    500340314208	INFO	msgwriter	src/common/scoped_message_writer.h:102	daemon to work correctly.
2026-02-08 23:31:12.176	    500340314208	INFO	msgwriter	src/common/scoped_message_writer.h:102	Monero 'Fluorine Fermi' (v0.18.4.5-release)
2026-02-08 23:31:12.177	    500340314208	INFO	msgwriter	src/common/scoped_message_writer.h:102	Logging to monero-wallet-rpc.log
2026-02-08 23:31:12.181	    500340314208	WARNING	wallet.rpc	src/wallet/wallet_rpc_server.cpp:4909	Loading wallet...
2026-02-08 23:31:13.442	    500340314208	ERROR	wallet.wallet2	src/wallet/wallet2.cpp:5374	!r. THROW EXCEPTION: error::invalid_password
2026-02-08 23:31:13.445	    500340314208	ERROR	wallet.rpc	src/wallet/wallet_rpc_server.cpp:4971	Wallet initialization failed: invalid password
2026-02-09 04:43:48.471	    489203327072	INFO	logging	contrib/epee/src/mlog.cpp:274	New log categories: *:WARNING,net:FATAL,net.http:FATAL,net.ssl:FATAL,net.p2p:FATAL,net.cn:FATAL,daemon.rpc:FATAL,global:INFO,verify:FATAL,serialization:FATAL,daemon.rpc.payment:ERROR,stacktrace:INFO,logging:INFO,msgwriter:INFO
2026-02-09 04:43:48.471	    489203327072	INFO	msgwriter	src/common/scoped_message_writer.h:102	This is the RPC monero wallet. It needs to connect to a monero
2026-02-09 04:43:48.471	    489203327072	INFO	msgwriter	src/common/scoped_message_writer.h:102	daemon to work correctly.
2026-02-09 04:43:48.471	    489203327072	INFO	msgwriter	src/common/scoped_message_writer.h:102	Monero 'Fluorine Fermi' (v0.18.4.5-release)
2026-02-09 04:43:48.472	    489203327072	INFO	msgwriter	src/common/scoped_message_writer.h:102	Logging to monero-wallet-rpc.log
2026-02-09 04:43:48.479	    489203327072	WARNING	wallet.rpc	src/wallet/wallet_rpc_server.cpp:4909	Loading wallet...
2026-02-09 04:43:52.717	    489203327072	ERROR	wallet.wallet2	src/wallet/wallet2.cpp:5374	!r. THROW EXCEPTION: error::invalid_password
2026-02-09 04:43:52.725	    489203327072	ERROR	wallet.rpc	src/wallet/wallet_rpc_server.cpp:4971	Wallet initialization failed: invalid password
2026-02-09 05:29:52.239	    487676747872	INFO	logging	contrib/epee/src/mlog.cpp:274	New log categories: *:WARNING,net:FATAL,net.http:FATAL,net.ssl:FATAL,net.p2p:FATAL,net.cn:FATAL,daemon.rpc:FATAL,global:INFO,verify:FATAL,serialization:FATAL,daemon.rpc.payment:ERROR,stacktrace:INFO,logging:INFO,msgwriter:INFO
2026-02-09 05:29:52.239	    487676747872	INFO	msgwriter	src/common/scoped_message_writer.h:102	This is the RPC monero wallet. It needs to connect to a monero
2026-02-09 05:29:52.239	    487676747872	INFO	msgwriter	src/common/scoped_message_writer.h:102	daemon to work correctly.
2026-02-09 05:29:52.240	    487676747872	INFO	msgwriter	src/common/scoped_message_writer.h:102	Monero 'Fluorine Fermi' (v0.18.4.5-release)
2026-02-09 05:29:52.240	    487676747872	INFO	msgwriter	src/common/scoped_message_writer.h:102	Logging to monero-wallet-rpc.log
2026-02-09 05:29:52.250	    487676747872	WARNING	wallet.rpc	src/wallet/wallet_rpc_server.cpp:4909	Loading wallet...
2026-02-09 05:30:00.536	    487676747872	ERROR	wallet.wallet2	src/wallet/wallet2.cpp:5374	!r. THROW EXCEPTION: error::invalid_password
2026-02-09 05:30:00.541	    487676747872	ERROR	wallet.rpc	src/wallet/wallet_rpc_server.cpp:4971	Wallet initialization failed: invalid password
2026-02-09 05:37:11.398	    547166322784	INFO	logging	contrib/epee/src/mlog.cpp:274	New log categories: *:WARNING,net:FATAL,net.http:FATAL,net.ssl:FATAL,net.p2p:FATAL,net.cn:FATAL,daemon.rpc:FATAL,global:INFO,verify:FATAL,serialization:FATAL,daemon.rpc.payment:ERROR,stacktrace:INFO,logging:INFO,msgwriter:INFO
2026-02-09 05:37:11.398	    547166322784	INFO	msgwriter	src/common/scoped_message_writer.h:102	This is the RPC monero wallet. It needs to connect to a monero
2026-02-09 05:37:11.398	    547166322784	INFO	msgwriter	src/common/scoped_message_writer.h:102	daemon to work correctly.
2026-02-09 05:37:11.399	    547166322784	INFO	msgwriter	src/common/scoped_message_writer.h:102	Monero 'Fluorine Fermi' (v0.18.4.5-release)
2026-02-09 05:37:11.399	    547166322784	INFO	msgwriter	src/common/scoped_message_writer.h:102	Logging to monero-wallet-rpc.log
2026-02-09 05:37:11.415	    547166322784	WARNING	wallet.rpc	src/wallet/wallet_rpc_server.cpp:4909	Loading wallet...
2026-02-09 05:37:13.686	    547166322784	ERROR	wallet.wallet2	src/wallet/wallet2.cpp:5374	!r. THROW EXCEPTION: error::invalid_password
2026-02-09 05:37:13.693	    547166322784	ERROR	wallet.rpc	src/wallet/wallet_rpc_server.cpp:4971	Wallet initialization failed: invalid password
2026-02-09 05:38:39.227	    485989814368	INFO	logging	contrib/epee/src/mlog.cpp:274	New log categories: *:WARNING,net:FATAL,net.http:FATAL,net.ssl:FATAL,net.p2p:FATAL,net.cn:FATAL,daemon.rpc:FATAL,global:INFO,verify:FATAL,serialization:FATAL,daemon.rpc.payment:ERROR,stacktrace:INFO,logging:INFO,msgwriter:INFO
2026-02-09 05:38:39.227	    485989814368	INFO	msgwriter	src/common/scoped_message_writer.h:102	This is the RPC monero wallet. It needs to connect to a monero
2026-02-09 05:38:39.227	    485989814368	INFO	msgwriter	src/common/scoped_message_writer.h:102	daemon to work correctly.
2026-02-09 05:38:39.227	    485989814368	INFO	msgwriter	src/common/scoped_message_writer.h:102	Monero 'Fluorine Fermi' (v0.18.4.5-release)
2026-02-09 05:38:39.227	    485989814368	INFO	msgwriter	src/common/scoped_message_writer.h:102	Logging to monero-wallet-rpc.log
2026-02-09 05:38:39.230	    485989814368	WARNING	wallet.rpc	src/wallet/wallet_rpc_server.cpp:4909	Loading wallet...
2026-02-09 05:38:39.771	    485989814368	ERROR	wallet.wallet2	src/wallet/wallet2.cpp:5374	!r. THROW EXCEPTION: error::invalid_password
2026-02-09 05:38:39.773	    485989814368	ERROR	wallet.rpc	src/wallet/wallet_rpc_server.cpp:4971	Wallet initialization failed: invalid password
2026-02-09 05:52:08.191	    519124529248	INFO	logging	contrib/epee/src/mlog.cpp:274	New log categories: *:WARNING,net:FATAL,net.http:FATAL,net.ssl:FATAL,net.p2p:FATAL,net.cn:FATAL,daemon.rpc:FATAL,global:INFO,verify:FATAL,serialization:FATAL,daemon.rpc.payment:ERROR,stacktrace:INFO,logging:INFO,msgwriter:INFO
2026-02-09 05:52:08.192	    519124529248	INFO	msgwriter	src/common/scoped_message_writer.h:102	This is the RPC monero wallet. It needs to connect to a monero
2026-02-09 05:52:08.192	    519124529248	INFO	msgwriter	src/common/scoped_message_writer.h:102	daemon to work correctly.
2026-02-09 05:52:08.193	    519124529248	INFO	msgwriter	src/common/scoped_message_writer.h:102	Monero 'Fluorine Fermi' (v0.18.4.5-release)
2026-02-09 05:52:08.194	    519124529248	INFO	msgwriter	src/common/scoped_message_writer.h:102	Logging to monero-wallet-rpc.log
2026-02-09 05:52:08.212	    519124529248	WARNING	wallet.rpc	src/wallet/wallet_rpc_server.cpp:4909	Loading wallet...
2026-02-09 05:52:11.754	    519124529248	ERROR	wallet.wallet2	src/wallet/wallet2.cpp:5374	!r. THROW EXCEPTION: error::invalid_password
2026-02-09 05:52:11.771	    519124529248	ERROR	wallet.rpc	src/wallet/wallet_rpc_server.cpp:4971	Wallet initialization failed: invalid password
2026-02-09 16:49:16.111	    534472654944	INFO	logging	contrib/epee/src/mlog.cpp:274	New log categories: *:WARNING,net:FATAL,net.http:FATAL,net.ssl:FATAL,net.p2p:FATAL,net.cn:FATAL,daemon.rpc:FATAL,global:INFO,verify:FATAL,serialization:FATAL,daemon.rpc.payment:ERROR,stacktrace:INFO,logging:INFO,msgwriter:INFO
2026-02-09 16:49:16.111	    534472654944	INFO	msgwriter	src/common/scoped_message_writer.h:102	This is the RPC monero wallet. It needs to connect to a monero
2026-02-09 16:49:16.111	    534472654944	INFO	msgwriter	src/common/scoped_message_writer.h:102	daemon to work correctly.
2026-02-09 16:49:16.111	    534472654944	INFO	msgwriter	src/common/scoped_message_writer.h:102	Monero 'Fluorine Fermi' (v0.18.4.5-release)
2026-02-09 16:49:16.112	    534472654944	INFO	msgwriter	src/common/scoped_message_writer.h:102	Logging to monero-wallet-rpc.log
2026-02-09 16:49:16.120	    534472654944	WARNING	wallet.rpc	src/wallet/wallet_rpc_server.cpp:4909	Loading wallet...
2026-02-09 16:49:17.046	    534472654944	ERROR	wallet.wallet2	src/wallet/wallet2.cpp:5374	!r. THROW EXCEPTION: error::invalid_password
2026-02-09 16:49:17.050	    534472654944	ERROR	wallet.rpc	src/wallet/wallet_rpc_server.cpp:4971	Wallet initialization failed: invalid password
2026-02-09 16:50:13.987	    495354404960	INFO	logging	contrib/epee/src/mlog.cpp:274	New log categories: *:WARNING,net:FATAL,net.http:FATAL,net.ssl:FATAL,net.p2p:FATAL,net.cn:FATAL,daemon.rpc:FATAL,global:INFO,verify:FATAL,serialization:FATAL,daemon.rpc.payment:ERROR,stacktrace:INFO,logging:INFO,msgwriter:INFO
2026-02-09 16:50:13.987	    495354404960	INFO	msgwriter	src/common/scoped_message_writer.h:102	This is the RPC monero wallet. It needs to connect to a monero
2026-02-09 16:50:13.987	    495354404960	INFO	msgwriter	src/common/scoped_message_writer.h:102	daemon to work correctly.
2026-02-09 16:50:13.987	    495354404960	INFO	msgwriter	src/common/scoped_message_writer.h:102	Monero 'Fluorine Fermi' (v0.18.4.5-release)
2026-02-09 16:50:13.987	    495354404960	INFO	msgwriter	src/common/scoped_message_writer.h:102	Logging to monero-wallet-rpc.log
2026-02-09 16:50:13.990	    495354404960	WARNING	wallet.rpc	src/wallet/wallet_rpc_server.cpp:4909	Loading wallet...
2026-02-09 16:50:15.291	    495354404960	ERROR	wallet.wallet2	src/wallet/wallet2.cpp:5374	!r. THROW EXCEPTION: error::invalid_password
2026-02-09 16:50:15.294	    495354404960	ERROR	wallet.rpc	src/wallet/wallet_rpc_server.cpp:4971	Wallet initialization failed: invalid password
2026-02-09 16:51:16.813	    531771711584	INFO	logging	contrib/epee/src/mlog.cpp:274	New log categories: *:WARNING,net:FATAL,net.http:FATAL,net.ssl:FATAL,net.p2p:FATAL,net.cn:FATAL,daemon.rpc:FATAL,global:INFO,verify:FATAL,serialization:FATAL,daemon.rpc.payment:ERROR,stacktrace:INFO,logging:INFO,msgwriter:INFO
2026-02-09 16:51:16.813	    531771711584	INFO	msgwriter	src/common/scoped_message_writer.h:102	This is the RPC monero wallet. It needs to connect to a monero
2026-02-09 16:51:16.813	    531771711584	INFO	msgwriter	src/common/scoped_message_writer.h:102	daemon to work correctly.
2026-02-09 16:51:16.813	    531771711584	INFO	msgwriter	src/common/scoped_message_writer.h:102	Monero 'Fluorine Fermi' (v0.18.4.5-release)
2026-02-09 16:51:16.813	    531771711584	INFO	msgwriter	src/common/scoped_message_writer.h:102	Logging to monero-wallet-rpc.log
2026-02-09 16:51:16.817	    531771711584	WARNING	wallet.rpc	src/wallet/wallet_rpc_server.cpp:4909	Loading wallet...
2026-02-09 16:51:18.569	    531771711584	ERROR	wallet.wallet2	src/wallet/wallet2.cpp:5374	!r. THROW EXCEPTION: error::invalid_password
2026-02-09 16:51:18.573	    531771711584	ERROR	wallet.rpc	src/wallet/wallet_rpc_server.cpp:4971	Wallet initialization failed: invalid password
2026-02-09 16:52:57.352	    508590231648	INFO	logging	contrib/epee/src/mlog.cpp:274	New log categories: *:WARNING,net:FATAL,net.http:FATAL,net.ssl:FATAL,net.p2p:FATAL,net.cn:FATAL,daemon.rpc:FATAL,global:INFO,verify:FATAL,serialization:FATAL,daemon.rpc.payment:ERROR,stacktrace:INFO,logging:INFO,msgwriter:INFO
2026-02-09 16:52:57.353	    508590231648	INFO	msgwriter	src/common/scoped_message_writer.h:102	This is the RPC monero wallet. It needs to connect to a monero
2026-02-09 16:52:57.353	    508590231648	INFO	msgwriter	src/common/scoped_message_writer.h:102	daemon to work correctly.
2026-02-09 16:52:57.353	    508590231648	INFO	msgwriter	src/common/scoped_message_writer.h:102	Monero 'Fluorine Fermi' (v0.18.4.5-release)
2026-02-09 16:52:57.353	    508590231648	INFO	msgwriter	src/common/scoped_message_writer.h:102	Logging to monero-wallet-rpc.log
2026-02-09 16:52:57.355	    508590231648	WARNING	wallet.rpc	src/wallet/wallet_rpc_server.cpp:4909	Loading wallet...
2026-02-09 16:52:58.323	    508590231648	ERROR	wallet.wallet2	src/wallet/wallet2.cpp:5374	!r. THROW EXCEPTION: error::invalid_password
2026-02-09 16:52:58.326	    508590231648	ERROR	wallet.rpc	src/wallet/wallet_rpc_server.cpp:4971	Wallet initialization failed: invalid password
2026-02-09 18:37:23.073	    493350068320	INFO	logging	contrib/epee/src/mlog.cpp:274	New log categories: *:WARNING,net:FATAL,net.http:FATAL,net.ssl:FATAL,net.p2p:FATAL,net.cn:FATAL,daemon.rpc:FATAL,global:INFO,verify:FATAL,serialization:FATAL,daemon.rpc.payment:ERROR,stacktrace:INFO,logging:INFO,msgwriter:INFO
2026-02-09 18:37:23.074	    493350068320	INFO	msgwriter	src/common/scoped_message_writer.h:102	This is the RPC monero wallet. It needs to connect to a monero
2026-02-09 18:37:23.074	    493350068320	INFO	msgwriter	src/common/scoped_message_writer.h:102	daemon to work correctly.
2026-02-09 18:37:23.074	    493350068320	INFO	msgwriter	src/common/scoped_message_writer.h:102	Monero 'Fluorine Fermi' (v0.18.4.5-release)
2026-02-09 18:37:23.075	    493350068320	INFO	msgwriter	src/common/scoped_message_writer.h:102	Logging to monero-wallet-rpc.log
2026-02-09 18:37:23.076	    493350068320	WARNING	wallet.rpc	src/wallet/wallet_rpc_server.cpp:4909	Loading wallet...
2026-02-09 18:37:23.989	    493350068320	ERROR	wallet.wallet2	src/wallet/wallet2.cpp:5374	!r. THROW EXCEPTION: error::invalid_password
2026-02-09 18:37:23.992	    493350068320	ERROR	wallet.rpc	src/wallet/wallet_rpc_server.cpp:4971	Wallet initialization failed: invalid password
2026-02-09 20:26:22.950	    519509426272	INFO	logging	contrib/epee/src/mlog.cpp:274	New log categories: *:WARNING,net:FATAL,net.http:FATAL,net.ssl:FATAL,net.p2p:FATAL,net.cn:FATAL,daemon.rpc:FATAL,global:INFO,verify:FATAL,serialization:FATAL,daemon.rpc.payment:ERROR,stacktrace:INFO,logging:INFO,msgwriter:INFO
2026-02-09 20:26:22.951	    519509426272	INFO	msgwriter	src/common/scoped_message_writer.h:102	This is the RPC monero wallet. It needs to connect to a monero
2026-02-09 20:26:22.951	    519509426272	INFO	msgwriter	src/common/scoped_message_writer.h:102	daemon to work correctly.
2026-02-09 20:26:22.951	    519509426272	INFO	msgwriter	src/common/scoped_message_writer.h:102	Monero 'Fluorine Fermi' (v0.18.4.5-release)
2026-02-09 20:26:22.951	    519509426272	INFO	msgwriter	src/common/scoped_message_writer.h:102	Logging to monero-wallet-rpc.log
2026-02-09 20:26:22.955	    519509426272	WARNING	wallet.rpc	src/wallet/wallet_rpc_server.cpp:4909	Loading wallet...
2026-02-09 20:26:23.272	    519509426272	ERROR	wallet.wallet2	src/wallet/wallet2.cpp:5374	!r. THROW EXCEPTION: error::invalid_password
2026-02-09 20:26:23.274	    519509426272	ERROR	wallet.rpc	src/wallet/wallet_rpc_server.cpp:4971	Wallet initialization failed: invalid password
2026-02-09 20:27:25.507	    537648513120	INFO	logging	contrib/epee/src/mlog.cpp:274	New log categories: *:WARNING,net:FATAL,net.http:FATAL,net.ssl:FATAL,net.p2p:FATAL,net.cn:FATAL,daemon.rpc:FATAL,global:INFO,verify:FATAL,serialization:FATAL,daemon.rpc.payment:ERROR,stacktrace:INFO,logging:INFO,msgwriter:INFO
2026-02-09 20:27:25.508	    537648513120	INFO	msgwriter	src/common/scoped_message_writer.h:102	This is the RPC monero wallet. It needs to connect to a monero
2026-02-09 20:27:25.508	    537648513120	INFO	msgwriter	src/common/scoped_message_writer.h:102	daemon to work correctly.
2026-02-09 20:27:25.508	    537648513120	INFO	msgwriter	src/common/scoped_message_writer.h:102	Monero 'Fluorine Fermi' (v0.18.4.5-release)
2026-02-09 20:27:25.508	    537648513120	INFO	msgwriter	src/common/scoped_message_writer.h:102	Logging to monero-wallet-rpc.log
2026-02-09 20:27:25.511	    537648513120	WARNING	wallet.rpc	src/wallet/wallet_rpc_server.cpp:4909	Loading wallet...
2026-02-09 20:27:28.443	    537648513120	ERROR	wallet.wallet2	src/wallet/wallet2.cpp:5374	!r. THROW EXCEPTION: error::invalid_password
2026-02-09 20:27:28.446	    537648513120	ERROR	wallet.rpc	src/wallet/wallet_rpc_server.cpp:4971	Wallet initialization failed: invalid password
2026-02-09 20:28:28.330	    537340235872	INFO	logging	contrib/epee/src/mlog.cpp:274	New log categories: *:WARNING,net:FATAL,net.http:FATAL,net.ssl:FATAL,net.p2p:FATAL,net.cn:FATAL,daemon.rpc:FATAL,global:INFO,verify:FATAL,serialization:FATAL,daemon.rpc.payment:ERROR,stacktrace:INFO,logging:INFO,msgwriter:INFO
2026-02-09 20:28:28.331	    537340235872	INFO	msgwriter	src/common/scoped_message_writer.h:102	This is the RPC monero wallet. It needs to connect to a monero
2026-02-09 20:28:28.331	    537340235872	INFO	msgwriter	src/common/scoped_message_writer.h:102	daemon to work correctly.
2026-02-09 20:28:28.331	    537340235872	INFO	msgwriter	src/common/scoped_message_writer.h:102	Monero 'Fluorine Fermi' (v0.18.4.5-release)
2026-02-09 20:28:28.332	    537340235872	INFO	msgwriter	src/common/scoped_message_writer.h:102	Logging to monero-wallet-rpc.log
2026-02-09 20:28:28.337	    537340235872	WARNING	wallet.rpc	src/wallet/wallet_rpc_server.cpp:4909	Loading wallet...
2026-02-09 20:28:29.875	    537340235872	ERROR	wallet.wallet2	src/wallet/wallet2.cpp:5374	!r. THROW EXCEPTION: error::invalid_password
2026-02-09 20:28:29.877	    537340235872	ERROR	wallet.rpc	src/wallet/wallet_rpc_server.cpp:4971	Wallet initialization failed: invalid password
2026-02-09 20:33:39.970	    523387142240	INFO	logging	contrib/epee/src/mlog.cpp:274	New log categories: *:WARNING,net:FATAL,net.http:FATAL,net.ssl:FATAL,net.p2p:FATAL,net.cn:FATAL,daemon.rpc:FATAL,global:INFO,verify:FATAL,serialization:FATAL,daemon.rpc.payment:ERROR,stacktrace:INFO,logging:INFO,msgwriter:INFO
2026-02-09 20:33:39.971	    523387142240	INFO	msgwriter	src/common/scoped_message_writer.h:102	This is the RPC monero wallet. It needs to connect to a monero
2026-02-09 20:33:39.971	    523387142240	INFO	msgwriter	src/common/scoped_message_writer.h:102	daemon to work correctly.
2026-02-09 20:33:39.971	    523387142240	INFO	msgwriter	src/common/scoped_message_writer.h:102	Monero 'Fluorine Fermi' (v0.18.4.5-release)
2026-02-09 20:33:39.971	    523387142240	INFO	msgwriter	src/common/scoped_message_writer.h:102	Logging to monero-wallet-rpc.log
2026-02-09 20:33:39.974	    523387142240	WARNING	wallet.rpc	src/wallet/wallet_rpc_server.cpp:4909	Loading wallet...
2026-02-09 20:33:40.834	    523387142240	ERROR	wallet.wallet2	src/wallet/wallet2.cpp:5374	!r. THROW EXCEPTION: error::invalid_password
2026-02-09 20:33:40.841	    523387142240	ERROR	wallet.rpc	src/wallet/wallet_rpc_server.cpp:4971	Wallet initialization failed: invalid password
2026-02-09 20:34:00.669	    484823429216	INFO	logging	contrib/epee/src/mlog.cpp:274	New log categories: *:WARNING,net:FATAL,net.http:FATAL,net.ssl:FATAL,net.p2p:FATAL,net.cn:FATAL,daemon.rpc:FATAL,global:INFO,verify:FATAL,serialization:FATAL,daemon.rpc.payment:ERROR,stacktrace:INFO,logging:INFO,msgwriter:INFO
2026-02-09 20:34:00.669	    484823429216	INFO	msgwriter	src/common/scoped_message_writer.h:102	This is the RPC monero wallet. It needs to connect to a monero
2026-02-09 20:34:00.669	    484823429216	INFO	msgwriter	src/common/scoped_message_writer.h:102	daemon to work correctly.
2026-02-09 20:34:00.669	    484823429216	INFO	msgwriter	src/common/scoped_message_writer.h:102	Monero 'Fluorine Fermi' (v0.18.4.5-release)
2026-02-09 20:34:00.669	    484823429216	INFO	msgwriter	src/common/scoped_message_writer.h:102	Logging to monero-wallet-rpc.log
2026-02-09 20:34:00.672	    484823429216	WARNING	wallet.rpc	src/wallet/wallet_rpc_server.cpp:4909	Loading wallet...
2026-02-09 20:34:01.275	    484823429216	ERROR	wallet.wallet2	src/wallet/wallet2.cpp:5374	!r. THROW EXCEPTION: error::invalid_password
2026-02-09 20:34:01.277	    484823429216	ERROR	wallet.rpc	src/wallet/wallet_rpc_server.cpp:4971	Wallet initialization failed: invalid password
2026-02-09 20:34:27.552	    518976462944	INFO	logging	contrib/epee/src/mlog.cpp:274	New log categories: *:WARNING,net:FATAL,net.http:FATAL,net.ssl:FATAL,net.p2p:FATAL,net.cn:FATAL,daemon.rpc:FATAL,global:INFO,verify:FATAL,serialization:FATAL,daemon.rpc.payment:ERROR,stacktrace:INFO,logging:INFO,msgwriter:INFO
2026-02-09 20:34:27.553	    518976462944	INFO	msgwriter	src/common/scoped_message_writer.h:102	This is the RPC monero wallet. It needs to connect to a monero
2026-02-09 20:34:27.553	    518976462944	INFO	msgwriter	src/common/scoped_message_writer.h:102	daemon to work correctly.
2026-02-09 20:34:27.553	    518976462944	INFO	msgwriter	src/common/scoped_message_writer.h:102	Monero 'Fluorine Fermi' (v0.18.4.5-release)
2026-02-09 20:34:27.553	    518976462944	INFO	msgwriter	src/common/scoped_message_writer.h:102	Logging to monero-wallet-rpc.log
2026-02-09 20:34:27.556	    518976462944	WARNING	wallet.rpc	src/wallet/wallet_rpc_server.cpp:4909	Loading wallet...
2026-02-09 20:34:29.004	    518976462944	ERROR	wallet.wallet2	src/wallet/wallet2.cpp:5374	!r. THROW EXCEPTION: error::invalid_password
2026-02-09 20:34:29.006	    518976462944	ERROR	wallet.rpc	src/wallet/wallet_rpc_server.cpp:4971	Wallet initialization failed: invalid password
2026-02-09 22:19:16.394	    500962029664	INFO	logging	contrib/epee/src/mlog.cpp:274	New log categories: *:WARNING,net:FATAL,net.http:FATAL,net.ssl:FATAL,net.p2p:FATAL,net.cn:FATAL,daemon.rpc:FATAL,global:INFO,verify:FATAL,serialization:FATAL,daemon.rpc.payment:ERROR,stacktrace:INFO,logging:INFO,msgwriter:INFO
2026-02-09 22:19:16.395	    500962029664	INFO	msgwriter	src/common/scoped_message_writer.h:102	This is the RPC monero wallet. It needs to connect to a monero
2026-02-09 22:19:16.395	    500962029664	INFO	msgwriter	src/common/scoped_message_writer.h:102	daemon to work correctly.
2026-02-09 22:19:16.395	    500962029664	INFO	msgwriter	src/common/scoped_message_writer.h:102	Monero 'Fluorine Fermi' (v0.18.4.5-release)
2026-02-09 22:19:16.395	    500962029664	INFO	msgwriter	src/common/scoped_message_writer.h:102	Logging to monero-wallet-rpc.log
2026-02-09 22:19:16.399	    500962029664	WARNING	wallet.rpc	src/wallet/wallet_rpc_server.cpp:4909	Loading wallet...
2026-02-09 22:19:17.808	    500962029664	ERROR	wallet.wallet2	src/wallet/wallet2.cpp:5374	!r. THROW EXCEPTION: error::invalid_password
2026-02-09 22:19:17.811	    500962029664	ERROR	wallet.rpc	src/wallet/wallet_rpc_server.cpp:4971	Wallet initialization failed: invalid password
2026-02-09 22:19:37.723	    539852578912	INFO	logging	contrib/epee/src/mlog.cpp:274	New log categories: *:WARNING,net:FATAL,net.http:FATAL,net.ssl:FATAL,net.p2p:FATAL,net.cn:FATAL,daemon.rpc:FATAL,global:INFO,verify:FATAL,serialization:FATAL,daemon.rpc.payment:ERROR,stacktrace:INFO,logging:INFO,msgwriter:INFO
2026-02-09 22:19:37.723	    539852578912	INFO	msgwriter	src/common/scoped_message_writer.h:102	This is the RPC monero wallet. It needs to connect to a monero
2026-02-09 22:19:37.723	    539852578912	INFO	msgwriter	src/common/scoped_message_writer.h:102	daemon to work correctly.
2026-02-09 22:19:37.723	    539852578912	INFO	msgwriter	src/common/scoped_message_writer.h:102	Monero 'Fluorine Fermi' (v0.18.4.5-release)
2026-02-09 22:19:37.723	    539852578912	INFO	msgwriter	src/common/scoped_message_writer.h:102	Logging to monero-wallet-rpc.log
2026-02-09 22:19:37.741	    539852578912	WARNING	wallet.rpc	src/wallet/wallet_rpc_server.cpp:4909	Loading wallet...
2026-02-09 22:19:40.706	    539852578912	ERROR	wallet.wallet2	src/wallet/wallet2.cpp:5374	!r. THROW EXCEPTION: error::invalid_password
2026-02-09 22:19:40.711	    539852578912	ERROR	wallet.rpc	src/wallet/wallet_rpc_server.cpp:4971	Wallet initialization failed: invalid password
2026-02-09 22:25:58.477	    520854134880	INFO	logging	contrib/epee/src/mlog.cpp:274	New log categories: *:WARNING,net:FATAL,net.http:FATAL,net.ssl:FATAL,net.p2p:FATAL,net.cn:FATAL,daemon.rpc:FATAL,global:INFO,verify:FATAL,serialization:FATAL,daemon.rpc.payment:ERROR,stacktrace:INFO,logging:INFO,msgwriter:INFO
2026-02-09 22:25:58.477	    520854134880	INFO	msgwriter	src/common/scoped_message_writer.h:102	This is the RPC monero wallet. It needs to connect to a monero
2026-02-09 22:25:58.478	    520854134880	INFO	msgwriter	src/common/scoped_message_writer.h:102	daemon to work correctly.
2026-02-09 22:25:58.478	    520854134880	INFO	msgwriter	src/common/scoped_message_writer.h:102	Monero 'Fluorine Fermi' (v0.18.4.5-release)
2026-02-09 22:25:58.478	    520854134880	INFO	msgwriter	src/common/scoped_message_writer.h:102	Logging to monero-wallet-rpc.log
2026-02-09 22:25:58.486	    520854134880	WARNING	wallet.rpc	src/wallet/wallet_rpc_server.cpp:4909	Loading wallet...
2026-02-09 22:25:59.896	    520854134880	ERROR	wallet.wallet2	src/wallet/wallet2.cpp:5374	!r. THROW EXCEPTION: error::invalid_password
2026-02-09 22:25:59.899	    520854134880	ERROR	wallet.rpc	src/wallet/wallet_rpc_server.cpp:4971	Wallet initialization failed: invalid password
2026-02-09 22:26:06.171	    513589096544	INFO	logging	contrib/epee/src/mlog.cpp:274	New log categories: *:WARNING,net:FATAL,net.http:FATAL,net.ssl:FATAL,net.p2p:FATAL,net.cn:FATAL,daemon.rpc:FATAL,global:INFO,verify:FATAL,serialization:FATAL,daemon.rpc.payment:ERROR,stacktrace:INFO,logging:INFO,msgwriter:INFO
2026-02-09 22:26:06.171	    513589096544	INFO	msgwriter	src/common/scoped_message_writer.h:102	This is the RPC monero wallet. It needs to connect to a monero
2026-02-09 22:26:06.171	    513589096544	INFO	msgwriter	src/common/scoped_message_writer.h:102	daemon to work correctly.
2026-02-09 22:26:06.171	    513589096544	INFO	msgwriter	src/common/scoped_message_writer.h:102	Monero 'Fluorine Fermi' (v0.18.4.5-release)
2026-02-09 22:26:06.171	    513589096544	INFO	msgwriter	src/common/scoped_message_writer.h:102	Logging to monero-wallet-rpc.log
2026-02-09 22:26:06.178	    513589096544	WARNING	wallet.rpc	src/wallet/wallet_rpc_server.cpp:4909	Loading wallet...
2026-02-09 22:26:08.362	    513589096544	ERROR	wallet.wallet2	src/wallet/wallet2.cpp:5374	!r. THROW EXCEPTION: error::invalid_password
2026-02-09 22:26:08.365	    513589096544	ERROR	wallet.rpc	src/wallet/wallet_rpc_server.cpp:4971	Wallet initialization failed: invalid password
2026-02-09 22:28:14.767	    522088562784	INFO	logging	contrib/epee/src/mlog.cpp:274	New log categories: *:WARNING,net:FATAL,net.http:FATAL,net.ssl:FATAL,net.p2p:FATAL,net.cn:FATAL,daemon.rpc:FATAL,global:INFO,verify:FATAL,serialization:FATAL,daemon.rpc.payment:ERROR,stacktrace:INFO,logging:INFO,msgwriter:INFO
2026-02-09 22:28:14.768	    522088562784	INFO	msgwriter	src/common/scoped_message_writer.h:102	This is the RPC monero wallet. It needs to connect to a monero
2026-02-09 22:28:14.768	    522088562784	INFO	msgwriter	src/common/scoped_message_writer.h:102	daemon to work correctly.
2026-02-09 22:28:14.768	    522088562784	INFO	msgwriter	src/common/scoped_message_writer.h:102	Monero 'Fluorine Fermi' (v0.18.4.5-release)
2026-02-09 22:28:14.768	    522088562784	INFO	msgwriter	src/common/scoped_message_writer.h:102	Logging to monero-wallet-rpc.log
2026-02-09 22:28:14.771	    522088562784	WARNING	wallet.rpc	src/wallet/wallet_rpc_server.cpp:4909	Loading wallet...
2026-02-09 22:28:15.728	    522088562784	ERROR	wallet.wallet2	src/wallet/wallet2.cpp:5374	!r. THROW EXCEPTION: error::invalid_password
2026-02-09 22:28:15.730	    522088562784	ERROR	wallet.rpc	src/wallet/wallet_rpc_server.cpp:4971	Wallet initialization failed: invalid password
2026-02-09 22:28:55.374	    494486691936	INFO	logging	contrib/epee/src/mlog.cpp:274	New log categories: *:WARNING,net:FATAL,net.http:FATAL,net.ssl:FATAL,net.p2p:FATAL,net.cn:FATAL,daemon.rpc:FATAL,global:INFO,verify:FATAL,serialization:FATAL,daemon.rpc.payment:ERROR,stacktrace:INFO,logging:INFO,msgwriter:INFO
2026-02-09 22:28:55.374	    494486691936	INFO	msgwriter	src/common/scoped_message_writer.h:102	This is the RPC monero wallet. It needs to connect to a monero
2026-02-09 22:28:55.374	    494486691936	INFO	msgwriter	src/common/scoped_message_writer.h:102	daemon to work correctly.
2026-02-09 22:28:55.374	    494486691936	INFO	msgwriter	src/common/scoped_message_writer.h:102	Monero 'Fluorine Fermi' (v0.18.4.5-release)
2026-02-09 22:28:55.374	    494486691936	INFO	msgwriter	src/common/scoped_message_writer.h:102	Logging to monero-wallet-rpc.log
2026-02-09 22:28:55.377	    494486691936	WARNING	wallet.rpc	src/wallet/wallet_rpc_server.cpp:4909	Loading wallet...
2026-02-09 22:28:56.633	    494486691936	ERROR	wallet.wallet2	src/wallet/wallet2.cpp:5374	!r. THROW EXCEPTION: error::invalid_password
2026-02-09 22:28:56.636	    494486691936	ERROR	wallet.rpc	src/wallet/wallet_rpc_server.cpp:4971	Wallet initialization failed: invalid password
2026-02-09 22:29:21.818	    543020773472	INFO	logging	contrib/epee/src/mlog.cpp:274	New log categories: *:WARNING,net:FATAL,net.http:FATAL,net.ssl:FATAL,net.p2p:FATAL,net.cn:FATAL,daemon.rpc:FATAL,global:INFO,verify:FATAL,serialization:FATAL,daemon.rpc.payment:ERROR,stacktrace:INFO,logging:INFO,msgwriter:INFO
2026-02-09 22:29:21.818	    543020773472	INFO	msgwriter	src/common/scoped_message_writer.h:102	This is the RPC monero wallet. It needs to connect to a monero
2026-02-09 22:29:21.818	    543020773472	INFO	msgwriter	src/common/scoped_message_writer.h:102	daemon to work correctly.
2026-02-09 22:29:21.818	    543020773472	INFO	msgwriter	src/common/scoped_message_writer.h:102	Monero 'Fluorine Fermi' (v0.18.4.5-release)
2026-02-09 22:29:21.819	    543020773472	INFO	msgwriter	src/common/scoped_message_writer.h:102	Logging to monero-wallet-rpc.log
2026-02-09 22:29:21.823	    543020773472	WARNING	wallet.rpc	src/wallet/wallet_rpc_server.cpp:4909	Loading wallet...
2026-02-09 22:29:23.295	    543020773472	ERROR	wallet.wallet2	src/wallet/wallet2.cpp:5374	!r. THROW EXCEPTION: error::invalid_password
2026-02-09 22:29:23.298	    543020773472	ERROR	wallet.rpc	src/wallet/wallet_rpc_server.cpp:4971	Wallet initialization failed: invalid password
2026-02-09 22:32:15.377	    506950590560	INFO	logging	contrib/epee/src/mlog.cpp:274	New log categories: *:WARNING,net:FATAL,net.http:FATAL,net.ssl:FATAL,net.p2p:FATAL,net.cn:FATAL,daemon.rpc:FATAL,global:INFO,verify:FATAL,serialization:FATAL,daemon.rpc.payment:ERROR,stacktrace:INFO,logging:INFO,msgwriter:INFO
2026-02-09 22:32:15.378	    506950590560	INFO	msgwriter	src/common/scoped_message_writer.h:102	This is the RPC monero wallet. It needs to connect to a monero
2026-02-09 22:32:15.378	    506950590560	INFO	msgwriter	src/common/scoped_message_writer.h:102	daemon to work correctly.
2026-02-09 22:32:15.378	    506950590560	INFO	msgwriter	src/common/scoped_message_writer.h:102	Monero 'Fluorine Fermi' (v0.18.4.5-release)
2026-02-09 22:32:15.378	    506950590560	INFO	msgwriter	src/common/scoped_message_writer.h:102	Logging to monero-wallet-rpc.log
2026-02-09 22:32:15.381	    506950590560	WARNING	wallet.rpc	src/wallet/wallet_rpc_server.cpp:4909	Loading wallet...
2026-02-09 22:32:16.027	    506950590560	ERROR	wallet.wallet2	src/wallet/wallet2.cpp:5374	!r. THROW EXCEPTION: error::invalid_password
2026-02-09 22:32:16.030	    506950590560	ERROR	wallet.rpc	src/wallet/wallet_rpc_server.cpp:4971	Wallet initialization failed: invalid password
2026-02-09 22:39:15.936	    527618179168	INFO	logging	contrib/epee/src/mlog.cpp:274	New log categories: *:WARNING,net:FATAL,net.http:FATAL,net.ssl:FATAL,net.p2p:FATAL,net.cn:FATAL,daemon.rpc:FATAL,global:INFO,verify:FATAL,serialization:FATAL,daemon.rpc.payment:ERROR,stacktrace:INFO,logging:INFO,msgwriter:INFO
2026-02-09 22:39:15.936	    527618179168	INFO	msgwriter	src/common/scoped_message_writer.h:102	This is the RPC monero wallet. It needs to connect to a monero
2026-02-09 22:39:15.936	    527618179168	INFO	msgwriter	src/common/scoped_message_writer.h:102	daemon to work correctly.
2026-02-09 22:39:15.936	    527618179168	INFO	msgwriter	src/common/scoped_message_writer.h:102	Monero 'Fluorine Fermi' (v0.18.4.5-release)
2026-02-09 22:39:15.937	    527618179168	INFO	msgwriter	src/common/scoped_message_writer.h:102	Logging to monero-wallet-rpc.log
2026-02-09 22:39:15.941	    527618179168	WARNING	wallet.rpc	src/wallet/wallet_rpc_server.cpp:4909	Loading wallet...
2026-02-09 22:39:16.827	    527618179168	ERROR	wallet.wallet2	src/wallet/wallet2.cpp:5374	!r. THROW EXCEPTION: error::invalid_password
2026-02-09 22:39:16.830	    527618179168	ERROR	wallet.rpc	src/wallet/wallet_rpc_server.cpp:4971	Wallet initialization failed: invalid password
2026-02-09 22:40:29.358	    547182841952	INFO	logging	contrib/epee/src/mlog.cpp:274	New log categories: *:WARNING,net:FATAL,net.http:FATAL,net.ssl:FATAL,net.p2p:FATAL,net.cn:FATAL,daemon.rpc:FATAL,global:INFO,verify:FATAL,serialization:FATAL,daemon.rpc.payment:ERROR,stacktrace:INFO,logging:INFO,msgwriter:INFO
2026-02-09 22:40:29.358	    547182841952	INFO	msgwriter	src/common/scoped_message_writer.h:102	This is the RPC monero wallet. It needs to connect to a monero
2026-02-09 22:40:29.358	    547182841952	INFO	msgwriter	src/common/scoped_message_writer.h:102	daemon to work correctly.
2026-02-09 22:40:29.358	    547182841952	INFO	msgwriter	src/common/scoped_message_writer.h:102	Monero 'Fluorine Fermi' (v0.18.4.5-release)
2026-02-09 22:40:29.358	    547182841952	INFO	msgwriter	src/common/scoped_message_writer.h:102	Logging to monero-wallet-rpc.log
2026-02-09 22:40:29.361	    547182841952	WARNING	wallet.rpc	src/wallet/wallet_rpc_server.cpp:4909	Loading wallet...
2026-02-09 22:40:30.160	    547182841952	ERROR	wallet.wallet2	src/wallet/wallet2.cpp:5374	!r. THROW EXCEPTION: error::invalid_password
2026-02-09 22:40:30.163	    547182841952	ERROR	wallet.rpc	src/wallet/wallet_rpc_server.cpp:4971	Wallet initialization failed: invalid password
2026-02-09 22:42:37.690	    502827618400	INFO	logging	contrib/epee/src/mlog.cpp:274	New log categories: *:WARNING,net:FATAL,net.http:FATAL,net.ssl:FATAL,net.p2p:FATAL,net.cn:FATAL,daemon.rpc:FATAL,global:INFO,verify:FATAL,serialization:FATAL,daemon.rpc.payment:ERROR,stacktrace:INFO,logging:INFO,msgwriter:INFO
2026-02-09 22:42:37.690	    502827618400	INFO	msgwriter	src/common/scoped_message_writer.h:102	This is the RPC monero wallet. It needs to connect to a monero
2026-02-09 22:42:37.690	    502827618400	INFO	msgwriter	src/common/scoped_message_writer.h:102	daemon to work correctly.
2026-02-09 22:42:37.690	    502827618400	INFO	msgwriter	src/common/scoped_message_writer.h:102	Monero 'Fluorine Fermi' (v0.18.4.5-release)
2026-02-09 22:42:37.690	    502827618400	INFO	msgwriter	src/common/scoped_message_writer.h:102	Logging to monero-wallet-rpc.log
2026-02-09 22:42:37.692	    502827618400	WARNING	wallet.rpc	src/wallet/wallet_rpc_server.cpp:4909	Loading wallet...
2026-02-09 22:42:38.145	    502827618400	ERROR	wallet.wallet2	src/wallet/wallet2.cpp:5374	!r. THROW EXCEPTION: error::invalid_password
2026-02-09 22:42:38.147	    502827618400	ERROR	wallet.rpc	src/wallet/wallet_rpc_server.cpp:4971	Wallet initialization failed: invalid password
2026-02-09 22:42:54.458	    489126559840	INFO	logging	contrib/epee/src/mlog.cpp:274	New log categories: *:WARNING,net:FATAL,net.http:FATAL,net.ssl:FATAL,net.p2p:FATAL,net.cn:FATAL,daemon.rpc:FATAL,global:INFO,verify:FATAL,serialization:FATAL,daemon.rpc.payment:ERROR,stacktrace:INFO,logging:INFO,msgwriter:INFO
2026-02-09 22:42:54.458	    489126559840	INFO	msgwriter	src/common/scoped_message_writer.h:102	This is the RPC monero wallet. It needs to connect to a monero
2026-02-09 22:42:54.458	    489126559840	INFO	msgwriter	src/common/scoped_message_writer.h:102	daemon to work correctly.
2026-02-09 22:42:54.458	    489126559840	INFO	msgwriter	src/common/scoped_message_writer.h:102	Monero 'Fluorine Fermi' (v0.18.4.5-release)
2026-02-09 22:42:54.458	    489126559840	INFO	msgwriter	src/common/scoped_message_writer.h:102	Logging to monero-wallet-rpc.log
2026-02-09 22:42:54.461	    489126559840	WARNING	wallet.rpc	src/wallet/wallet_rpc_server.cpp:4909	Loading wallet...
2026-02-09 22:42:55.960	    489126559840	ERROR	wallet.wallet2	src/wallet/wallet2.cpp:5374	!r. THROW EXCEPTION: error::invalid_password
2026-02-09 22:42:55.962	    489126559840	ERROR	wallet.rpc	src/wallet/wallet_rpc_server.cpp:4971	Wallet initialization failed: invalid password
2026-02-09 22:43:37.068	    483288658016	INFO	logging	contrib/epee/src/mlog.cpp:274	New log categories: *:WARNING,net:FATAL,net.http:FATAL,net.ssl:FATAL,net.p2p:FATAL,net.cn:FATAL,daemon.rpc:FATAL,global:INFO,verify:FATAL,serialization:FATAL,daemon.rpc.payment:ERROR,stacktrace:INFO,logging:INFO,msgwriter:INFO
2026-02-09 22:43:37.068	    483288658016	INFO	msgwriter	src/common/scoped_message_writer.h:102	This is the RPC monero wallet. It needs to connect to a monero
2026-02-09 22:43:37.068	    483288658016	INFO	msgwriter	src/common/scoped_message_writer.h:102	daemon to work correctly.
2026-02-09 22:43:37.068	    483288658016	INFO	msgwriter	src/common/scoped_message_writer.h:102	Monero 'Fluorine Fermi' (v0.18.4.5-release)
2026-02-09 22:43:37.068	    483288658016	INFO	msgwriter	src/common/scoped_message_writer.h:102	Logging to monero-wallet-rpc.log
2026-02-09 22:43:37.070	    483288658016	WARNING	wallet.rpc	src/wallet/wallet_rpc_server.cpp:4909	Loading wallet...
2026-02-09 22:43:38.412	    483288658016	ERROR	wallet.wallet2	src/wallet/wallet2.cpp:5374	!r. THROW EXCEPTION: error::invalid_password
2026-02-09 22:43:38.414	    483288658016	ERROR	wallet.rpc	src/wallet/wallet_rpc_server.cpp:4971	Wallet initialization failed: invalid password
2026-02-09 22:43:47.974	    523136983136	INFO	logging	contrib/epee/src/mlog.cpp:274	New log categories: *:WARNING,net:FATAL,net.http:FATAL,net.ssl:FATAL,net.p2p:FATAL,net.cn:FATAL,daemon.rpc:FATAL,global:INFO,verify:FATAL,serialization:FATAL,daemon.rpc.payment:ERROR,stacktrace:INFO,logging:INFO,msgwriter:INFO
2026-02-09 22:43:47.974	    523136983136	INFO	msgwriter	src/common/scoped_message_writer.h:102	This is the RPC monero wallet. It needs to connect to a monero
2026-02-09 22:43:47.974	    523136983136	INFO	msgwriter	src/common/scoped_message_writer.h:102	daemon to work correctly.
2026-02-09 22:43:47.974	    523136983136	INFO	msgwriter	src/common/scoped_message_writer.h:102	Monero 'Fluorine Fermi' (v0.18.4.5-release)
2026-02-09 22:43:47.974	    523136983136	INFO	msgwriter	src/common/scoped_message_writer.h:102	Logging to monero-wallet-rpc.log
2026-02-09 22:43:47.979	    523136983136	WARNING	wallet.rpc	src/wallet/wallet_rpc_server.cpp:4909	Loading wallet...
2026-02-09 22:43:50.232	    523136983136	ERROR	wallet.wallet2	src/wallet/wallet2.cpp:5374	!r. THROW EXCEPTION: error::invalid_password
2026-02-09 22:43:50.233	    523136983136	ERROR	wallet.rpc	src/wallet/wallet_rpc_server.cpp:4971	Wallet initialization failed: invalid password
2026-02-09 22:43:58.729	    500908785760	INFO	logging	contrib/epee/src/mlog.cpp:274	New log categories: *:WARNING,net:FATAL,net.http:FATAL,net.ssl:FATAL,net.p2p:FATAL,net.cn:FATAL,daemon.rpc:FATAL,global:INFO,verify:FATAL,serialization:FATAL,daemon.rpc.payment:ERROR,stacktrace:INFO,logging:INFO,msgwriter:INFO
2026-02-09 22:43:58.730	    500908785760	INFO	msgwriter	src/common/scoped_message_writer.h:102	This is the RPC monero wallet. It needs to connect to a monero
2026-02-09 22:43:58.730	    500908785760	INFO	msgwriter	src/common/scoped_message_writer.h:102	daemon to work correctly.
2026-02-09 22:43:58.730	    500908785760	INFO	msgwriter	src/common/scoped_message_writer.h:102	Monero 'Fluorine Fermi' (v0.18.4.5-release)
2026-02-09 22:43:58.730	    500908785760	INFO	msgwriter	src/common/scoped_message_writer.h:102	Logging to monero-wallet-rpc.log
2026-02-09 22:43:58.733	    500908785760	WARNING	wallet.rpc	src/wallet/wallet_rpc_server.cpp:4909	Loading wallet...
2026-02-09 22:44:00.118	    484178538592	INFO	logging	contrib/epee/src/mlog.cpp:274	New log categories: *:WARNING,net:FATAL,net.http:FATAL,net.ssl:FATAL,net.p2p:FATAL,net.cn:FATAL,daemon.rpc:FATAL,global:INFO,verify:FATAL,serialization:FATAL,daemon.rpc.payment:ERROR,stacktrace:INFO,logging:INFO,msgwriter:INFO
2026-02-09 22:44:00.118	    484178538592	INFO	msgwriter	src/common/scoped_message_writer.h:102	This is the RPC monero wallet. It needs to connect to a monero
2026-02-09 22:44:00.118	    484178538592	INFO	msgwriter	src/common/scoped_message_writer.h:102	daemon to work correctly.
2026-02-09 22:44:00.118	    484178538592	INFO	msgwriter	src/common/scoped_message_writer.h:102	Monero 'Fluorine Fermi' (v0.18.4.5-release)
2026-02-09 22:44:00.118	    484178538592	INFO	msgwriter	src/common/scoped_message_writer.h:102	Logging to monero-wallet-rpc.log
2026-02-09 22:44:00.120	    484178538592	WARNING	wallet.rpc	src/wallet/wallet_rpc_server.cpp:4909	Loading wallet...
2026-02-09 22:44:00.441	    500908785760	ERROR	wallet.wallet2	src/wallet/wallet2.cpp:5374	!r. THROW EXCEPTION: error::invalid_password
2026-02-09 22:44:00.443	    500908785760	ERROR	wallet.rpc	src/wallet/wallet_rpc_server.cpp:4971	Wallet initialization failed: invalid password
2026-02-09 22:44:02.476	    484178538592	ERROR	wallet.wallet2	src/wallet/wallet2.cpp:5374	!r. THROW EXCEPTION: error::invalid_password
2026-02-09 22:44:02.479	    484178538592	ERROR	wallet.rpc	src/wallet/wallet_rpc_server.cpp:4971	Wallet initialization failed: invalid password
2026-02-09 22:47:56.555	    512980394080	INFO	logging	contrib/epee/src/mlog.cpp:274	New log categories: *:WARNING,net:FATAL,net.http:FATAL,net.ssl:FATAL,net.p2p:FATAL,net.cn:FATAL,daemon.rpc:FATAL,global:INFO,verify:FATAL,serialization:FATAL,daemon.rpc.payment:ERROR,stacktrace:INFO,logging:INFO,msgwriter:INFO
2026-02-09 22:47:56.556	    512980394080	INFO	msgwriter	src/common/scoped_message_writer.h:102	This is the RPC monero wallet. It needs to connect to a monero
2026-02-09 22:47:56.556	    512980394080	INFO	msgwriter	src/common/scoped_message_writer.h:102	daemon to work correctly.
2026-02-09 22:47:56.556	    512980394080	INFO	msgwriter	src/common/scoped_message_writer.h:102	Monero 'Fluorine Fermi' (v0.18.4.5-release)
2026-02-09 22:47:56.556	    512980394080	INFO	msgwriter	src/common/scoped_message_writer.h:102	Logging to monero-wallet-rpc.log
2026-02-09 22:47:56.559	    512980394080	WARNING	wallet.rpc	src/wallet/wallet_rpc_server.cpp:4909	Loading wallet...
2026-02-09 22:47:58.010	    512980394080	ERROR	wallet.wallet2	src/wallet/wallet2.cpp:5374	!r. THROW EXCEPTION: error::invalid_password
2026-02-09 22:47:58.013	    512980394080	ERROR	wallet.rpc	src/wallet/wallet_rpc_server.cpp:4971	Wallet initialization failed: invalid password
2026-02-10 18:35:38.407	    545740959840	INFO	logging	contrib/epee/src/mlog.cpp:274	New log categories: *:WARNING,net:FATAL,net.http:FATAL,net.ssl:FATAL,net.p2p:FATAL,net.cn:FATAL,daemon.rpc:FATAL,global:INFO,verify:FATAL,serialization:FATAL,daemon.rpc.payment:ERROR,stacktrace:INFO,logging:INFO,msgwriter:INFO
2026-02-10 18:35:38.408	    545740959840	INFO	msgwriter	src/common/scoped_message_writer.h:102	This is the RPC monero wallet. It needs to connect to a monero
2026-02-10 18:35:38.408	    545740959840	INFO	msgwriter	src/common/scoped_message_writer.h:102	daemon to work correctly.
2026-02-10 18:35:38.408	    545740959840	INFO	msgwriter	src/common/scoped_message_writer.h:102	Monero 'Fluorine Fermi' (v0.18.4.5-release)
2026-02-10 18:35:38.408	    545740959840	INFO	msgwriter	src/common/scoped_message_writer.h:102	Logging to monero-wallet-rpc.log
2026-02-10 18:35:38.418	    545740959840	WARNING	wallet.rpc	src/wallet/wallet_rpc_server.cpp:4909	Loading wallet...
2026-02-10 18:35:39.675	    545740959840	ERROR	wallet.wallet2	src/wallet/wallet2.cpp:5374	!r. THROW EXCEPTION: error::invalid_password
2026-02-10 18:35:39.680	    545740959840	ERROR	wallet.rpc	src/wallet/wallet_rpc_server.cpp:4971	Wallet initialization failed: invalid password
2026-02-10 18:44:56.123	    527600390240	INFO	logging	contrib/epee/src/mlog.cpp:274	New log categories: *:WARNING,net:FATAL,net.http:FATAL,net.ssl:FATAL,net.p2p:FATAL,net.cn:FATAL,daemon.rpc:FATAL,global:INFO,verify:FATAL,serialization:FATAL,daemon.rpc.payment:ERROR,stacktrace:INFO,logging:INFO,msgwriter:INFO
2026-02-10 18:44:56.123	    527600390240	INFO	msgwriter	src/common/scoped_message_writer.h:102	This is the RPC monero wallet. It needs to connect to a monero
2026-02-10 18:44:56.123	    527600390240	INFO	msgwriter	src/common/scoped_message_writer.h:102	daemon to work correctly.
2026-02-10 18:44:56.123	    527600390240	INFO	msgwriter	src/common/scoped_message_writer.h:102	Monero 'Fluorine Fermi' (v0.18.4.5-release)
2026-02-10 18:44:56.124	    527600390240	INFO	msgwriter	src/common/scoped_message_writer.h:102	Logging to monero-wallet-rpc.log
2026-02-10 18:44:56.129	    527600390240	WARNING	wallet.rpc	src/wallet/wallet_rpc_server.cpp:4909	Loading wallet...
2026-02-10 18:44:57.228	    527600390240	ERROR	wallet.wallet2	src/wallet/wallet2.cpp:5374	!r. THROW EXCEPTION: error::invalid_password
2026-02-10 18:44:57.232	    527600390240	ERROR	wallet.rpc	src/wallet/wallet_rpc_server.cpp:4971	Wallet initialization failed: invalid password
2026-02-10 18:52:11.438	    518393819232	INFO	logging	contrib/epee/src/mlog.cpp:274	New log categories: *:WARNING,net:FATAL,net.http:FATAL,net.ssl:FATAL,net.p2p:FATAL,net.cn:FATAL,daemon.rpc:FATAL,global:INFO,verify:FATAL,serialization:FATAL,daemon.rpc.payment:ERROR,stacktrace:INFO,logging:INFO,msgwriter:INFO
2026-02-10 18:52:11.438	    518393819232	INFO	msgwriter	src/common/scoped_message_writer.h:102	This is the RPC monero wallet. It needs to connect to a monero
2026-02-10 18:52:11.438	    518393819232	INFO	msgwriter	src/common/scoped_message_writer.h:102	daemon to work correctly.
2026-02-10 18:52:11.438	    518393819232	INFO	msgwriter	src/common/scoped_message_writer.h:102	Monero 'Fluorine Fermi' (v0.18.4.5-release)
2026-02-10 18:52:11.439	    518393819232	INFO	msgwriter	src/common/scoped_message_writer.h:102	Logging to monero-wallet-rpc.log
2026-02-10 18:52:11.442	    518393819232	WARNING	wallet.rpc	src/wallet/wallet_rpc_server.cpp:4909	Loading wallet...
2026-02-10 18:52:12.591	    518393819232	ERROR	wallet.wallet2	src/wallet/wallet2.cpp:5374	!r. THROW EXCEPTION: error::invalid_password
2026-02-10 18:52:12.595	    518393819232	ERROR	wallet.rpc	src/wallet/wallet_rpc_server.cpp:4971	Wallet initialization failed: invalid password
2026-02-10 18:57:18.335	    515012771936	INFO	logging	contrib/epee/src/mlog.cpp:274	New log categories: *:WARNING,net:FATAL,net.http:FATAL,net.ssl:FATAL,net.p2p:FATAL,net.cn:FATAL,daemon.rpc:FATAL,global:INFO,verify:FATAL,serialization:FATAL,daemon.rpc.payment:ERROR,stacktrace:INFO,logging:INFO,msgwriter:INFO
2026-02-10 18:57:18.336	    515012771936	INFO	msgwriter	src/common/scoped_message_writer.h:102	This is the RPC monero wallet. It needs to connect to a monero
2026-02-10 18:57:18.336	    515012771936	INFO	msgwriter	src/common/scoped_message_writer.h:102	daemon to work correctly.
2026-02-10 18:57:18.336	    515012771936	INFO	msgwriter	src/common/scoped_message_writer.h:102	Monero 'Fluorine Fermi' (v0.18.4.5-release)
2026-02-10 18:57:18.336	    515012771936	INFO	msgwriter	src/common/scoped_message_writer.h:102	Logging to monero-wallet-rpc.log
2026-02-10 18:57:18.339	    515012771936	WARNING	wallet.rpc	src/wallet/wallet_rpc_server.cpp:4909	Loading wallet...
2026-02-10 18:57:20.359	    515012771936	ERROR	wallet.wallet2	src/wallet/wallet2.cpp:5374	!r. THROW EXCEPTION: error::invalid_password
2026-02-10 18:57:20.364	    515012771936	ERROR	wallet.rpc	src/wallet/wallet_rpc_server.cpp:4971	Wallet initialization failed: invalid password
2026-02-12 01:44:09.574	    512912265312	INFO	logging	contrib/epee/src/mlog.cpp:274	New log categories: *:WARNING,net:FATAL,net.http:FATAL,net.ssl:FATAL,net.p2p:FATAL,net.cn:FATAL,daemon.rpc:FATAL,global:INFO,verify:FATAL,serialization:FATAL,daemon.rpc.payment:ERROR,stacktrace:INFO,logging:INFO,msgwriter:INFO
2026-02-12 01:44:09.575	    512912265312	INFO	msgwriter	src/common/scoped_message_writer.h:102	This is the RPC monero wallet. It needs to connect to a monero
2026-02-12 01:44:09.575	    512912265312	INFO	msgwriter	src/common/scoped_message_writer.h:102	daemon to work correctly.
2026-02-12 01:44:09.575	    512912265312	INFO	msgwriter	src/common/scoped_message_writer.h:102	Monero 'Fluorine Fermi' (v0.18.4.5-release)
2026-02-12 01:44:09.575	    512912265312	INFO	msgwriter	src/common/scoped_message_writer.h:102	Logging to monero-wallet-rpc.log
2026-02-12 01:44:09.578	    512912265312	WARNING	wallet.rpc	src/wallet/wallet_rpc_server.cpp:4909	Loading wallet...
2026-02-12 01:44:11.680	    512912265312	ERROR	wallet.wallet2	src/wallet/wallet2.cpp:5374	!r. THROW EXCEPTION: error::invalid_password
2026-02-12 01:44:11.683	    512912265312	ERROR	wallet.rpc	src/wallet/wallet_rpc_server.cpp:4971	Wallet initialization failed: invalid password
2026-02-12 01:53:11.645	    502845866080	INFO	logging	contrib/epee/src/mlog.cpp:274	New log categories: *:WARNING,net:FATAL,net.http:FATAL,net.ssl:FATAL,net.p2p:FATAL,net.cn:FATAL,daemon.rpc:FATAL,global:INFO,verify:FATAL,serialization:FATAL,daemon.rpc.payment:ERROR,stacktrace:INFO,logging:INFO,msgwriter:INFO
2026-02-12 01:53:11.645	    502845866080	INFO	msgwriter	src/common/scoped_message_writer.h:102	This is the RPC monero wallet. It needs to connect to a monero
2026-02-12 01:53:11.645	    502845866080	INFO	msgwriter	src/common/scoped_message_writer.h:102	daemon to work correctly.
2026-02-12 01:53:11.645	    502845866080	INFO	msgwriter	src/common/scoped_message_writer.h:102	Monero 'Fluorine Fermi' (v0.18.4.5-release)
2026-02-12 01:53:11.645	    502845866080	INFO	msgwriter	src/common/scoped_message_writer.h:102	Logging to monero-wallet-rpc.log
2026-02-12 01:53:11.647	    502845866080	WARNING	wallet.rpc	src/wallet/wallet_rpc_server.cpp:4909	Loading wallet...
2026-02-12 01:53:12.290	    502845866080	ERROR	wallet.wallet2	src/wallet/wallet2.cpp:5374	!r. THROW EXCEPTION: error::invalid_password
2026-02-12 01:53:12.292	    502845866080	ERROR	wallet.rpc	src/wallet/wallet_rpc_server.cpp:4971	Wallet initialization failed: invalid password
2026-02-12 02:42:30.462	    531955609696	INFO	logging	contrib/epee/src/mlog.cpp:274	New log categories: *:WARNING,net:FATAL,net.http:FATAL,net.ssl:FATAL,net.p2p:FATAL,net.cn:FATAL,daemon.rpc:FATAL,global:INFO,verify:FATAL,serialization:FATAL,daemon.rpc.payment:ERROR,stacktrace:INFO,logging:INFO,msgwriter:INFO
2026-02-12 02:42:30.462	    531955609696	INFO	msgwriter	src/common/scoped_message_writer.h:102	This is the RPC monero wallet. It needs to connect to a monero
2026-02-12 02:42:30.462	    531955609696	INFO	msgwriter	src/common/scoped_message_writer.h:102	daemon to work correctly.
2026-02-12 02:42:30.462	    531955609696	INFO	msgwriter	src/common/scoped_message_writer.h:102	Monero 'Fluorine Fermi' (v0.18.4.5-release)
2026-02-12 02:42:30.462	    531955609696	INFO	msgwriter	src/common/scoped_message_writer.h:102	Logging to monero-wallet-rpc.log
2026-02-12 02:42:30.465	    531955609696	WARNING	wallet.rpc	src/wallet/wallet_rpc_server.cpp:4909	Loading wallet...
2026-02-12 02:42:31.116	    531955609696	ERROR	wallet.wallet2	src/wallet/wallet2.cpp:5374	!r. THROW EXCEPTION: error::invalid_password
2026-02-12 02:42:31.122	    531955609696	ERROR	wallet.rpc	src/wallet/wallet_rpc_server.cpp:4971	Wallet initialization failed: invalid password
2026-02-12 02:45:20.095	    511047159904	INFO	logging	contrib/epee/src/mlog.cpp:274	New log categories: *:WARNING,net:FATAL,net.http:FATAL,net.ssl:FATAL,net.p2p:FATAL,net.cn:FATAL,daemon.rpc:FATAL,global:INFO,verify:FATAL,serialization:FATAL,daemon.rpc.payment:ERROR,stacktrace:INFO,logging:INFO,msgwriter:INFO
2026-02-12 02:45:20.095	    511047159904	INFO	msgwriter	src/common/scoped_message_writer.h:102	This is the RPC monero wallet. It needs to connect to a monero
2026-02-12 02:45:20.095	    511047159904	INFO	msgwriter	src/common/scoped_message_writer.h:102	daemon to work correctly.
2026-02-12 02:45:20.095	    511047159904	INFO	msgwriter	src/common/scoped_message_writer.h:102	Monero 'Fluorine Fermi' (v0.18.4.5-release)
2026-02-12 02:45:20.096	    511047159904	INFO	msgwriter	src/common/scoped_message_writer.h:102	Logging to monero-wallet-rpc.log
2026-02-12 02:45:20.098	    511047159904	WARNING	wallet.rpc	src/wallet/wallet_rpc_server.cpp:4909	Loading wallet...
2026-02-12 02:45:21.173	    511047159904	ERROR	wallet.wallet2	src/wallet/wallet2.cpp:5374	!r. THROW EXCEPTION: error::invalid_password
2026-02-12 02:45:21.177	    511047159904	ERROR	wallet.rpc	src/wallet/wallet_rpc_server.cpp:4971	Wallet initialization failed: invalid password
2026-02-12 02:48:21.458	    505806057568	INFO	logging	contrib/epee/src/mlog.cpp:274	New log categories: *:WARNING,net:FATAL,net.http:FATAL,net.ssl:FATAL,net.p2p:FATAL,net.cn:FATAL,daemon.rpc:FATAL,global:INFO,verify:FATAL,serialization:FATAL,daemon.rpc.payment:ERROR,stacktrace:INFO,logging:INFO,msgwriter:INFO
2026-02-12 02:48:21.458	    505806057568	INFO	msgwriter	src/common/scoped_message_writer.h:102	This is the RPC monero wallet. It needs to connect to a monero
2026-02-12 02:48:21.458	    505806057568	INFO	msgwriter	src/common/scoped_message_writer.h:102	daemon to work correctly.
2026-02-12 02:48:21.458	    505806057568	INFO	msgwriter	src/common/scoped_message_writer.h:102	Monero 'Fluorine Fermi' (v0.18.4.5-release)
2026-02-12 02:48:21.458	    505806057568	INFO	msgwriter	src/common/scoped_message_writer.h:102	Logging to monero-wallet-rpc.log
2026-02-12 02:48:21.461	    505806057568	WARNING	wallet.rpc	src/wallet/wallet_rpc_server.cpp:4909	Loading wallet...
2026-02-12 02:48:22.919	    505806057568	ERROR	wallet.wallet2	src/wallet/wallet2.cpp:5374	!r. THROW EXCEPTION: error::invalid_password
2026-02-12 02:48:22.921	    505806057568	ERROR	wallet.rpc	src/wallet/wallet_rpc_server.cpp:4971	Wallet initialization failed: invalid password
2026-02-12 06:13:49.083	    489946677344	INFO	logging	contrib/epee/src/mlog.cpp:274	New log categories: *:WARNING,net:FATAL,net.http:FATAL,net.ssl:FATAL,net.p2p:FATAL,net.cn:FATAL,daemon.rpc:FATAL,global:INFO,verify:FATAL,serialization:FATAL,daemon.rpc.payment:ERROR,stacktrace:INFO,logging:INFO,msgwriter:INFO
2026-02-12 06:13:49.083	    489946677344	INFO	msgwriter	src/common/scoped_message_writer.h:102	This is the RPC monero wallet. It needs to connect to a monero
2026-02-12 06:13:49.083	    489946677344	INFO	msgwriter	src/common/scoped_message_writer.h:102	daemon to work correctly.
2026-02-12 06:13:49.083	    489946677344	INFO	msgwriter	src/common/scoped_message_writer.h:102	Monero 'Fluorine Fermi' (v0.18.4.5-release)
2026-02-12 06:13:49.084	    489946677344	INFO	msgwriter	src/common/scoped_message_writer.h:102	Logging to monero-wallet-rpc.log
2026-02-12 06:13:49.087	    489946677344	WARNING	wallet.rpc	src/wallet/wallet_rpc_server.cpp:4909	Loading wallet...
2026-02-12 06:13:49.893	    489946677344	ERROR	wallet.wallet2	src/wallet/wallet2.cpp:5374	!r. THROW EXCEPTION: error::invalid_password
2026-02-12 06:13:49.897	    489946677344	ERROR	wallet.rpc	src/wallet/wallet_rpc_server.cpp:4971	Wallet initialization failed: invalid password
2026-02-12 06:17:42.571	    505384734816	INFO	logging	contrib/epee/src/mlog.cpp:274	New log categories: *:WARNING,net:FATAL,net.http:FATAL,net.ssl:FATAL,net.p2p:FATAL,net.cn:FATAL,daemon.rpc:FATAL,global:INFO,verify:FATAL,serialization:FATAL,daemon.rpc.payment:ERROR,stacktrace:INFO,logging:INFO,msgwriter:INFO
2026-02-12 06:17:42.571	    505384734816	INFO	msgwriter	src/common/scoped_message_writer.h:102	This is the RPC monero wallet. It needs to connect to a monero
2026-02-12 06:17:42.571	    505384734816	INFO	msgwriter	src/common/scoped_message_writer.h:102	daemon to work correctly.
2026-02-12 06:17:42.571	    505384734816	INFO	msgwriter	src/common/scoped_message_writer.h:102	Monero 'Fluorine Fermi' (v0.18.4.5-release)
2026-02-12 06:17:42.571	    505384734816	INFO	msgwriter	src/common/scoped_message_writer.h:102	Logging to monero-wallet-rpc.log
2026-02-12 06:17:42.573	    505384734816	WARNING	wallet.rpc	src/wallet/wallet_rpc_server.cpp:4909	Loading wallet...
2026-02-12 06:17:43.349	    505384734816	ERROR	wallet.wallet2	src/wallet/wallet2.cpp:5374	!r. THROW EXCEPTION: error::invalid_password
2026-02-12 06:17:43.353	    505384734816	ERROR	wallet.rpc	src/wallet/wallet_rpc_server.cpp:4971	Wallet initialization failed: invalid password
2026-02-12 13:14:27.466	    487691395168	INFO	logging	contrib/epee/src/mlog.cpp:274	New log categories: *:WARNING,net:FATAL,net.http:FATAL,net.ssl:FATAL,net.p2p:FATAL,net.cn:FATAL,daemon.rpc:FATAL,global:INFO,verify:FATAL,serialization:FATAL,daemon.rpc.payment:ERROR,stacktrace:INFO,logging:INFO,msgwriter:INFO
2026-02-12 13:14:27.466	    487691395168	INFO	msgwriter	src/common/scoped_message_writer.h:102	This is the RPC monero wallet. It needs to connect to a monero
2026-02-12 13:14:27.466	    487691395168	INFO	msgwriter	src/common/scoped_message_writer.h:102	daemon to work correctly.
2026-02-12 13:14:27.466	    487691395168	INFO	msgwriter	src/common/scoped_message_writer.h:102	Monero 'Fluorine Fermi' (v0.18.4.5-release)
2026-02-12 13:14:27.467	    487691395168	INFO	msgwriter	src/common/scoped_message_writer.h:102	Logging to monero-wallet-rpc.log
2026-02-12 13:14:27.469	    487691395168	WARNING	wallet.rpc	src/wallet/wallet_rpc_server.cpp:4909	Loading wallet...
2026-02-12 13:14:28.478	    487691395168	ERROR	wallet.wallet2	src/wallet/wallet2.cpp:5374	!r. THROW EXCEPTION: error::invalid_password
2026-02-12 13:14:28.481	    487691395168	ERROR	wallet.rpc	src/wallet/wallet_rpc_server.cpp:4971	Wallet initialization failed: invalid password
2026-02-12 13:16:05.865	    520282607712	INFO	logging	contrib/epee/src/mlog.cpp:274	New log categories: *:WARNING,net:FATAL,net.http:FATAL,net.ssl:FATAL,net.p2p:FATAL,net.cn:FATAL,daemon.rpc:FATAL,global:INFO,verify:FATAL,serialization:FATAL,daemon.rpc.payment:ERROR,stacktrace:INFO,logging:INFO,msgwriter:INFO
2026-02-12 13:16:05.865	    520282607712	INFO	msgwriter	src/common/scoped_message_writer.h:102	This is the RPC monero wallet. It needs to connect to a monero
2026-02-12 13:16:05.865	    520282607712	INFO	msgwriter	src/common/scoped_message_writer.h:102	daemon to work correctly.
2026-02-12 13:16:05.865	    520282607712	INFO	msgwriter	src/common/scoped_message_writer.h:102	Monero 'Fluorine Fermi' (v0.18.4.5-release)
2026-02-12 13:16:05.865	    520282607712	INFO	msgwriter	src/common/scoped_message_writer.h:102	Logging to monero-wallet-rpc.log
2026-02-12 13:16:05.868	    520282607712	WARNING	wallet.rpc	src/wallet/wallet_rpc_server.cpp:4909	Loading wallet...
2026-02-12 13:16:06.493	    520282607712	ERROR	wallet.wallet2	src/wallet/wallet2.cpp:5374	!r. THROW EXCEPTION: error::invalid_password
2026-02-12 13:16:06.495	    520282607712	ERROR	wallet.rpc	src/wallet/wallet_rpc_server.cpp:4971	Wallet initialization failed: invalid password
2026-02-12 13:18:32.553	    486302150752	INFO	logging	contrib/epee/src/mlog.cpp:274	New log categories: *:WARNING,net:FATAL,net.http:FATAL,net.ssl:FATAL,net.p2p:FATAL,net.cn:FATAL,daemon.rpc:FATAL,global:INFO,verify:FATAL,serialization:FATAL,daemon.rpc.payment:ERROR,stacktrace:INFO,logging:INFO,msgwriter:INFO
2026-02-12 13:18:32.553	    486302150752	INFO	msgwriter	src/common/scoped_message_writer.h:102	This is the RPC monero wallet. It needs to connect to a monero
2026-02-12 13:18:32.553	    486302150752	INFO	msgwriter	src/common/scoped_message_writer.h:102	daemon to work correctly.
2026-02-12 13:18:32.553	    486302150752	INFO	msgwriter	src/common/scoped_message_writer.h:102	Monero 'Fluorine Fermi' (v0.18.4.5-release)
2026-02-12 13:18:32.553	    486302150752	INFO	msgwriter	src/common/scoped_message_writer.h:102	Logging to monero-wallet-rpc.log
2026-02-12 13:18:32.557	    486302150752	WARNING	wallet.rpc	src/wallet/wallet_rpc_server.cpp:4909	Loading wallet...
2026-02-12 13:18:34.054	    486302150752	ERROR	wallet.wallet2	src/wallet/wallet2.cpp:5374	!r. THROW EXCEPTION: error::invalid_password
2026-02-12 13:18:34.057	    486302150752	ERROR	wallet.rpc	src/wallet/wallet_rpc_server.cpp:4971	Wallet initialization failed: invalid password
2026-02-12 13:58:30.137	    511275069536	INFO	logging	contrib/epee/src/mlog.cpp:274	New log categories: *:WARNING,net:FATAL,net.http:FATAL,net.ssl:FATAL,net.p2p:FATAL,net.cn:FATAL,daemon.rpc:FATAL,global:INFO,verify:FATAL,serialization:FATAL,daemon.rpc.payment:ERROR,stacktrace:INFO,logging:INFO,msgwriter:INFO
2026-02-12 13:58:30.137	    511275069536	INFO	msgwriter	src/common/scoped_message_writer.h:102	This is the RPC monero wallet. It needs to connect to a monero
2026-02-12 13:58:30.137	    511275069536	INFO	msgwriter	src/common/scoped_message_writer.h:102	daemon to work correctly.
2026-02-12 13:58:30.137	    511275069536	INFO	msgwriter	src/common/scoped_message_writer.h:102	Monero 'Fluorine Fermi' (v0.18.4.5-release)
2026-02-12 13:58:30.137	    511275069536	INFO	msgwriter	src/common/scoped_message_writer.h:102	Logging to monero-wallet-rpc.log
2026-02-12 13:58:30.140	    511275069536	WARNING	wallet.rpc	src/wallet/wallet_rpc_server.cpp:4909	Loading wallet...
2026-02-12 13:58:31.301	    511275069536	ERROR	wallet.wallet2	src/wallet/wallet2.cpp:5374	!r. THROW EXCEPTION: error::invalid_password
2026-02-12 13:58:31.303	    511275069536	ERROR	wallet.rpc	src/wallet/wallet_rpc_server.cpp:4971	Wallet initialization failed: invalid password
2026-02-12 18:58:09.785	    542957133920	INFO	logging	contrib/epee/src/mlog.cpp:274	New log categories: *:WARNING,net:FATAL,net.http:FATAL,net.ssl:FATAL,net.p2p:FATAL,net.cn:FATAL,daemon.rpc:FATAL,global:INFO,verify:FATAL,serialization:FATAL,daemon.rpc.payment:ERROR,stacktrace:INFO,logging:INFO,msgwriter:INFO
2026-02-12 18:58:09.786	    542957133920	INFO	msgwriter	src/common/scoped_message_writer.h:102	This is the RPC monero wallet. It needs to connect to a monero
2026-02-12 18:58:09.786	    542957133920	INFO	msgwriter	src/common/scoped_message_writer.h:102	daemon to work correctly.
2026-02-12 18:58:09.786	    542957133920	INFO	msgwriter	src/common/scoped_message_writer.h:102	Monero 'Fluorine Fermi' (v0.18.4.5-release)
2026-02-12 18:58:09.786	    542957133920	INFO	msgwriter	src/common/scoped_message_writer.h:102	Logging to monero-wallet-rpc.log
2026-02-12 18:58:09.790	    542957133920	WARNING	wallet.rpc	src/wallet/wallet_rpc_server.cpp:4909	Loading wallet...
2026-02-12 18:58:10.950	    542957133920	ERROR	wallet.wallet2	src/wallet/wallet2.cpp:5374	!r. THROW EXCEPTION: error::invalid_password
2026-02-12 18:58:10.952	    542957133920	ERROR	wallet.rpc	src/wallet/wallet_rpc_server.cpp:4971	Wallet initialization failed: invalid password
2026-02-14 23:17:02.907	    501270532192	INFO	logging	contrib/epee/src/mlog.cpp:274	New log categories: *:WARNING,net:FATAL,net.http:FATAL,net.ssl:FATAL,net.p2p:FATAL,net.cn:FATAL,daemon.rpc:FATAL,global:INFO,verify:FATAL,serialization:FATAL,daemon.rpc.payment:ERROR,stacktrace:INFO,logging:INFO,msgwriter:INFO
2026-02-14 23:17:02.907	    501270532192	INFO	msgwriter	src/common/scoped_message_writer.h:102	This is the RPC monero wallet. It needs to connect to a monero
2026-02-14 23:17:02.907	    501270532192	INFO	msgwriter	src/common/scoped_message_writer.h:102	daemon to work correctly.
2026-02-14 23:17:02.907	    501270532192	INFO	msgwriter	src/common/scoped_message_writer.h:102	Monero 'Fluorine Fermi' (v0.18.4.5-release)
2026-02-14 23:17:02.908	    501270532192	INFO	msgwriter	src/common/scoped_message_writer.h:102	Logging to monero-wallet-rpc.log
2026-02-14 23:17:02.911	    501270532192	WARNING	wallet.rpc	src/wallet/wallet_rpc_server.cpp:4909	Loading wallet...
2026-02-14 23:17:04.138	    501270532192	ERROR	wallet.wallet2	src/wallet/wallet2.cpp:5374	!r. THROW EXCEPTION: error::invalid_password
2026-02-14 23:17:04.143	    501270532192	ERROR	wallet.rpc	src/wallet/wallet_rpc_server.cpp:4971	Wallet initialization failed: invalid password
