0 verbose cli /data/data/com.termux/files/usr/bin/node /data/data/com.termux/files/usr/bin/npm
1 info using npm@11.9.0
2 info using node@v25.3.0
3 silly config load:file:/data/data/com.termux/files/usr/lib/node_modules/npm/npmrc
4 silly config load:file:/data/data/com.termux/files/home/.npmrc
5 silly config load:file:/data/data/com.termux/files/usr/etc/npmrc
6 verbose title npm install surge
7 verbose argv "install" "--global" "surge"
8 verbose logfile logs-max:10 dir:/data/data/com.termux/files/home/.npm/_logs/2026-02-08T04_52_32_540Z-
9 verbose logfile /data/data/com.termux/files/home/.npm/_logs/2026-02-08T04_52_32_540Z-debug-0.log
10 silly packumentCache heap:2248146944 maxSize:562036736 maxEntrySize:281018368
11 silly logfile done cleaning log files
12 silly idealTree buildDeps
13 silly fetch manifest surge@*
14 silly packumentCache full:https://registry.npmjs.org/surge cache-miss
15 http fetch GET 200 https://registry.npmjs.org/surge 397ms (cache revalidated)
16 silly packumentCache full:https://registry.npmjs.org/surge set size:189780 disposed:false
17 silly placeDep ROOT surge@0.24.6 OK for:  want: *
18 silly fetch manifest babar@^0.2.0
19 silly packumentCache full:https://registry.npmjs.org/babar cache-miss
20 silly fetch manifest cli-table3@0.6.1
21 silly packumentCache full:https://registry.npmjs.org/cli-table3 cache-miss
22 silly fetch manifest colors@1.4.0
23 silly packumentCache full:https://registry.npmjs.org/colors cache-miss
24 silly fetch manifest human-readable-numbers@^0.9.5
25 silly packumentCache full:https://registry.npmjs.org/human-readable-numbers cache-miss
26 silly fetch manifest prompts@*
27 silly packumentCache full:https://registry.npmjs.org/prompts cache-miss
28 silly fetch manifest is-domain@0.0.1
29 silly packumentCache full:https://registry.npmjs.org/is-domain cache-miss
30 silly fetch manifest minimist@1.2.6
31 silly packumentCache full:https://registry.npmjs.org/minimist cache-miss
32 http fetch GET 200 https://registry.npmjs.org/colors 71ms (cache revalidated)
33 silly packumentCache full:https://registry.npmjs.org/colors set size:55711 disposed:false
34 silly fetch manifest moniker@0.1.2
35 silly packumentCache full:https://registry.npmjs.org/moniker cache-miss
36 http fetch GET 200 https://registry.npmjs.org/babar 87ms (cache revalidated)
37 silly packumentCache full:https://registry.npmjs.org/babar set size:16507 disposed:false
38 silly fetch manifest netrc@0.1.4
39 silly packumentCache full:https://registry.npmjs.org/netrc cache-miss
40 http fetch GET 200 https://registry.npmjs.org/prompts 88ms (cache revalidated)
41 silly packumentCache full:https://registry.npmjs.org/prompts set size:115896 disposed:false
42 silly fetch manifest progress@2.0.3
43 silly packumentCache full:https://registry.npmjs.org/progress cache-miss
44 http fetch GET 200 https://registry.npmjs.org/cli-table3 94ms (cache revalidated)
45 silly packumentCache full:https://registry.npmjs.org/cli-table3 set size:40139 disposed:false
46 silly fetch manifest read@1.0.5
47 silly packumentCache full:https://registry.npmjs.org/read cache-miss
48 http fetch GET 200 https://registry.npmjs.org/minimist 95ms (cache revalidated)
49 silly packumentCache full:https://registry.npmjs.org/minimist set size:77082 disposed:false
50 silly fetch manifest request@^2.88.0
51 silly packumentCache full:https://registry.npmjs.org/request cache-miss
52 http fetch GET 200 https://registry.npmjs.org/moniker 32ms (cache revalidated)
53 silly packumentCache full:https://registry.npmjs.org/moniker set size:1961 disposed:false
54 silly fetch manifest surge-ignore@0.2.0
55 silly packumentCache full:https://registry.npmjs.org/surge-ignore cache-miss
56 http fetch GET 200 https://registry.npmjs.org/read 34ms (cache revalidated)
57 silly packumentCache full:https://registry.npmjs.org/read set size:41363 disposed:false
58 silly fetch manifest surge-sdk@0.6.4
59 silly packumentCache full:https://registry.npmjs.org/surge-sdk cache-miss
60 http fetch GET 200 https://registry.npmjs.org/request 32ms (cache revalidated)
61 silly packumentCache full:https://registry.npmjs.org/request set size:307273 disposed:false
62 silly fetch manifest surge-stream@0.6.4
63 silly packumentCache full:https://registry.npmjs.org/surge-stream cache-miss
64 http fetch GET 200 https://registry.npmjs.org/progress 60ms (cache revalidated)
65 silly packumentCache full:https://registry.npmjs.org/progress set size:34179 disposed:false
66 silly fetch manifest url-parse-as-address@1.0.0
67 silly packumentCache full:https://registry.npmjs.org/url-parse-as-address cache-miss
68 http fetch GET 200 https://registry.npmjs.org/is-domain 168ms (cache revalidated)
69 silly packumentCache full:https://registry.npmjs.org/is-domain set size:3006 disposed:false
70 silly fetch manifest xbytes@^1.7.0
71 silly packumentCache full:https://registry.npmjs.org/xbytes cache-miss
72 http fetch GET 200 https://registry.npmjs.org/human-readable-numbers 173ms (cache revalidated)
73 silly packumentCache full:https://registry.npmjs.org/human-readable-numbers set size:16375 disposed:false
74 http fetch GET 200 https://registry.npmjs.org/surge-ignore 135ms (cache revalidated)
75 silly packumentCache full:https://registry.npmjs.org/surge-ignore set size:8055 disposed:false
76 http fetch GET 200 https://registry.npmjs.org/surge-sdk 123ms (cache revalidated)
77 silly packumentCache full:https://registry.npmjs.org/surge-sdk set size:43602 disposed:false
78 http fetch GET 200 https://registry.npmjs.org/netrc 174ms (cache revalidated)
79 silly packumentCache full:https://registry.npmjs.org/netrc set size:7000 disposed:false
80 http fetch GET 200 https://registry.npmjs.org/url-parse-as-address 116ms (cache revalidated)
81 silly packumentCache full:https://registry.npmjs.org/url-parse-as-address set size:3524 disposed:false
82 http fetch GET 200 https://registry.npmjs.org/xbytes 189ms (cache revalidated)
83 silly packumentCache full:https://registry.npmjs.org/xbytes set size:87034 disposed:false
84 http fetch GET 200 https://registry.npmjs.org/surge-stream 301ms (cache revalidated)
85 silly packumentCache full:https://registry.npmjs.org/surge-stream set size:15445 disposed:false
86 silly placeDep node_modules/surge babar@0.2.3 OK for: surge@0.24.6 want: ^0.2.0
87 silly placeDep node_modules/surge cli-table3@0.6.1 OK for: surge@0.24.6 want: 0.6.1
88 silly placeDep node_modules/surge colors@1.4.0 OK for: surge@0.24.6 want: 1.4.0
89 silly placeDep node_modules/surge human-readable-numbers@0.9.5 OK for: surge@0.24.6 want: ^0.9.5
90 silly placeDep node_modules/surge is-domain@0.0.1 OK for: surge@0.24.6 want: 0.0.1
91 silly placeDep node_modules/surge minimist@1.2.6 OK for: surge@0.24.6 want: 1.2.6
92 silly placeDep node_modules/surge moniker@0.1.2 OK for: surge@0.24.6 want: 0.1.2
93 silly placeDep node_modules/surge netrc@0.1.4 OK for: surge@0.24.6 want: 0.1.4
94 silly placeDep node_modules/surge progress@2.0.3 OK for: surge@0.24.6 want: 2.0.3
95 silly placeDep node_modules/surge prompts@2.4.2 OK for: surge@0.24.6 want: *
96 silly placeDep node_modules/surge read@1.0.5 OK for: surge@0.24.6 want: 1.0.5
97 silly placeDep node_modules/surge request@2.88.2 OK for: surge@0.24.6 want: ^2.88.0
98 silly placeDep node_modules/surge surge-ignore@0.2.0 OK for: surge@0.24.6 want: 0.2.0
99 silly placeDep node_modules/surge surge-sdk@0.6.4 OK for: surge@0.24.6 want: 0.6.4
100 silly placeDep node_modules/surge surge-stream@0.6.4 OK for: surge@0.24.6 want: 0.6.4
101 silly placeDep node_modules/surge url-parse-as-address@1.0.0 OK for: surge@0.24.6 want: 1.0.0
102 silly placeDep node_modules/surge xbytes@1.9.1 OK for: surge@0.24.6 want: ^1.7.0
103 silly fetch manifest colors@~1.4.0
104 silly packumentCache full:https://registry.npmjs.org/colors cache-hit
105 silly fetch manifest string-width@^4.2.0
106 silly packumentCache full:https://registry.npmjs.org/string-width cache-miss
107 silly fetch manifest kleur@^3.0.3
108 silly packumentCache full:https://registry.npmjs.org/kleur cache-miss
109 silly fetch manifest sisteransi@^1.0.5
110 silly packumentCache full:https://registry.npmjs.org/sisteransi cache-miss
111 silly fetch manifest mute-stream@~0.0.4
112 silly packumentCache full:https://registry.npmjs.org/mute-stream cache-miss
113 silly fetch manifest qs@~6.5.2
114 silly packumentCache full:https://registry.npmjs.org/qs cache-miss
115 silly fetch manifest aws4@^1.8.0
116 silly packumentCache full:https://registry.npmjs.org/aws4 cache-miss
117 silly fetch manifest uuid@^3.3.2
118 silly packumentCache full:https://registry.npmjs.org/uuid cache-miss
119 http fetch GET 200 https://registry.npmjs.org/string-width 47ms (cache revalidated)
120 silly packumentCache full:https://registry.npmjs.org/string-width set size:66232 disposed:false
121 silly fetch manifest extend@~3.0.2
122 silly packumentCache full:https://registry.npmjs.org/extend cache-miss
123 http fetch GET 200 https://registry.npmjs.org/kleur 49ms (cache revalidated)
124 silly packumentCache full:https://registry.npmjs.org/kleur set size:61853 disposed:false
125 silly fetch manifest caseless@~0.12.0
126 silly packumentCache full:https://registry.npmjs.org/caseless cache-miss
127 http fetch GET 200 https://registry.npmjs.org/sisteransi 46ms (cache revalidated)
128 silly packumentCache full:https://registry.npmjs.org/sisteransi set size:23215 disposed:false
129 silly fetch manifest isstream@~0.1.2
130 silly packumentCache full:https://registry.npmjs.org/isstream cache-miss
131 http fetch GET 200 https://registry.npmjs.org/uuid 45ms (cache revalidated)
132 silly packumentCache full:https://registry.npmjs.org/uuid set size:224608 disposed:false
133 silly fetch manifest aws-sign2@~0.7.0
134 silly packumentCache full:https://registry.npmjs.org/aws-sign2 cache-miss
135 http fetch GET 200 https://registry.npmjs.org/qs 51ms (cache revalidated)
136 silly packumentCache full:https://registry.npmjs.org/qs set size:268000 disposed:false
137 silly fetch manifest form-data@~2.3.2
138 silly packumentCache full:https://registry.npmjs.org/form-data cache-miss
139 http fetch GET 200 https://registry.npmjs.org/mute-stream 61ms (cache revalidated)
140 silly packumentCache full:https://registry.npmjs.org/mute-stream set size:21918 disposed:false
141 silly fetch manifest mime-types@~2.1.19
142 silly packumentCache full:https://registry.npmjs.org/mime-types cache-miss
143 http fetch GET 200 https://registry.npmjs.org/extend 44ms (cache revalidated)
144 silly packumentCache full:https://registry.npmjs.org/extend set size:25974 disposed:false
145 silly fetch manifest oauth-sign@~0.9.0
146 silly packumentCache full:https://registry.npmjs.org/oauth-sign cache-miss
147 http fetch GET 200 https://registry.npmjs.org/mime-types 42ms (cache revalidated)
148 silly packumentCache full:https://registry.npmjs.org/mime-types set size:139110 disposed:false
149 silly fetch manifest safe-buffer@^5.1.2
150 silly packumentCache full:https://registry.npmjs.org/safe-buffer cache-miss
151 http fetch GET 200 https://registry.npmjs.org/form-data 58ms (cache revalidated)
152 silly packumentCache full:https://registry.npmjs.org/form-data set size:153646 disposed:false
153 silly fetch manifest tough-cookie@~2.5.0
154 silly packumentCache full:https://registry.npmjs.org/tough-cookie cache-miss
155 http fetch GET 200 https://registry.npmjs.org/oauth-sign 35ms (cache revalidated)
156 silly packumentCache full:https://registry.npmjs.org/oauth-sign set size:15915 disposed:false
157 silly fetch manifest tunnel-agent@^0.6.0
158 silly packumentCache full:https://registry.npmjs.org/tunnel-agent cache-miss
159 http fetch GET 200 https://registry.npmjs.org/aws4 133ms (cache revalidated)
160 silly packumentCache full:https://registry.npmjs.org/aws4 set size:141900 disposed:false
161 silly fetch manifest forever-agent@~0.6.1
162 silly packumentCache full:https://registry.npmjs.org/forever-agent cache-miss
163 http fetch GET 200 https://registry.npmjs.org/safe-buffer 55ms (cache revalidated)
164 silly packumentCache full:https://registry.npmjs.org/safe-buffer set size:41183 disposed:false
165 silly fetch manifest har-validator@~5.1.3
166 silly packumentCache full:https://registry.npmjs.org/har-validator cache-miss
167 http fetch GET 200 https://registry.npmjs.org/tunnel-agent 44ms (cache revalidated)
168 silly packumentCache full:https://registry.npmjs.org/tunnel-agent set size:12847 disposed:false
169 silly fetch manifest is-typedarray@~1.0.0
170 silly packumentCache full:https://registry.npmjs.org/is-typedarray cache-miss
171 http fetch GET 200 https://registry.npmjs.org/tough-cookie 51ms (cache revalidated)
172 silly packumentCache full:https://registry.npmjs.org/tough-cookie set size:145095 disposed:false
173 silly fetch manifest http-signature@~1.2.0
174 silly packumentCache full:https://registry.npmjs.org/http-signature cache-miss
175 http fetch GET 200 https://registry.npmjs.org/caseless 133ms (cache revalidated)
176 silly packumentCache full:https://registry.npmjs.org/caseless set size:17911 disposed:false
177 silly fetch manifest combined-stream@~1.0.6
178 silly packumentCache full:https://registry.npmjs.org/combined-stream cache-miss
179 http fetch GET 200 https://registry.npmjs.org/isstream 137ms (cache revalidated)
180 silly packumentCache full:https://registry.npmjs.org/isstream set size:9114 disposed:false
181 silly fetch manifest performance-now@^2.1.0
182 silly packumentCache full:https://registry.npmjs.org/performance-now cache-miss
183 http fetch GET 200 https://registry.npmjs.org/is-typedarray 43ms (cache revalidated)
184 silly packumentCache full:https://registry.npmjs.org/is-typedarray set size:3992 disposed:false
185 silly fetch manifest json-stringify-safe@~5.0.1
186 silly packumentCache full:https://registry.npmjs.org/json-stringify-safe cache-miss
187 http fetch GET 200 https://registry.npmjs.org/har-validator 51ms (cache revalidated)
188 silly packumentCache full:https://registry.npmjs.org/har-validator set size:122031 disposed:false
189 silly fetch manifest axios@1.7.3
190 silly packumentCache full:https://registry.npmjs.org/axios cache-miss
191 http fetch GET 200 https://registry.npmjs.org/performance-now 41ms (cache revalidated)
192 silly packumentCache full:https://registry.npmjs.org/performance-now set size:19893 disposed:false
193 silly fetch manifest axios@1.7.3
194 silly packumentCache full:https://registry.npmjs.org/axios cache-miss
195 http fetch GET 200 https://registry.npmjs.org/http-signature 59ms (cache revalidated)
196 silly packumentCache full:https://registry.npmjs.org/http-signature set size:58675 disposed:false
197 silly fetch manifest split@^1.0.1
198 silly packumentCache full:https://registry.npmjs.org/split cache-miss
199 http fetch GET 200 https://registry.npmjs.org/combined-stream 61ms (cache revalidated)
200 silly packumentCache full:https://registry.npmjs.org/combined-stream set size:40337 disposed:false
201 silly fetch manifest surge-fstream-ignore@^1.1.0
202 silly packumentCache full:https://registry.npmjs.org/surge-fstream-ignore cache-miss
203 http fetch GET 200 https://registry.npmjs.org/json-stringify-safe 50ms (cache revalidated)
204 silly packumentCache full:https://registry.npmjs.org/json-stringify-safe set size:8806 disposed:false
205 silly fetch manifest surge-ignore@^0.3.0
206 silly packumentCache full:https://registry.npmjs.org/surge-ignore cache-hit
207 silly fetch manifest tarr@^1.1.0
208 silly packumentCache full:https://registry.npmjs.org/tarr cache-miss
209 http fetch GET 200 https://registry.npmjs.org/forever-agent 134ms (cache revalidated)
210 silly packumentCache full:https://registry.npmjs.org/forever-agent set size:10023 disposed:false
211 http fetch GET 200 https://registry.npmjs.org/split 49ms (cache revalidated)
212 silly packumentCache full:https://registry.npmjs.org/split set size:29204 disposed:false
213 http fetch GET 200 https://registry.npmjs.org/axios 62ms (cache revalidated)
214 silly packumentCache full:https://registry.npmjs.org/axios set size:751549 disposed:false
215 http fetch GET 200 https://registry.npmjs.org/axios 80ms (cache revalidated)
216 silly packumentCache full:https://registry.npmjs.org/axios set size:751549 disposed:false
217 silly packumentCache full:https://registry.npmjs.org/axios dispose
218 http fetch GET 200 https://registry.npmjs.org/aws-sign2 284ms (cache revalidated)
219 silly packumentCache full:https://registry.npmjs.org/aws-sign2 set size:6079 disposed:false
220 http fetch GET 200 https://registry.npmjs.org/surge-fstream-ignore 100ms (cache revalidated)
221 silly packumentCache full:https://registry.npmjs.org/surge-fstream-ignore set size:8057 disposed:false
222 http fetch GET 200 https://registry.npmjs.org/tarr 107ms (cache revalidated)
223 silly packumentCache full:https://registry.npmjs.org/tarr set size:6717 disposed:false
224 silly placeDep node_modules/surge string-width@4.2.3 OK for: cli-table3@0.6.1 want: ^4.2.0
225 silly fetch manifest strip-ansi@^6.0.1
226 silly packumentCache full:https://registry.npmjs.org/strip-ansi cache-miss
227 silly fetch manifest emoji-regex@^8.0.0
228 silly packumentCache full:https://registry.npmjs.org/emoji-regex cache-miss
229 silly fetch manifest is-fullwidth-code-point@^3.0.0
230 silly packumentCache full:https://registry.npmjs.org/is-fullwidth-code-point cache-miss
231 http fetch GET 200 https://registry.npmjs.org/strip-ansi 42ms (cache revalidated)
232 silly packumentCache full:https://registry.npmjs.org/strip-ansi set size:41855 disposed:false
233 http fetch GET 200 https://registry.npmjs.org/is-fullwidth-code-point 49ms (cache revalidated)
234 silly packumentCache full:https://registry.npmjs.org/is-fullwidth-code-point set size:14578 disposed:false
235 http fetch GET 200 https://registry.npmjs.org/emoji-regex 52ms (cache revalidated)
236 silly packumentCache full:https://registry.npmjs.org/emoji-regex set size:89088 disposed:false
237 silly placeDep node_modules/surge kleur@3.0.3 OK for: prompts@2.4.2 want: ^3.0.3
238 silly placeDep node_modules/surge sisteransi@1.0.5 OK for: prompts@2.4.2 want: ^1.0.5
239 silly placeDep node_modules/surge mute-stream@0.0.8 OK for: read@1.0.5 want: ~0.0.4
240 silly placeDep node_modules/surge aws-sign2@0.7.0 OK for: request@2.88.2 want: ~0.7.0
241 silly placeDep node_modules/surge aws4@1.13.2 OK for: request@2.88.2 want: ^1.8.0
242 silly placeDep node_modules/surge caseless@0.12.0 OK for: request@2.88.2 want: ~0.12.0
243 silly placeDep node_modules/surge combined-stream@1.0.8 OK for: request@2.88.2 want: ~1.0.6
244 silly placeDep node_modules/surge extend@3.0.2 OK for: request@2.88.2 want: ~3.0.2
245 silly placeDep node_modules/surge forever-agent@0.6.1 OK for: request@2.88.2 want: ~0.6.1
246 silly placeDep node_modules/surge form-data@2.3.3 OK for: request@2.88.2 want: ~2.3.2
247 silly placeDep node_modules/surge har-validator@5.1.5 OK for: request@2.88.2 want: ~5.1.3
248 silly placeDep node_modules/surge http-signature@1.2.0 OK for: request@2.88.2 want: ~1.2.0
249 silly placeDep node_modules/surge is-typedarray@1.0.0 OK for: request@2.88.2 want: ~1.0.0
250 silly placeDep node_modules/surge isstream@0.1.2 OK for: request@2.88.2 want: ~0.1.2
251 silly placeDep node_modules/surge json-stringify-safe@5.0.1 OK for: request@2.88.2 want: ~5.0.1
252 silly placeDep node_modules/surge mime-types@2.1.35 OK for: request@2.88.2 want: ~2.1.19
253 silly placeDep node_modules/surge oauth-sign@0.9.0 OK for: request@2.88.2 want: ~0.9.0
254 silly placeDep node_modules/surge performance-now@2.1.0 OK for: request@2.88.2 want: ^2.1.0
255 silly placeDep node_modules/surge qs@6.5.3 OK for: request@2.88.2 want: ~6.5.2
256 silly placeDep node_modules/surge safe-buffer@5.2.1 OK for: request@2.88.2 want: ^5.1.2
257 silly placeDep node_modules/surge tough-cookie@2.5.0 OK for: request@2.88.2 want: ~2.5.0
258 silly placeDep node_modules/surge tunnel-agent@0.6.0 OK for: request@2.88.2 want: ^0.6.0
259 silly placeDep node_modules/surge uuid@3.4.0 OK for: request@2.88.2 want: ^3.3.2
260 silly fetch manifest delayed-stream@~1.0.0
261 silly packumentCache full:https://registry.npmjs.org/delayed-stream cache-miss
262 silly fetch manifest asynckit@^0.4.0
263 silly packumentCache full:https://registry.npmjs.org/asynckit cache-miss
264 silly fetch manifest mime-types@^2.1.12
265 silly packumentCache full:https://registry.npmjs.org/mime-types cache-hit
266 silly fetch manifest ajv@^6.12.3
267 silly packumentCache full:https://registry.npmjs.org/ajv cache-miss
268 silly fetch manifest har-schema@^2.0.0
269 silly packumentCache full:https://registry.npmjs.org/har-schema cache-miss
270 silly fetch manifest sshpk@^1.7.0
271 silly packumentCache full:https://registry.npmjs.org/sshpk cache-miss
272 silly fetch manifest jsprim@^1.2.2
273 silly packumentCache full:https://registry.npmjs.org/jsprim cache-miss
274 silly fetch manifest assert-plus@^1.0.0
275 silly packumentCache full:https://registry.npmjs.org/assert-plus cache-miss
276 http fetch GET 200 https://registry.npmjs.org/asynckit 43ms (cache revalidated)
277 silly packumentCache full:https://registry.npmjs.org/asynckit set size:18932 disposed:false
278 silly fetch manifest mime-db@1.52.0
279 silly packumentCache full:https://registry.npmjs.org/mime-db cache-miss
280 http fetch GET 200 https://registry.npmjs.org/delayed-stream 46ms (cache revalidated)
281 silly packumentCache full:https://registry.npmjs.org/delayed-stream set size:15820 disposed:false
282 silly fetch manifest psl@^1.1.28
283 silly packumentCache full:https://registry.npmjs.org/psl cache-miss
284 http fetch GET 200 https://registry.npmjs.org/har-schema 44ms (cache revalidated)
285 silly packumentCache full:https://registry.npmjs.org/har-schema set size:23124 disposed:false
286 silly fetch manifest punycode@^2.1.1
287 silly packumentCache full:https://registry.npmjs.org/punycode cache-miss
288 http fetch GET 200 https://registry.npmjs.org/sshpk 46ms (cache revalidated)
289 silly packumentCache full:https://registry.npmjs.org/sshpk set size:133005 disposed:false
290 http fetch GET 200 https://registry.npmjs.org/assert-plus 51ms (cache revalidated)
291 silly packumentCache full:https://registry.npmjs.org/assert-plus set size:16225 disposed:false
292 http fetch GET 200 https://registry.npmjs.org/ajv 64ms (cache revalidated)
293 silly packumentCache full:https://registry.npmjs.org/ajv set size:1126055 disposed:false
294 http fetch GET 200 https://registry.npmjs.org/punycode 43ms (cache revalidated)
295 silly packumentCache full:https://registry.npmjs.org/punycode set size:61302 disposed:false
296 http fetch GET 200 https://registry.npmjs.org/psl 47ms (cache revalidated)
297 silly packumentCache full:https://registry.npmjs.org/psl set size:129526 disposed:false
298 http fetch GET 200 https://registry.npmjs.org/mime-db 51ms (cache revalidated)
299 silly packumentCache full:https://registry.npmjs.org/mime-db set size:164953 disposed:false
300 http fetch GET 200 https://registry.npmjs.org/jsprim 111ms (cache revalidated)
301 silly packumentCache full:https://registry.npmjs.org/jsprim set size:49508 disposed:false
302 silly placeDep node_modules/surge delayed-stream@1.0.0 OK for: combined-stream@1.0.8 want: ~1.0.0
303 silly placeDep node_modules/surge asynckit@0.4.0 OK for: form-data@2.3.3 want: ^0.4.0
304 silly placeDep node_modules/surge ajv@6.12.6 OK for: har-validator@5.1.5 want: ^6.12.3
305 silly placeDep node_modules/surge har-schema@2.0.0 OK for: har-validator@5.1.5 want: ^2.0.0
306 silly fetch manifest uri-js@^4.2.2
307 silly packumentCache full:https://registry.npmjs.org/uri-js cache-miss
308 silly fetch manifest fast-deep-equal@^3.1.1
309 silly packumentCache full:https://registry.npmjs.org/fast-deep-equal cache-miss
310 silly fetch manifest json-schema-traverse@^0.4.1
311 silly packumentCache full:https://registry.npmjs.org/json-schema-traverse cache-miss
312 silly fetch manifest fast-json-stable-stringify@^2.0.0
313 silly packumentCache full:https://registry.npmjs.org/fast-json-stable-stringify cache-miss
314 http fetch GET 200 https://registry.npmjs.org/json-schema-traverse 41ms (cache revalidated)
315 silly packumentCache full:https://registry.npmjs.org/json-schema-traverse set size:23537 disposed:false
316 http fetch GET 200 https://registry.npmjs.org/fast-deep-equal 44ms (cache revalidated)
317 silly packumentCache full:https://registry.npmjs.org/fast-deep-equal set size:48634 disposed:false
318 http fetch GET 200 https://registry.npmjs.org/uri-js 48ms (cache revalidated)
319 silly packumentCache full:https://registry.npmjs.org/uri-js set size:42559 disposed:false
320 http fetch GET 200 https://registry.npmjs.org/fast-json-stable-stringify 47ms (cache revalidated)
321 silly packumentCache full:https://registry.npmjs.org/fast-json-stable-stringify set size:11337 disposed:false
322 silly placeDep node_modules/surge fast-deep-equal@3.1.3 OK for: ajv@6.12.6 want: ^3.1.1
323 silly placeDep node_modules/surge fast-json-stable-stringify@2.1.0 OK for: ajv@6.12.6 want: ^2.0.0
324 silly placeDep node_modules/surge json-schema-traverse@0.4.1 OK for: ajv@6.12.6 want: ^0.4.1
325 silly placeDep node_modules/surge uri-js@4.4.1 OK for: ajv@6.12.6 want: ^4.2.2
326 silly fetch manifest punycode@^2.1.0
327 silly packumentCache full:https://registry.npmjs.org/punycode cache-hit
328 silly placeDep node_modules/surge assert-plus@1.0.0 OK for: http-signature@1.2.0 want: ^1.0.0
329 silly placeDep node_modules/surge jsprim@1.4.2 OK for: http-signature@1.2.0 want: ^1.2.2
330 silly placeDep node_modules/surge sshpk@1.18.0 OK for: http-signature@1.2.0 want: ^1.7.0
331 silly fetch manifest verror@1.10.0
332 silly packumentCache full:https://registry.npmjs.org/verror cache-miss
333 silly fetch manifest extsprintf@1.3.0
334 silly packumentCache full:https://registry.npmjs.org/extsprintf cache-miss
335 silly fetch manifest json-schema@0.4.0
336 silly packumentCache full:https://registry.npmjs.org/json-schema cache-miss
337 silly fetch manifest asn1@~0.2.3
338 silly packumentCache full:https://registry.npmjs.org/asn1 cache-miss
339 silly fetch manifest jsbn@~0.1.0
340 silly packumentCache full:https://registry.npmjs.org/jsbn cache-miss
341 silly fetch manifest getpass@^0.1.1
342 silly packumentCache full:https://registry.npmjs.org/getpass cache-miss
343 silly fetch manifest dashdash@^1.12.0
344 silly packumentCache full:https://registry.npmjs.org/dashdash cache-miss
345 http fetch GET 200 https://registry.npmjs.org/json-schema 46ms (cache revalidated)
346 silly packumentCache full:https://registry.npmjs.org/json-schema set size:15084 disposed:false
347 silly fetch manifest ecc-jsbn@~0.1.1
348 silly packumentCache full:https://registry.npmjs.org/ecc-jsbn cache-miss
349 http fetch GET 200 https://registry.npmjs.org/extsprintf 49ms (cache revalidated)
350 silly packumentCache full:https://registry.npmjs.org/extsprintf set size:16178 disposed:false
351 silly fetch manifest tweetnacl@~0.14.0
352 silly packumentCache full:https://registry.npmjs.org/tweetnacl cache-miss
353 http fetch GET 200 https://registry.npmjs.org/asn1 49ms (cache revalidated)
354 silly packumentCache full:https://registry.npmjs.org/asn1 set size:29978 disposed:false
355 silly fetch manifest bcrypt-pbkdf@^1.0.0
356 silly packumentCache full:https://registry.npmjs.org/bcrypt-pbkdf cache-miss
357 http fetch GET 200 https://registry.npmjs.org/verror 51ms (cache revalidated)
358 silly packumentCache full:https://registry.npmjs.org/verror set size:50129 disposed:false
359 silly fetch manifest safer-buffer@^2.0.2
360 silly packumentCache full:https://registry.npmjs.org/safer-buffer cache-miss
361 http fetch GET 200 https://registry.npmjs.org/dashdash 49ms (cache revalidated)
362 silly packumentCache full:https://registry.npmjs.org/dashdash set size:63751 disposed:false
363 http fetch GET 200 https://registry.npmjs.org/getpass 51ms (cache revalidated)
364 silly packumentCache full:https://registry.npmjs.org/getpass set size:13448 disposed:false
365 http fetch GET 200 https://registry.npmjs.org/jsbn 52ms (cache revalidated)
366 silly packumentCache full:https://registry.npmjs.org/jsbn set size:8169 disposed:false
367 http fetch GET 200 https://registry.npmjs.org/safer-buffer 32ms (cache revalidated)
368 silly packumentCache full:https://registry.npmjs.org/safer-buffer set size:18521 disposed:false
369 http fetch GET 200 https://registry.npmjs.org/bcrypt-pbkdf 34ms (cache revalidated)
370 silly packumentCache full:https://registry.npmjs.org/bcrypt-pbkdf set size:6832 disposed:false
371 http fetch GET 200 https://registry.npmjs.org/tweetnacl 105ms (cache revalidated)
372 silly packumentCache full:https://registry.npmjs.org/tweetnacl set size:79790 disposed:false
373 http fetch GET 200 https://registry.npmjs.org/ecc-jsbn 123ms (cache revalidated)
374 silly packumentCache full:https://registry.npmjs.org/ecc-jsbn set size:8870 disposed:false
375 silly placeDep node_modules/surge extsprintf@1.3.0 OK for: jsprim@1.4.2 want: 1.3.0
376 silly placeDep node_modules/surge json-schema@0.4.0 OK for: jsprim@1.4.2 want: 0.4.0
377 silly placeDep node_modules/surge verror@1.10.0 OK for: jsprim@1.4.2 want: 1.10.0
378 silly fetch manifest core-util-is@1.0.2
379 silly packumentCache full:https://registry.npmjs.org/core-util-is cache-miss
380 http fetch GET 200 https://registry.npmjs.org/core-util-is 38ms (cache revalidated)
381 silly packumentCache full:https://registry.npmjs.org/core-util-is set size:7163 disposed:false
382 silly placeDep node_modules/surge mime-db@1.52.0 OK for: mime-types@2.1.35 want: 1.52.0
383 silly placeDep node_modules/surge asn1@0.2.6 OK for: sshpk@1.18.0 want: ~0.2.3
384 silly placeDep node_modules/surge bcrypt-pbkdf@1.0.2 OK for: sshpk@1.18.0 want: ^1.0.0
385 silly placeDep node_modules/surge dashdash@1.14.1 OK for: sshpk@1.18.0 want: ^1.12.0
386 silly placeDep node_modules/surge ecc-jsbn@0.1.2 OK for: sshpk@1.18.0 want: ~0.1.1
387 silly placeDep node_modules/surge getpass@0.1.7 OK for: sshpk@1.18.0 want: ^0.1.1
388 silly placeDep node_modules/surge jsbn@0.1.1 OK for: sshpk@1.18.0 want: ~0.1.0
389 silly placeDep node_modules/surge safer-buffer@2.1.2 OK for: sshpk@1.18.0 want: ^2.0.2
390 silly placeDep node_modules/surge tweetnacl@0.14.5 OK for: sshpk@1.18.0 want: ~0.14.0
391 silly fetch manifest safer-buffer@~2.1.0
392 silly packumentCache full:https://registry.npmjs.org/safer-buffer cache-hit
393 silly fetch manifest tweetnacl@^0.14.3
394 silly packumentCache full:https://registry.npmjs.org/tweetnacl cache-hit
395 silly fetch manifest safer-buffer@^2.1.0
396 silly packumentCache full:https://registry.npmjs.org/safer-buffer cache-hit
397 silly placeDep node_modules/surge emoji-regex@8.0.0 OK for: string-width@4.2.3 want: ^8.0.0
398 silly placeDep node_modules/surge is-fullwidth-code-point@3.0.0 OK for: string-width@4.2.3 want: ^3.0.0
399 silly placeDep node_modules/surge strip-ansi@6.0.1 OK for: string-width@4.2.3 want: ^6.0.1
400 silly fetch manifest ansi-regex@^5.0.1
401 silly packumentCache full:https://registry.npmjs.org/ansi-regex cache-miss
402 http fetch GET 200 https://registry.npmjs.org/ansi-regex 57ms (cache revalidated)
403 silly packumentCache full:https://registry.npmjs.org/ansi-regex set size:43572 disposed:false
404 silly placeDep node_modules/surge ansi-regex@5.0.1 OK for: strip-ansi@6.0.1 want: ^5.0.1
405 silly placeDep node_modules/surge axios@1.7.3 OK for: surge-sdk@0.6.4 want: 1.7.3
406 silly fetch manifest form-data@^4.0.0
407 silly packumentCache full:https://registry.npmjs.org/form-data cache-hit
408 silly fetch manifest proxy-from-env@^1.1.0
409 silly packumentCache full:https://registry.npmjs.org/proxy-from-env cache-miss
410 silly fetch manifest follow-redirects@^1.15.6
411 silly packumentCache full:https://registry.npmjs.org/follow-redirects cache-miss
412 http fetch GET 200 https://registry.npmjs.org/proxy-from-env 42ms (cache revalidated)
413 silly packumentCache full:https://registry.npmjs.org/proxy-from-env set size:15831 disposed:false
414 http fetch GET 200 https://registry.npmjs.org/follow-redirects 45ms (cache revalidated)
415 silly packumentCache full:https://registry.npmjs.org/follow-redirects set size:186700 disposed:false
416 silly placeDep node_modules/surge follow-redirects@1.15.11 OK for: axios@1.7.3 want: ^1.15.6
417 silly placeDep node_modules/surge/node_modules/axios form-data@4.0.5 OK for: axios@1.7.3 want: ^4.0.0
418 silly placeDep node_modules/surge proxy-from-env@1.1.0 OK for: axios@1.7.3 want: ^1.1.0
419 silly fetch manifest es-set-tostringtag@^2.1.0
420 silly packumentCache full:https://registry.npmjs.org/es-set-tostringtag cache-miss
421 silly fetch manifest hasown@^2.0.2
422 silly packumentCache full:https://registry.npmjs.org/hasown cache-miss
423 http fetch GET 200 https://registry.npmjs.org/es-set-tostringtag 36ms (cache revalidated)
424 silly packumentCache full:https://registry.npmjs.org/es-set-tostringtag set size:22094 disposed:false
425 http fetch GET 200 https://registry.npmjs.org/hasown 37ms (cache revalidated)
426 silly packumentCache full:https://registry.npmjs.org/hasown set size:12476 disposed:false
427 silly placeDep node_modules/surge split@1.0.1 OK for: surge-stream@0.6.4 want: ^1.0.1
428 silly placeDep node_modules/surge surge-fstream-ignore@1.1.0 OK for: surge-stream@0.6.4 want: ^1.1.0
429 silly placeDep node_modules/surge/node_modules/surge-stream surge-ignore@0.3.0 OK for: surge-stream@0.6.4 want: ^0.3.0
430 silly placeDep node_modules/surge tarr@1.1.0 OK for: surge-stream@0.6.4 want: ^1.1.0
431 silly fetch manifest through@2
432 silly packumentCache full:https://registry.npmjs.org/through cache-miss
433 silly fetch manifest fstream@1.0.12
434 silly packumentCache full:https://registry.npmjs.org/fstream cache-miss
435 silly fetch manifest inherits@2.0.4
436 silly packumentCache full:https://registry.npmjs.org/inherits cache-miss
437 silly fetch manifest minimatch@7.4.6
438 silly packumentCache full:https://registry.npmjs.org/minimatch cache-miss
439 silly fetch manifest block-stream@*
440 silly packumentCache full:https://registry.npmjs.org/block-stream cache-miss
441 silly fetch manifest fstream@>=1.0.12
442 silly packumentCache full:https://registry.npmjs.org/fstream cache-miss
443 silly fetch manifest inherits@2
444 silly packumentCache full:https://registry.npmjs.org/inherits cache-miss
445 http fetch GET 200 https://registry.npmjs.org/inherits 45ms (cache revalidated)
446 silly packumentCache full:https://registry.npmjs.org/inherits set size:12925 disposed:false
447 http fetch GET 200 https://registry.npmjs.org/inherits 49ms (cache revalidated)
448 silly packumentCache full:https://registry.npmjs.org/inherits set size:12925 disposed:false
449 silly packumentCache full:https://registry.npmjs.org/inherits dispose
450 http fetch GET 200 https://registry.npmjs.org/fstream 49ms (cache revalidated)
451 silly packumentCache full:https://registry.npmjs.org/fstream set size:65658 disposed:false
452 http fetch GET 200 https://registry.npmjs.org/fstream 53ms (cache revalidated)
453 silly packumentCache full:https://registry.npmjs.org/fstream set size:65658 disposed:false
454 silly packumentCache full:https://registry.npmjs.org/fstream dispose
455 http fetch GET 200 https://registry.npmjs.org/through 55ms (cache revalidated)
456 silly packumentCache full:https://registry.npmjs.org/through set size:38387 disposed:false
457 http fetch GET 200 https://registry.npmjs.org/minimatch 55ms (cache revalidated)
458 silly packumentCache full:https://registry.npmjs.org/minimatch set size:306302 disposed:false
459 http fetch GET 200 https://registry.npmjs.org/block-stream 57ms (cache revalidated)
460 silly packumentCache full:https://registry.npmjs.org/block-stream set size:9454 disposed:false
461 silly placeDep node_modules/surge through@2.3.8 OK for: split@1.0.1 want: 2
462 silly placeDep node_modules/surge fstream@1.0.12 OK for: surge-fstream-ignore@1.1.0 want: 1.0.12
463 silly placeDep node_modules/surge inherits@2.0.4 OK for: surge-fstream-ignore@1.1.0 want: 2.0.4
464 silly placeDep node_modules/surge minimatch@7.4.6 OK for: surge-fstream-ignore@1.1.0 want: 7.4.6
465 silly fetch manifest mkdirp@>=0.5 0
466 silly packumentCache full:https://registry.npmjs.org/mkdirp cache-miss
467 silly fetch manifest rimraf@2
468 silly packumentCache full:https://registry.npmjs.org/rimraf cache-miss
469 silly fetch manifest inherits@~2.0.0
470 silly packumentCache full:https://registry.npmjs.org/inherits cache-hit
471 silly fetch manifest graceful-fs@^4.1.2
472 silly packumentCache full:https://registry.npmjs.org/graceful-fs cache-miss
473 silly fetch manifest brace-expansion@^2.0.1
474 silly packumentCache full:https://registry.npmjs.org/brace-expansion cache-miss
475 http fetch GET 200 https://registry.npmjs.org/mkdirp 29ms (cache revalidated)
476 silly packumentCache full:https://registry.npmjs.org/mkdirp set size:116455 disposed:false
477 http fetch GET 200 https://registry.npmjs.org/brace-expansion 31ms (cache revalidated)
478 silly packumentCache full:https://registry.npmjs.org/brace-expansion set size:46250 disposed:false
479 http fetch GET 200 https://registry.npmjs.org/rimraf 33ms (cache revalidated)
480 silly packumentCache full:https://registry.npmjs.org/rimraf set size:208943 disposed:false
481 http fetch GET 200 https://registry.npmjs.org/graceful-fs 38ms (cache revalidated)
482 silly packumentCache full:https://registry.npmjs.org/graceful-fs set size:124285 disposed:false
483 silly placeDep node_modules/surge graceful-fs@4.2.11 OK for: fstream@1.0.12 want: ^4.1.2
484 silly placeDep node_modules/surge mkdirp@0.5.6 OK for: fstream@1.0.12 want: >=0.5 0
485 silly placeDep node_modules/surge rimraf@2.7.1 OK for: fstream@1.0.12 want: 2
486 silly fetch manifest glob@^7.1.3
487 silly packumentCache full:https://registry.npmjs.org/glob cache-miss
488 http fetch GET 200 https://registry.npmjs.org/glob 37ms (cache revalidated)
489 silly packumentCache full:https://registry.npmjs.org/glob set size:452622 disposed:false
490 silly placeDep node_modules/surge brace-expansion@2.0.2 OK for: minimatch@7.4.6 want: ^2.0.1
491 silly fetch manifest balanced-match@^1.0.0
492 silly packumentCache full:https://registry.npmjs.org/balanced-match cache-miss
493 http fetch GET 200 https://registry.npmjs.org/balanced-match 44ms (cache revalidated)
494 silly packumentCache full:https://registry.npmjs.org/balanced-match set size:33860 disposed:false
495 silly placeDep node_modules/surge balanced-match@1.0.2 OK for: brace-expansion@2.0.2 want: ^1.0.0
496 silly placeDep node_modules/surge glob@7.2.3 OK for: rimraf@2.7.1 want: ^7.1.3
497 silly fetch manifest once@^1.3.0
498 silly packumentCache full:https://registry.npmjs.org/once cache-miss
499 silly fetch manifest inflight@^1.0.4
500 silly packumentCache full:https://registry.npmjs.org/inflight cache-miss
501 silly fetch manifest minimatch@^3.1.1
502 silly packumentCache full:https://registry.npmjs.org/minimatch cache-hit
503 silly fetch manifest fs.realpath@^1.0.0
504 silly packumentCache full:https://registry.npmjs.org/fs.realpath cache-miss
505 silly fetch manifest path-is-absolute@^1.0.0
506 silly packumentCache full:https://registry.npmjs.org/path-is-absolute cache-miss
507 http fetch GET 200 https://registry.npmjs.org/inflight 46ms (cache revalidated)
508 silly packumentCache full:https://registry.npmjs.org/inflight set size:13140 disposed:false
509 http fetch GET 200 https://registry.npmjs.org/once 50ms (cache revalidated)
510 silly packumentCache full:https://registry.npmjs.org/once set size:11768 disposed:false
511 http fetch GET 200 https://registry.npmjs.org/fs.realpath 50ms (cache revalidated)
512 silly packumentCache full:https://registry.npmjs.org/fs.realpath set size:4806 disposed:false
513 http fetch GET 200 https://registry.npmjs.org/path-is-absolute 51ms (cache revalidated)
514 silly packumentCache full:https://registry.npmjs.org/path-is-absolute set size:8253 disposed:false
515 silly placeDep node_modules/surge fs.realpath@1.0.0 OK for: glob@7.2.3 want: ^1.0.0
516 silly placeDep node_modules/surge inflight@1.0.6 OK for: glob@7.2.3 want: ^1.0.4
517 silly placeDep node_modules/surge/node_modules/glob minimatch@3.1.2 OK for: glob@7.2.3 want: ^3.1.1
518 silly placeDep node_modules/surge once@1.4.0 OK for: glob@7.2.3 want: ^1.3.0
519 silly placeDep node_modules/surge path-is-absolute@1.0.1 OK for: glob@7.2.3 want: ^1.0.0
520 silly fetch manifest wrappy@1
521 silly packumentCache full:https://registry.npmjs.org/wrappy cache-miss
522 silly fetch manifest brace-expansion@^1.1.7
523 silly packumentCache full:https://registry.npmjs.org/brace-expansion cache-hit
524 silly fetch manifest wrappy@1
525 silly packumentCache full:https://registry.npmjs.org/wrappy cache-miss
526 http fetch GET 200 https://registry.npmjs.org/wrappy 33ms (cache revalidated)
527 silly packumentCache full:https://registry.npmjs.org/wrappy set size:7682 disposed:false
528 http fetch GET 200 https://registry.npmjs.org/wrappy 37ms (cache revalidated)
529 silly packumentCache full:https://registry.npmjs.org/wrappy set size:7682 disposed:false
530 silly packumentCache full:https://registry.npmjs.org/wrappy dispose
531 silly placeDep node_modules/surge wrappy@1.0.2 OK for: inflight@1.0.6 want: 1
532 silly placeDep node_modules/surge block-stream@0.0.9 OK for: tarr@1.1.0 want: *
533 silly placeDep node_modules/surge psl@1.15.0 OK for: tough-cookie@2.5.0 want: ^1.1.28
534 silly placeDep node_modules/surge punycode@2.3.1 OK for: tough-cookie@2.5.0 want: ^2.1.1
535 silly fetch manifest punycode@^2.3.1
536 silly packumentCache full:https://registry.npmjs.org/punycode cache-hit
537 silly placeDep node_modules/surge core-util-is@1.0.2 OK for: verror@1.10.0 want: 1.0.2
538 silly placeDep node_modules/surge es-set-tostringtag@2.1.0 OK for: form-data@4.0.5 want: ^2.1.0
539 silly placeDep node_modules/surge hasown@2.0.2 OK for: form-data@4.0.5 want: ^2.0.2
540 silly fetch manifest es-errors@^1.3.0
541 silly packumentCache full:https://registry.npmjs.org/es-errors cache-miss
542 silly fetch manifest get-intrinsic@^1.2.6
543 silly packumentCache full:https://registry.npmjs.org/get-intrinsic cache-miss
544 silly fetch manifest has-tostringtag@^1.0.2
545 silly packumentCache full:https://registry.npmjs.org/has-tostringtag cache-miss
546 silly fetch manifest function-bind@^1.1.2
547 silly packumentCache full:https://registry.npmjs.org/function-bind cache-miss
548 http fetch GET 200 https://registry.npmjs.org/function-bind 40ms (cache revalidated)
549 silly packumentCache full:https://registry.npmjs.org/function-bind set size:15733 disposed:false
550 http fetch GET 200 https://registry.npmjs.org/has-tostringtag 45ms (cache revalidated)
551 silly packumentCache full:https://registry.npmjs.org/has-tostringtag set size:13945 disposed:false
552 http fetch GET 200 https://registry.npmjs.org/es-errors 48ms (cache revalidated)
553 silly packumentCache full:https://registry.npmjs.org/es-errors set size:16918 disposed:false
554 http fetch GET 200 https://registry.npmjs.org/get-intrinsic 55ms (cache revalidated)
555 silly packumentCache full:https://registry.npmjs.org/get-intrinsic set size:60985 disposed:false
556 silly placeDep node_modules/surge es-errors@1.3.0 OK for: es-set-tostringtag@2.1.0 want: ^1.3.0
557 silly placeDep node_modules/surge get-intrinsic@1.3.0 OK for: es-set-tostringtag@2.1.0 want: ^1.2.6
558 silly placeDep node_modules/surge has-tostringtag@1.0.2 OK for: es-set-tostringtag@2.1.0 want: ^1.0.2
559 silly fetch manifest gopd@^1.2.0
560 silly packumentCache full:https://registry.npmjs.org/gopd cache-miss
561 silly fetch manifest get-proto@^1.0.1
562 silly packumentCache full:https://registry.npmjs.org/get-proto cache-miss
563 silly fetch manifest has-symbols@^1.1.0
564 silly packumentCache full:https://registry.npmjs.org/has-symbols cache-miss
565 silly fetch manifest es-object-atoms@^1.1.1
566 silly packumentCache full:https://registry.npmjs.org/es-object-atoms cache-miss
567 silly fetch manifest math-intrinsics@^1.1.0
568 silly packumentCache full:https://registry.npmjs.org/math-intrinsics cache-miss
569 silly fetch manifest es-define-property@^1.0.1
570 silly packumentCache full:https://registry.npmjs.org/es-define-property cache-miss
571 silly fetch manifest call-bind-apply-helpers@^1.0.2
572 silly packumentCache full:https://registry.npmjs.org/call-bind-apply-helpers cache-miss
573 http fetch GET 200 https://registry.npmjs.org/gopd 50ms (cache revalidated)
574 silly packumentCache full:https://registry.npmjs.org/gopd set size:11458 disposed:false
575 silly fetch manifest has-symbols@^1.0.3
576 silly packumentCache full:https://registry.npmjs.org/has-symbols cache-miss
577 http fetch GET 200 https://registry.npmjs.org/has-symbols 52ms (cache revalidated)
578 silly packumentCache full:https://registry.npmjs.org/has-symbols set size:21550 disposed:false
579 http fetch GET 200 https://registry.npmjs.org/math-intrinsics 52ms (cache revalidated)
580 silly packumentCache full:https://registry.npmjs.org/math-intrinsics set size:9265 disposed:false
581 http fetch GET 200 https://registry.npmjs.org/get-proto 56ms (cache revalidated)
582 silly packumentCache full:https://registry.npmjs.org/get-proto set size:8300 disposed:false
583 http fetch GET 200 https://registry.npmjs.org/es-define-property 56ms (cache revalidated)
584 silly packumentCache full:https://registry.npmjs.org/es-define-property set size:8542 disposed:false
585 http fetch GET 200 https://registry.npmjs.org/es-object-atoms 58ms (cache revalidated)
586 silly packumentCache full:https://registry.npmjs.org/es-object-atoms set size:15304 disposed:false
587 http fetch GET 200 https://registry.npmjs.org/call-bind-apply-helpers 57ms (cache revalidated)
588 silly packumentCache full:https://registry.npmjs.org/call-bind-apply-helpers set size:12744 disposed:false
589 http cache https://registry.npmjs.org/has-symbols 13ms (cache hit)
590 silly packumentCache full:https://registry.npmjs.org/has-symbols set size:21550 disposed:false
591 silly packumentCache full:https://registry.npmjs.org/has-symbols dispose
592 silly placeDep node_modules/surge call-bind-apply-helpers@1.0.2 OK for: get-intrinsic@1.3.0 want: ^1.0.2
593 silly placeDep node_modules/surge es-define-property@1.0.1 OK for: get-intrinsic@1.3.0 want: ^1.0.1
594 silly placeDep node_modules/surge es-object-atoms@1.1.1 OK for: get-intrinsic@1.3.0 want: ^1.1.1
595 silly placeDep node_modules/surge function-bind@1.1.2 OK for: get-intrinsic@1.3.0 want: ^1.1.2
596 silly placeDep node_modules/surge get-proto@1.0.1 OK for: get-intrinsic@1.3.0 want: ^1.0.1
597 silly placeDep node_modules/surge gopd@1.2.0 OK for: get-intrinsic@1.3.0 want: ^1.2.0
598 silly placeDep node_modules/surge has-symbols@1.1.0 OK for: get-intrinsic@1.3.0 want: ^1.1.0
599 silly placeDep node_modules/surge math-intrinsics@1.1.0 OK for: get-intrinsic@1.3.0 want: ^1.1.0
600 silly fetch manifest dunder-proto@^1.0.1
601 silly packumentCache full:https://registry.npmjs.org/dunder-proto cache-miss
602 http fetch GET 200 https://registry.npmjs.org/dunder-proto 37ms (cache revalidated)
603 silly packumentCache full:https://registry.npmjs.org/dunder-proto set size:8256 disposed:false
604 silly placeDep node_modules/surge dunder-proto@1.0.1 OK for: get-proto@1.0.1 want: ^1.0.1
605 silly placeDep node_modules/surge/node_modules/glob brace-expansion@1.1.12 OK for: minimatch@3.1.2 want: ^1.1.7
606 silly fetch manifest concat-map@0.0.1
607 silly packumentCache full:https://registry.npmjs.org/concat-map cache-miss
608 http fetch GET 200 https://registry.npmjs.org/concat-map 40ms (cache revalidated)
609 silly packumentCache full:https://registry.npmjs.org/concat-map set size:9290 disposed:false
610 silly placeDep node_modules/surge concat-map@0.0.1 OK for: brace-expansion@1.1.12 want: 0.0.1
611 silly reify mark retired [
611 silly reify   '/data/data/com.termux/files/usr/lib/node_modules/surge',
611 silly reify   '/data/data/com.termux/files/usr/bin/surge'
611 silly reify ]
612 silly reify moves {
612 silly reify   '/data/data/com.termux/files/usr/lib/node_modules/surge': '/data/data/com.termux/files/usr/lib/node_modules/.surge-yitjcjt9',
612 silly reify   '/data/data/com.termux/files/usr/bin/surge': '/data/data/com.termux/files/usr/bin/.surge-0Eqc4vom'
612 silly reify }
613 http cache surge@https://registry.npmjs.org/surge/-/surge-0.24.6.tgz 0ms (cache hit)
614 http cache wrappy@https://registry.npmjs.org/wrappy/-/wrappy-1.0.2.tgz 0ms (cache hit)
615 http cache uuid@https://registry.npmjs.org/uuid/-/uuid-3.4.0.tgz 0ms (cache hit)
616 http cache sshpk@https://registry.npmjs.org/sshpk/-/sshpk-1.18.0.tgz 0ms (cache hit)
617 http cache xbytes@https://registry.npmjs.org/xbytes/-/xbytes-1.9.1.tgz 0ms (cache hit)
618 http cache surge-sdk@https://registry.npmjs.org/surge-sdk/-/surge-sdk-0.6.4.tgz 0ms (cache hit)
619 http cache tweetnacl@https://registry.npmjs.org/tweetnacl/-/tweetnacl-0.14.5.tgz 0ms (cache hit)
620 http cache through@https://registry.npmjs.org/through/-/through-2.3.8.tgz 0ms (cache hit)
621 http cache url-parse-as-address@https://registry.npmjs.org/url-parse-as-address/-/url-parse-as-address-1.0.0.tgz 0ms (cache hit)
622 http cache surge-fstream-ignore@https://registry.npmjs.org/surge-fstream-ignore/-/surge-fstream-ignore-1.1.0.tgz 0ms (cache hit)
623 http cache verror@https://registry.npmjs.org/verror/-/verror-1.10.0.tgz 0ms (cache hit)
624 http cache surge-ignore@https://registry.npmjs.org/surge-ignore/-/surge-ignore-0.3.0.tgz 0ms (cache hit)
625 http cache tunnel-agent@https://registry.npmjs.org/tunnel-agent/-/tunnel-agent-0.6.0.tgz 0ms (cache hit)
626 http cache surge-stream@https://registry.npmjs.org/surge-stream/-/surge-stream-0.6.4.tgz 0ms (cache hit)
627 http cache tarr@https://registry.npmjs.org/tarr/-/tarr-1.1.0.tgz 0ms (cache hit)
628 http cache uri-js@https://registry.npmjs.org/uri-js/-/uri-js-4.4.1.tgz 0ms (cache hit)
629 http cache request@https://registry.npmjs.org/request/-/request-2.88.2.tgz 0ms (cache hit)
630 http cache tough-cookie@https://registry.npmjs.org/tough-cookie/-/tough-cookie-2.5.0.tgz 0ms (cache hit)
631 http cache surge-ignore@https://registry.npmjs.org/surge-ignore/-/surge-ignore-0.2.0.tgz 0ms (cache hit)
632 http cache sisteransi@https://registry.npmjs.org/sisteransi/-/sisteransi-1.0.5.tgz 0ms (cache hit)
633 http cache safer-buffer@https://registry.npmjs.org/safer-buffer/-/safer-buffer-2.1.2.tgz 0ms (cache hit)
634 http cache string-width@https://registry.npmjs.org/string-width/-/string-width-4.2.3.tgz 0ms (cache hit)
635 http cache split@https://registry.npmjs.org/split/-/split-1.0.1.tgz 0ms (cache hit)
636 http cache safe-buffer@https://registry.npmjs.org/safe-buffer/-/safe-buffer-5.2.1.tgz 0ms (cache hit)
637 http cache rimraf@https://registry.npmjs.org/rimraf/-/rimraf-2.7.1.tgz 0ms (cache hit)
638 http cache psl@https://registry.npmjs.org/psl/-/psl-1.15.0.tgz 0ms (cache hit)
639 http cache punycode@https://registry.npmjs.org/punycode/-/punycode-2.3.1.tgz 0ms (cache hit)
640 http cache qs@https://registry.npmjs.org/qs/-/qs-6.5.3.tgz 0ms (cache hit)
641 http cache read@https://registry.npmjs.org/read/-/read-1.0.5.tgz 0ms (cache hit)
642 http cache strip-ansi@https://registry.npmjs.org/strip-ansi/-/strip-ansi-6.0.1.tgz 0ms (cache hit)
643 http cache proxy-from-env@https://registry.npmjs.org/proxy-from-env/-/proxy-from-env-1.1.0.tgz 0ms (cache hit)
644 http cache oauth-sign@https://registry.npmjs.org/oauth-sign/-/oauth-sign-0.9.0.tgz 0ms (cache hit)
645 http cache path-is-absolute@https://registry.npmjs.org/path-is-absolute/-/path-is-absolute-1.0.1.tgz 0ms (cache hit)
646 http cache performance-now@https://registry.npmjs.org/performance-now/-/performance-now-2.1.0.tgz 0ms (cache hit)
647 http cache prompts@https://registry.npmjs.org/prompts/-/prompts-2.4.2.tgz 0ms (cache hit)
648 http cache netrc@https://registry.npmjs.org/netrc/-/netrc-0.1.4.tgz 0ms (cache hit)
649 http cache moniker@https://registry.npmjs.org/moniker/-/moniker-0.1.2.tgz 0ms (cache hit)
650 http cache mute-stream@https://registry.npmjs.org/mute-stream/-/mute-stream-0.0.8.tgz 0ms (cache hit)
651 http cache once@https://registry.npmjs.org/once/-/once-1.4.0.tgz 0ms (cache hit)
652 http cache minimist@https://registry.npmjs.org/minimist/-/minimist-1.2.6.tgz 0ms (cache hit)
653 http cache progress@https://registry.npmjs.org/progress/-/progress-2.0.3.tgz 0ms (cache hit)
654 http cache mkdirp@https://registry.npmjs.org/mkdirp/-/mkdirp-0.5.6.tgz 0ms (cache hit)
655 http cache minimatch@https://registry.npmjs.org/minimatch/-/minimatch-7.4.6.tgz 0ms (cache hit)
656 http cache follow-redirects@https://registry.npmjs.org/follow-redirects/-/follow-redirects-1.15.11.tgz 0ms (cache hit)
657 http cache math-intrinsics@https://registry.npmjs.org/math-intrinsics/-/math-intrinsics-1.1.0.tgz 0ms (cache hit)
658 http cache mime-db@https://registry.npmjs.org/mime-db/-/mime-db-1.52.0.tgz 0ms (cache hit)
659 http cache mime-types@https://registry.npmjs.org/mime-types/-/mime-types-2.1.35.tgz 0ms (cache hit)
660 http cache jsprim@https://registry.npmjs.org/jsprim/-/jsprim-1.4.2.tgz 0ms (cache hit)
661 http cache json-schema@https://registry.npmjs.org/json-schema/-/json-schema-0.4.0.tgz 0ms (cache hit)
662 http cache is-domain@https://registry.npmjs.org/is-domain/-/is-domain-0.0.1.tgz 0ms (cache hit)
663 http cache json-schema-traverse@https://registry.npmjs.org/json-schema-traverse/-/json-schema-traverse-0.4.1.tgz 0ms (cache hit)
664 http cache is-fullwidth-code-point@https://registry.npmjs.org/is-fullwidth-code-point/-/is-fullwidth-code-point-3.0.0.tgz 0ms (cache hit)
665 http cache jsbn@https://registry.npmjs.org/jsbn/-/jsbn-0.1.1.tgz 0ms (cache hit)
666 http cache is-typedarray@https://registry.npmjs.org/is-typedarray/-/is-typedarray-1.0.0.tgz 0ms (cache hit)
667 http cache forever-agent@https://registry.npmjs.org/forever-agent/-/forever-agent-0.6.1.tgz 0ms (cache hit)
668 http cache json-stringify-safe@https://registry.npmjs.org/json-stringify-safe/-/json-stringify-safe-5.0.1.tgz 0ms (cache hit)
669 http cache isstream@https://registry.npmjs.org/isstream/-/isstream-0.1.2.tgz 0ms (cache hit)
670 http cache inherits@https://registry.npmjs.org/inherits/-/inherits-2.0.4.tgz 0ms (cache hit)
671 http cache hasown@https://registry.npmjs.org/hasown/-/hasown-2.0.2.tgz 0ms (cache hit)
672 http cache http-signature@https://registry.npmjs.org/http-signature/-/http-signature-1.2.0.tgz 0ms (cache hit)
673 http cache human-readable-numbers@https://registry.npmjs.org/human-readable-numbers/-/human-readable-numbers-0.9.5.tgz 0ms (cache hit)
674 http cache inflight@https://registry.npmjs.org/inflight/-/inflight-1.0.6.tgz 0ms (cache hit)
675 http cache har-validator@https://registry.npmjs.org/har-validator/-/har-validator-5.1.5.tgz 0ms (cache hit)
676 http cache kleur@https://registry.npmjs.org/kleur/-/kleur-3.0.3.tgz 0ms (cache hit)
677 http cache has-tostringtag@https://registry.npmjs.org/has-tostringtag/-/has-tostringtag-1.0.2.tgz 0ms (cache hit)
678 http cache has-symbols@https://registry.npmjs.org/has-symbols/-/has-symbols-1.1.0.tgz 0ms (cache hit)
679 http cache har-schema@https://registry.npmjs.org/har-schema/-/har-schema-2.0.0.tgz 0ms (cache hit)
680 http cache get-proto@https://registry.npmjs.org/get-proto/-/get-proto-1.0.1.tgz 0ms (cache hit)
681 http cache glob@https://registry.npmjs.org/glob/-/glob-7.2.3.tgz 0ms (cache hit)
682 http cache graceful-fs@https://registry.npmjs.org/graceful-fs/-/graceful-fs-4.2.11.tgz 0ms (cache hit)
683 http cache minimatch@https://registry.npmjs.org/minimatch/-/minimatch-3.1.2.tgz 0ms (cache hit)
684 http cache getpass@https://registry.npmjs.org/getpass/-/getpass-0.1.7.tgz 0ms (cache hit)
685 http cache gopd@https://registry.npmjs.org/gopd/-/gopd-1.2.0.tgz 0ms (cache hit)
686 http cache brace-expansion@https://registry.npmjs.org/brace-expansion/-/brace-expansion-1.1.12.tgz 0ms (cache hit)
687 http cache function-bind@https://registry.npmjs.org/function-bind/-/function-bind-1.1.2.tgz 0ms (cache hit)
688 http cache get-intrinsic@https://registry.npmjs.org/get-intrinsic/-/get-intrinsic-1.3.0.tgz 0ms (cache hit)
689 http cache extsprintf@https://registry.npmjs.org/extsprintf/-/extsprintf-1.3.0.tgz 0ms (cache hit)
690 http cache fstream@https://registry.npmjs.org/fstream/-/fstream-1.0.12.tgz 0ms (cache hit)
691 http cache fast-deep-equal@https://registry.npmjs.org/fast-deep-equal/-/fast-deep-equal-3.1.3.tgz 0ms (cache hit)
692 http cache fs.realpath@https://registry.npmjs.org/fs.realpath/-/fs.realpath-1.0.0.tgz 0ms (cache hit)
693 http cache fast-json-stable-stringify@https://registry.npmjs.org/fast-json-stable-stringify/-/fast-json-stable-stringify-2.1.0.tgz 0ms (cache hit)
694 http cache asn1@https://registry.npmjs.org/asn1/-/asn1-0.2.6.tgz 0ms (cache hit)
695 http cache es-set-tostringtag@https://registry.npmjs.org/es-set-tostringtag/-/es-set-tostringtag-2.1.0.tgz 0ms (cache hit)
696 http cache form-data@https://registry.npmjs.org/form-data/-/form-data-2.3.3.tgz 0ms (cache hit)
697 http cache es-errors@https://registry.npmjs.org/es-errors/-/es-errors-1.3.0.tgz 0ms (cache hit)
698 http cache es-object-atoms@https://registry.npmjs.org/es-object-atoms/-/es-object-atoms-1.1.1.tgz 0ms (cache hit)
699 http cache es-define-property@https://registry.npmjs.org/es-define-property/-/es-define-property-1.0.1.tgz 0ms (cache hit)
700 http cache dashdash@https://registry.npmjs.org/dashdash/-/dashdash-1.14.1.tgz 0ms (cache hit)
701 http cache extend@https://registry.npmjs.org/extend/-/extend-3.0.2.tgz 0ms (cache hit)
702 http cache core-util-is@https://registry.npmjs.org/core-util-is/-/core-util-is-1.0.2.tgz 0ms (cache hit)
703 http cache emoji-regex@https://registry.npmjs.org/emoji-regex/-/emoji-regex-8.0.0.tgz 0ms (cache hit)
704 http cache dunder-proto@https://registry.npmjs.org/dunder-proto/-/dunder-proto-1.0.1.tgz 0ms (cache hit)
705 http cache concat-map@https://registry.npmjs.org/concat-map/-/concat-map-0.0.1.tgz 0ms (cache hit)
706 http cache ecc-jsbn@https://registry.npmjs.org/ecc-jsbn/-/ecc-jsbn-0.1.2.tgz 0ms (cache hit)
707 http cache combined-stream@https://registry.npmjs.org/combined-stream/-/combined-stream-1.0.8.tgz 0ms (cache hit)
708 http cache delayed-stream@https://registry.npmjs.org/delayed-stream/-/delayed-stream-1.0.0.tgz 0ms (cache hit)
709 http cache caseless@https://registry.npmjs.org/caseless/-/caseless-0.12.0.tgz 0ms (cache hit)
710 http cache asynckit@https://registry.npmjs.org/asynckit/-/asynckit-0.4.0.tgz 0ms (cache hit)
711 http cache bcrypt-pbkdf@https://registry.npmjs.org/bcrypt-pbkdf/-/bcrypt-pbkdf-1.0.2.tgz 0ms (cache hit)
712 http cache colors@https://registry.npmjs.org/colors/-/colors-1.4.0.tgz 0ms (cache hit)
713 http cache call-bind-apply-helpers@https://registry.npmjs.org/call-bind-apply-helpers/-/call-bind-apply-helpers-1.0.2.tgz 0ms (cache hit)
714 http cache cli-table3@https://registry.npmjs.org/cli-table3/-/cli-table3-0.6.1.tgz 0ms (cache hit)
715 http cache brace-expansion@https://registry.npmjs.org/brace-expansion/-/brace-expansion-2.0.2.tgz 0ms (cache hit)
716 http cache aws-sign2@https://registry.npmjs.org/aws-sign2/-/aws-sign2-0.7.0.tgz 0ms (cache hit)
717 http cache aws4@https://registry.npmjs.org/aws4/-/aws4-1.13.2.tgz 0ms (cache hit)
718 http cache balanced-match@https://registry.npmjs.org/balanced-match/-/balanced-match-1.0.2.tgz 0ms (cache hit)
719 http cache block-stream@https://registry.npmjs.org/block-stream/-/block-stream-0.0.9.tgz 0ms (cache hit)
720 http cache axios@https://registry.npmjs.org/axios/-/axios-1.7.3.tgz 0ms (cache hit)
721 http cache ansi-regex@https://registry.npmjs.org/ansi-regex/-/ansi-regex-5.0.1.tgz 0ms (cache hit)
722 http cache ajv@https://registry.npmjs.org/ajv/-/ajv-6.12.6.tgz 0ms (cache hit)
723 http cache babar@https://registry.npmjs.org/babar/-/babar-0.2.3.tgz 0ms (cache hit)
724 http cache form-data@https://registry.npmjs.org/form-data/-/form-data-4.0.5.tgz 0ms (cache hit)
725 http cache assert-plus@https://registry.npmjs.org/assert-plus/-/assert-plus-1.0.0.tgz 0ms (cache hit)
726 warn deprecated inflight@1.0.6: This module is not supported, and leaks memory. Do not use it. Check out lru-cache if you want a good and tested way to coalesce async requests by a key value, which is much more comprehensive and powerful.
727 warn deprecated rimraf@2.7.1: Rimraf versions prior to v4 are no longer supported
728 warn deprecated har-validator@5.1.5: this library is no longer supported
729 warn deprecated glob@7.2.3: Old versions of glob are not supported, and contain widely publicized security vulnerabilities, which have been fixed in the current version. Please update. Support for old versions may be purchased (at exorbitant rates) by contacting i@izs.me
730 warn deprecated uuid@3.4.0: Please upgrade  to version 7 or higher.  Older versions may use Math.random() in certain circumstances, which is known to be problematic.  See https://v8.dev/blog/math-random for details.
731 warn deprecated request@2.88.2: request has been deprecated, see https://github.com/request/request/issues/3142
732 warn deprecated fstream@1.0.12: This package is no longer supported.
733 silly CHANGE node_modules/surge
734 silly CHANGE node_modules/surge/node_modules/sshpk
735 silly CHANGE node_modules/surge/node_modules/uuid
736 silly CHANGE node_modules/surge/node_modules/xbytes
737 silly CHANGE node_modules/surge/node_modules/wrappy
738 silly CHANGE node_modules/surge/node_modules/surge-sdk
739 silly CHANGE node_modules/surge/node_modules/verror
740 silly CHANGE node_modules/surge/node_modules/uri-js
741 silly CHANGE node_modules/surge/node_modules/url-parse-as-address
742 silly CHANGE node_modules/surge/node_modules/tweetnacl
743 silly CHANGE node_modules/surge/node_modules/through
744 silly CHANGE node_modules/surge/node_modules/surge-fstream-ignore
745 silly CHANGE node_modules/surge/node_modules/tarr
746 silly CHANGE node_modules/surge/node_modules/surge-stream
747 silly CHANGE node_modules/surge/node_modules/surge-stream/node_modules/surge-ignore
748 silly CHANGE node_modules/surge/node_modules/tunnel-agent
749 silly CHANGE node_modules/surge/node_modules/request
750 silly CHANGE node_modules/surge/node_modules/tough-cookie
751 silly CHANGE node_modules/surge/node_modules/surge-ignore
752 silly CHANGE node_modules/surge/node_modules/safer-buffer
753 silly CHANGE node_modules/surge/node_modules/sisteransi
754 silly CHANGE node_modules/surge/node_modules/strip-ansi
755 silly CHANGE node_modules/surge/node_modules/string-width
756 silly CHANGE node_modules/surge/node_modules/split
757 silly CHANGE node_modules/surge/node_modules/safe-buffer
758 silly CHANGE node_modules/surge/node_modules/rimraf
759 silly CHANGE node_modules/surge/node_modules/psl
760 silly CHANGE node_modules/surge/node_modules/punycode
761 silly CHANGE node_modules/surge/node_modules/read
762 silly CHANGE node_modules/surge/node_modules/proxy-from-env
763 silly CHANGE node_modules/surge/node_modules/prompts
764 silly CHANGE node_modules/surge/node_modules/qs
765 silly CHANGE node_modules/surge/node_modules/oauth-sign
766 silly CHANGE node_modules/surge/node_modules/path-is-absolute
767 silly CHANGE node_modules/surge/node_modules/performance-now
768 silly CHANGE node_modules/surge/node_modules/progress
769 silly CHANGE node_modules/surge/node_modules/mkdirp
770 silly CHANGE node_modules/surge/node_modules/netrc
771 silly CHANGE node_modules/surge/node_modules/once
772 silly CHANGE node_modules/surge/node_modules/moniker
773 silly CHANGE node_modules/surge/node_modules/mute-stream
774 silly CHANGE node_modules/surge/node_modules/minimist
775 silly CHANGE node_modules/surge/node_modules/minimatch
776 silly CHANGE node_modules/surge/node_modules/follow-redirects
777 silly CHANGE node_modules/surge/node_modules/mime-types
778 silly CHANGE node_modules/surge/node_modules/json-schema-traverse
779 silly CHANGE node_modules/surge/node_modules/math-intrinsics
780 silly CHANGE node_modules/surge/node_modules/mime-db
781 silly CHANGE node_modules/surge/node_modules/kleur
782 silly CHANGE node_modules/surge/node_modules/jsprim
783 silly CHANGE node_modules/surge/node_modules/json-stringify-safe
784 silly CHANGE node_modules/surge/node_modules/json-schema
785 silly CHANGE node_modules/surge/node_modules/is-domain
786 silly CHANGE node_modules/surge/node_modules/jsbn
787 silly CHANGE node_modules/surge/node_modules/isstream
788 silly CHANGE node_modules/surge/node_modules/is-fullwidth-code-point
789 silly CHANGE node_modules/surge/node_modules/is-typedarray
790 silly CHANGE node_modules/surge/node_modules/inherits
791 silly CHANGE node_modules/surge/node_modules/forever-agent
792 silly CHANGE node_modules/surge/node_modules/http-signature
793 silly CHANGE node_modules/surge/node_modules/inflight
794 silly CHANGE node_modules/surge/node_modules/hasown
795 silly CHANGE node_modules/surge/node_modules/human-readable-numbers
796 silly CHANGE node_modules/surge/node_modules/has-tostringtag
797 silly CHANGE node_modules/surge/node_modules/har-validator
798 silly CHANGE node_modules/surge/node_modules/has-symbols
799 silly CHANGE node_modules/surge/node_modules/graceful-fs
800 silly CHANGE node_modules/surge/node_modules/har-schema
801 silly CHANGE node_modules/surge/node_modules/get-proto
802 silly CHANGE node_modules/surge/node_modules/gopd
803 silly CHANGE node_modules/surge/node_modules/getpass
804 silly CHANGE node_modules/surge/node_modules/glob
805 silly CHANGE node_modules/surge/node_modules/glob/node_modules/brace-expansion
806 silly CHANGE node_modules/surge/node_modules/glob/node_modules/minimatch
807 silly CHANGE node_modules/surge/node_modules/function-bind
808 silly CHANGE node_modules/surge/node_modules/fstream
809 silly CHANGE node_modules/surge/node_modules/get-intrinsic
810 silly CHANGE node_modules/surge/node_modules/fs.realpath
811 silly CHANGE node_modules/surge/node_modules/fast-deep-equal
812 silly CHANGE node_modules/surge/node_modules/extsprintf
813 silly CHANGE node_modules/surge/node_modules/fast-json-stable-stringify
814 silly CHANGE node_modules/surge/node_modules/form-data
815 silly CHANGE node_modules/surge/node_modules/asn1
816 silly CHANGE node_modules/surge/node_modules/extend
817 silly CHANGE node_modules/surge/node_modules/es-define-property
818 silly CHANGE node_modules/surge/node_modules/es-set-tostringtag
819 silly CHANGE node_modules/surge/node_modules/es-object-atoms
820 silly CHANGE node_modules/surge/node_modules/es-errors
821 silly CHANGE node_modules/surge/node_modules/emoji-regex
822 silly CHANGE node_modules/surge/node_modules/dashdash
823 silly CHANGE node_modules/surge/node_modules/core-util-is
824 silly CHANGE node_modules/surge/node_modules/concat-map
825 silly CHANGE node_modules/surge/node_modules/dunder-proto
826 silly CHANGE node_modules/surge/node_modules/ecc-jsbn
827 silly CHANGE node_modules/surge/node_modules/combined-stream
828 silly CHANGE node_modules/surge/node_modules/asynckit
829 silly CHANGE node_modules/surge/node_modules/colors
830 silly CHANGE node_modules/surge/node_modules/delayed-stream
831 silly CHANGE node_modules/surge/node_modules/caseless
832 silly CHANGE node_modules/surge/node_modules/bcrypt-pbkdf
833 silly CHANGE node_modules/surge/node_modules/call-bind-apply-helpers
834 silly CHANGE node_modules/surge/node_modules/aws-sign2
835 silly CHANGE node_modules/surge/node_modules/cli-table3
836 silly CHANGE node_modules/surge/node_modules/aws4
837 silly CHANGE node_modules/surge/node_modules/babar
838 silly CHANGE node_modules/surge/node_modules/brace-expansion
839 silly CHANGE node_modules/surge/node_modules/balanced-match
840 silly CHANGE node_modules/surge/node_modules/block-stream
841 silly CHANGE node_modules/surge/node_modules/ansi-regex
842 silly CHANGE node_modules/surge/node_modules/axios
843 silly CHANGE node_modules/surge/node_modules/axios/node_modules/form-data
844 silly CHANGE node_modules/surge/node_modules/ajv
845 silly CHANGE node_modules/surge/node_modules/assert-plus
846 verbose cwd /data/data/com.termux/files/home/Finux
847 verbose os Linux 6.6.98-android15-8-g4b48560cd07d-ab14239520-4k
848 verbose node v25.3.0
849 verbose npm  v11.9.0
850 verbose exit 0
851 info ok
