0 verbose cli /data/data/com.termux/files/usr/bin/node /data/data/com.termux/files/usr/bin/npm
1 info using npm@11.9.0
2 info using node@v25.3.0
3 silly config load:file:/data/data/com.termux/files/usr/lib/node_modules/npm/npmrc
4 silly config load:file:/data/data/com.termux/files/home/.npmrc
5 silly config load:file:/data/data/com.termux/files/usr/etc/npmrc
6 verbose title npm install gm
7 verbose argv "install" "--global" "gm"
8 verbose logfile logs-max:10 dir:/data/data/com.termux/files/home/.npm/_logs/2026-02-06T01_17_06_877Z-
9 verbose logfile /data/data/com.termux/files/home/.npm/_logs/2026-02-06T01_17_06_877Z-debug-0.log
10 silly packumentCache heap:2248146944 maxSize:562036736 maxEntrySize:281018368
11 silly logfile done cleaning log files
12 silly idealTree buildDeps
13 silly fetch manifest gm@*
14 silly packumentCache full:https://registry.npmjs.org/gm cache-miss
15 http fetch GET 200 https://registry.npmjs.org/gm 311ms (cache miss)
16 silly packumentCache full:https://registry.npmjs.org/gm set size:undefined disposed:false
17 silly placeDep ROOT gm@1.25.1 OK for:  want: *
18 silly fetch manifest debug@^3.1.0
19 silly packumentCache full:https://registry.npmjs.org/debug cache-miss
20 silly fetch manifest cross-spawn@^7.0.5
21 silly packumentCache full:https://registry.npmjs.org/cross-spawn cache-miss
22 silly fetch manifest array-series@~0.1.5
23 silly packumentCache full:https://registry.npmjs.org/array-series cache-miss
24 silly fetch manifest array-parallel@~0.1.3
25 silly packumentCache full:https://registry.npmjs.org/array-parallel cache-miss
26 http fetch GET 200 https://registry.npmjs.org/debug 62ms (cache miss)
27 silly packumentCache full:https://registry.npmjs.org/debug set size:undefined disposed:false
28 http fetch GET 200 https://registry.npmjs.org/array-parallel 92ms (cache miss)
29 silly packumentCache full:https://registry.npmjs.org/array-parallel set size:undefined disposed:false
30 http fetch GET 200 https://registry.npmjs.org/array-series 94ms (cache miss)
31 silly packumentCache full:https://registry.npmjs.org/array-series set size:undefined disposed:false
32 http fetch GET 200 https://registry.npmjs.org/cross-spawn 95ms (cache miss)
33 silly packumentCache full:https://registry.npmjs.org/cross-spawn set size:undefined disposed:false
34 silly placeDep node_modules/gm array-parallel@0.1.3 OK for: gm@1.25.1 want: ~0.1.3
35 silly placeDep node_modules/gm array-series@0.1.5 OK for: gm@1.25.1 want: ~0.1.5
36 silly placeDep node_modules/gm cross-spawn@7.0.6 OK for: gm@1.25.1 want: ^7.0.5
37 silly placeDep node_modules/gm debug@3.2.7 OK for: gm@1.25.1 want: ^3.1.0
38 silly fetch manifest which@^2.0.1
39 silly packumentCache full:https://registry.npmjs.org/which cache-miss
40 silly fetch manifest path-key@^3.1.0
41 silly packumentCache full:https://registry.npmjs.org/path-key cache-miss
42 silly fetch manifest shebang-command@^2.0.0
43 silly packumentCache full:https://registry.npmjs.org/shebang-command cache-miss
44 silly fetch manifest ms@^2.1.1
45 silly packumentCache full:https://registry.npmjs.org/ms cache-miss
46 http fetch GET 200 https://registry.npmjs.org/path-key 56ms (cache miss)
47 silly packumentCache full:https://registry.npmjs.org/path-key set size:undefined disposed:false
48 http fetch GET 200 https://registry.npmjs.org/shebang-command 58ms (cache miss)
49 silly packumentCache full:https://registry.npmjs.org/shebang-command set size:undefined disposed:false
50 http fetch GET 200 https://registry.npmjs.org/which 60ms (cache miss)
51 silly packumentCache full:https://registry.npmjs.org/which set size:undefined disposed:false
52 http fetch GET 200 https://registry.npmjs.org/ms 66ms (cache miss)
53 silly packumentCache full:https://registry.npmjs.org/ms set size:undefined disposed:false
54 silly placeDep node_modules/gm path-key@3.1.1 OK for: cross-spawn@7.0.6 want: ^3.1.0
55 silly placeDep node_modules/gm shebang-command@2.0.0 OK for: cross-spawn@7.0.6 want: ^2.0.0
56 silly placeDep node_modules/gm which@2.0.2 OK for: cross-spawn@7.0.6 want: ^2.0.1
57 silly fetch manifest shebang-regex@^3.0.0
58 silly packumentCache full:https://registry.npmjs.org/shebang-regex cache-miss
59 silly fetch manifest isexe@^2.0.0
60 silly packumentCache full:https://registry.npmjs.org/isexe cache-miss
61 http fetch GET 200 https://registry.npmjs.org/shebang-regex 45ms (cache miss)
62 silly packumentCache full:https://registry.npmjs.org/shebang-regex set size:undefined disposed:false
63 http fetch GET 200 https://registry.npmjs.org/isexe 47ms (cache miss)
64 silly packumentCache full:https://registry.npmjs.org/isexe set size:undefined disposed:false
65 silly placeDep node_modules/gm ms@2.1.3 OK for: debug@3.2.7 want: ^2.1.1
66 silly placeDep node_modules/gm shebang-regex@3.0.0 OK for: shebang-command@2.0.0 want: ^3.0.0
67 silly placeDep node_modules/gm isexe@2.0.0 OK for: which@2.0.2 want: ^2.0.0
68 silly reify moves {}
69 http cache gm@https://registry.npmjs.org/gm/-/gm-1.25.1.tgz 0ms (cache hit)
70 http cache which@https://registry.npmjs.org/which/-/which-2.0.2.tgz 0ms (cache hit)
71 http cache shebang-command@https://registry.npmjs.org/shebang-command/-/shebang-command-2.0.0.tgz 0ms (cache hit)
72 http cache shebang-regex@https://registry.npmjs.org/shebang-regex/-/shebang-regex-3.0.0.tgz 0ms (cache hit)
73 http cache array-series@https://registry.npmjs.org/array-series/-/array-series-0.1.5.tgz 0ms (cache hit)
74 http cache debug@https://registry.npmjs.org/debug/-/debug-3.2.7.tgz 0ms (cache hit)
75 http cache array-parallel@https://registry.npmjs.org/array-parallel/-/array-parallel-0.1.3.tgz 0ms (cache hit)
76 http cache path-key@https://registry.npmjs.org/path-key/-/path-key-3.1.1.tgz 0ms (cache hit)
77 http cache ms@https://registry.npmjs.org/ms/-/ms-2.1.3.tgz 0ms (cache hit)
78 http cache cross-spawn@https://registry.npmjs.org/cross-spawn/-/cross-spawn-7.0.6.tgz 0ms (cache hit)
79 http cache isexe@https://registry.npmjs.org/isexe/-/isexe-2.0.0.tgz 0ms (cache hit)
80 silly tarball no local data for gm@https://registry.npmjs.org/gm/-/gm-1.25.1.tgz. Extracting by manifest.
81 silly tarball no local data for which@https://registry.npmjs.org/which/-/which-2.0.2.tgz. Extracting by manifest.
82 silly tarball no local data for shebang-command@https://registry.npmjs.org/shebang-command/-/shebang-command-2.0.0.tgz. Extracting by manifest.
83 silly tarball no local data for shebang-regex@https://registry.npmjs.org/shebang-regex/-/shebang-regex-3.0.0.tgz. Extracting by manifest.
84 silly tarball no local data for array-series@https://registry.npmjs.org/array-series/-/array-series-0.1.5.tgz. Extracting by manifest.
85 silly tarball no local data for debug@https://registry.npmjs.org/debug/-/debug-3.2.7.tgz. Extracting by manifest.
86 silly tarball no local data for array-parallel@https://registry.npmjs.org/array-parallel/-/array-parallel-0.1.3.tgz. Extracting by manifest.
87 silly tarball no local data for path-key@https://registry.npmjs.org/path-key/-/path-key-3.1.1.tgz. Extracting by manifest.
88 silly tarball no local data for ms@https://registry.npmjs.org/ms/-/ms-2.1.3.tgz. Extracting by manifest.
89 silly tarball no local data for cross-spawn@https://registry.npmjs.org/cross-spawn/-/cross-spawn-7.0.6.tgz. Extracting by manifest.
90 silly tarball no local data for isexe@https://registry.npmjs.org/isexe/-/isexe-2.0.0.tgz. Extracting by manifest.
91 http fetch GET 200 https://registry.npmjs.org/shebang-command/-/shebang-command-2.0.0.tgz 65ms (cache miss)
92 http fetch GET 200 https://registry.npmjs.org/array-series/-/array-series-0.1.5.tgz 66ms (cache miss)
93 http fetch GET 200 https://registry.npmjs.org/shebang-regex/-/shebang-regex-3.0.0.tgz 66ms (cache miss)
94 http fetch GET 200 https://registry.npmjs.org/gm/-/gm-1.25.1.tgz 80ms (cache miss)
95 warn deprecated gm@1.25.1: The gm module has been sunset. Please migrate to an alternative. https://github.com/aheckmann/gm?tab=readme-ov-file#2025-02-24-this-project-is-not-maintained
96 http fetch GET 200 https://registry.npmjs.org/array-parallel/-/array-parallel-0.1.3.tgz 107ms (cache miss)
97 http fetch GET 200 https://registry.npmjs.org/path-key/-/path-key-3.1.1.tgz 107ms (cache miss)
98 http fetch GET 200 https://registry.npmjs.org/which/-/which-2.0.2.tgz 110ms (cache miss)
99 http fetch GET 200 https://registry.npmjs.org/ms/-/ms-2.1.3.tgz 102ms (cache miss)
100 http fetch GET 200 https://registry.npmjs.org/isexe/-/isexe-2.0.0.tgz 102ms (cache miss)
101 http fetch GET 200 https://registry.npmjs.org/debug/-/debug-3.2.7.tgz 116ms (cache miss)
102 http fetch GET 200 https://registry.npmjs.org/cross-spawn/-/cross-spawn-7.0.6.tgz 108ms (cache miss)
103 silly ADD node_modules/gm
104 silly ADD node_modules/gm/node_modules/isexe
105 silly ADD node_modules/gm/node_modules/shebang-regex
106 silly ADD node_modules/gm/node_modules/ms
107 silly ADD node_modules/gm/node_modules/which
108 silly ADD node_modules/gm/node_modules/shebang-command
109 silly ADD node_modules/gm/node_modules/path-key
110 silly ADD node_modules/gm/node_modules/debug
111 silly ADD node_modules/gm/node_modules/cross-spawn
112 silly ADD node_modules/gm/node_modules/array-series
113 silly ADD node_modules/gm/node_modules/array-parallel
114 verbose cwd /data/data/com.termux/files/home
115 verbose os Linux 6.6.98-android15-8-g4b48560cd07d-ab14239520-4k
116 verbose node v25.3.0
117 verbose npm  v11.9.0
118 verbose exit 0
119 info ok
