0 verbose cli /data/data/com.termux/files/usr/bin/node /data/data/com.termux/files/usr/bin/npm
1 info using npm@11.9.0
2 info using node@v25.3.0
3 silly config load:file:/data/data/com.termux/files/usr/lib/node_modules/npm/npmrc
4 silly config load:file:/data/data/com.termux/files/home/.npmrc
5 silly config load:file:/data/data/com.termux/files/usr/etc/npmrc
6 verbose title npm uninstall imagemagick-native
7 verbose argv "uninstall" "--global" "imagemagick-native"
8 verbose logfile logs-max:10 dir:/data/data/com.termux/files/home/.npm/_logs/2026-02-06T01_18_04_464Z-
9 verbose logfile /data/data/com.termux/files/home/.npm/_logs/2026-02-06T01_18_04_464Z-debug-0.log
10 silly packumentCache heap:2248146944 maxSize:562036736 maxEntrySize:281018368
11 silly logfile done cleaning log files
12 silly idealTree buildDeps
13 silly reify moves {}
14 verbose cwd /data/data/com.termux/files/home
15 verbose os Linux 6.6.98-android15-8-g4b48560cd07d-ab14239520-4k
16 verbose node v25.3.0
17 verbose npm  v11.9.0
18 verbose exit 0
19 info ok
