0 verbose cli /data/data/com.termux/files/usr/bin/node /data/data/com.termux/files/usr/bin/npm
1 info using npm@11.9.0
2 info using node@v25.3.0
3 silly config load:file:/data/data/com.termux/files/usr/lib/node_modules/npm/npmrc
4 silly config load:file:/data/data/com.termux/files/home/.npmrc
5 silly config load:file:/data/data/com.termux/files/usr/etc/npmrc
6 verbose title npm install imagemagick-native canvas
7 verbose argv "install" "--global" "imagemagick-native" "canvas"
8 verbose logfile logs-max:10 dir:/data/data/com.termux/files/home/.npm/_logs/2026-02-06T01_14_43_119Z-
9 verbose logfile /data/data/com.termux/files/home/.npm/_logs/2026-02-06T01_14_43_119Z-debug-0.log
10 silly packumentCache heap:2248146944 maxSize:562036736 maxEntrySize:281018368
11 silly logfile done cleaning log files
12 silly idealTree buildDeps
13 silly fetch manifest imagemagick-native@*
14 silly packumentCache full:https://registry.npmjs.org/imagemagick-native cache-miss
15 http fetch GET 200 https://registry.npmjs.org/npm 313ms
16 http fetch GET 200 https://registry.npmjs.org/imagemagick-native 407ms (cache miss)
17 silly packumentCache full:https://registry.npmjs.org/imagemagick-native set size:undefined disposed:false
18 silly fetch manifest canvas@*
19 silly packumentCache full:https://registry.npmjs.org/canvas cache-miss
20 http fetch GET 200 https://registry.npmjs.org/canvas 132ms (cache miss)
21 silly packumentCache full:https://registry.npmjs.org/canvas set size:undefined disposed:false
22 silly placeDep ROOT canvas@3.2.1 OK for:  want: *
23 silly placeDep ROOT imagemagick-native@1.9.3 OK for:  want: *
24 silly fetch manifest node-addon-api@^7.0.0
25 silly packumentCache full:https://registry.npmjs.org/node-addon-api cache-miss
26 silly fetch manifest prebuild-install@^7.1.3
27 silly packumentCache full:https://registry.npmjs.org/prebuild-install cache-miss
28 silly fetch manifest nan@2.x
29 silly packumentCache full:https://registry.npmjs.org/nan cache-miss
30 http fetch GET 200 https://registry.npmjs.org/prebuild-install 97ms (cache miss)
31 silly packumentCache full:https://registry.npmjs.org/prebuild-install set size:undefined disposed:false
32 http fetch GET 200 https://registry.npmjs.org/node-addon-api 123ms (cache miss)
33 silly packumentCache full:https://registry.npmjs.org/node-addon-api set size:undefined disposed:false
34 http fetch GET 200 https://registry.npmjs.org/nan 143ms (cache miss)
35 silly packumentCache full:https://registry.npmjs.org/nan set size:undefined disposed:false
36 silly placeDep node_modules/canvas node-addon-api@7.1.1 OK for: canvas@3.2.1 want: ^7.0.0
37 silly placeDep node_modules/canvas prebuild-install@7.1.3 OK for: canvas@3.2.1 want: ^7.1.3
38 silly fetch manifest detect-libc@^2.0.0
39 silly packumentCache full:https://registry.npmjs.org/detect-libc cache-miss
40 silly fetch manifest expand-template@^2.0.3
41 silly packumentCache full:https://registry.npmjs.org/expand-template cache-miss
42 silly fetch manifest github-from-package@0.0.0
43 silly packumentCache full:https://registry.npmjs.org/github-from-package cache-miss
44 silly fetch manifest minimist@^1.2.3
45 silly packumentCache full:https://registry.npmjs.org/minimist cache-miss
46 silly fetch manifest mkdirp-classic@^0.5.3
47 silly packumentCache full:https://registry.npmjs.org/mkdirp-classic cache-miss
48 silly fetch manifest napi-build-utils@^2.0.0
49 silly packumentCache full:https://registry.npmjs.org/napi-build-utils cache-miss
50 http fetch GET 200 https://registry.npmjs.org/detect-libc 82ms (cache miss)
51 silly packumentCache full:https://registry.npmjs.org/detect-libc set size:undefined disposed:false
52 silly fetch manifest node-abi@^3.3.0
53 silly packumentCache full:https://registry.npmjs.org/node-abi cache-miss
54 http fetch GET 200 https://registry.npmjs.org/expand-template 86ms (cache miss)
55 silly packumentCache full:https://registry.npmjs.org/expand-template set size:undefined disposed:false
56 silly fetch manifest pump@^3.0.0
57 silly packumentCache full:https://registry.npmjs.org/pump cache-miss
58 http fetch GET 200 https://registry.npmjs.org/github-from-package 88ms (cache miss)
59 silly packumentCache full:https://registry.npmjs.org/github-from-package set size:undefined disposed:false
60 silly fetch manifest rc@^1.2.7
61 silly packumentCache full:https://registry.npmjs.org/rc cache-miss
62 http fetch GET 200 https://registry.npmjs.org/mkdirp-classic 131ms (cache miss)
63 silly packumentCache full:https://registry.npmjs.org/mkdirp-classic set size:undefined disposed:false
64 silly fetch manifest simple-get@^4.0.0
65 silly packumentCache full:https://registry.npmjs.org/simple-get cache-miss
66 http fetch GET 200 https://registry.npmjs.org/napi-build-utils 136ms (cache miss)
67 silly packumentCache full:https://registry.npmjs.org/napi-build-utils set size:undefined disposed:false
68 silly fetch manifest tar-fs@^2.0.0
69 silly packumentCache full:https://registry.npmjs.org/tar-fs cache-miss
70 http fetch GET 200 https://registry.npmjs.org/minimist 151ms (cache miss)
71 silly packumentCache full:https://registry.npmjs.org/minimist set size:undefined disposed:false
72 silly fetch manifest tunnel-agent@^0.6.0
73 silly packumentCache full:https://registry.npmjs.org/tunnel-agent cache-miss
74 http fetch GET 200 https://registry.npmjs.org/pump 73ms (cache miss)
75 silly packumentCache full:https://registry.npmjs.org/pump set size:undefined disposed:false
76 http fetch GET 200 https://registry.npmjs.org/rc 93ms (cache miss)
77 silly packumentCache full:https://registry.npmjs.org/rc set size:undefined disposed:false
78 http fetch GET 200 https://registry.npmjs.org/node-abi 115ms (cache miss)
79 silly packumentCache full:https://registry.npmjs.org/node-abi set size:undefined disposed:false
80 http fetch GET 200 https://registry.npmjs.org/simple-get 73ms (cache miss)
81 silly packumentCache full:https://registry.npmjs.org/simple-get set size:undefined disposed:false
82 http fetch GET 200 https://registry.npmjs.org/tunnel-agent 56ms (cache miss)
83 silly packumentCache full:https://registry.npmjs.org/tunnel-agent set size:undefined disposed:false
84 http fetch GET 200 https://registry.npmjs.org/tar-fs 76ms (cache miss)
85 silly packumentCache full:https://registry.npmjs.org/tar-fs set size:undefined disposed:false
86 silly placeDep node_modules/imagemagick-native nan@2.25.0 OK for: imagemagick-native@1.9.3 want: 2.x
87 silly placeDep node_modules/canvas detect-libc@2.1.2 OK for: prebuild-install@7.1.3 want: ^2.0.0
88 silly placeDep node_modules/canvas expand-template@2.0.3 OK for: prebuild-install@7.1.3 want: ^2.0.3
89 silly placeDep node_modules/canvas github-from-package@0.0.0 OK for: prebuild-install@7.1.3 want: 0.0.0
90 silly placeDep node_modules/canvas minimist@1.2.8 OK for: prebuild-install@7.1.3 want: ^1.2.3
91 silly placeDep node_modules/canvas mkdirp-classic@0.5.3 OK for: prebuild-install@7.1.3 want: ^0.5.3
92 silly placeDep node_modules/canvas napi-build-utils@2.0.0 OK for: prebuild-install@7.1.3 want: ^2.0.0
93 silly placeDep node_modules/canvas node-abi@3.87.0 OK for: prebuild-install@7.1.3 want: ^3.3.0
94 silly placeDep node_modules/canvas pump@3.0.3 OK for: prebuild-install@7.1.3 want: ^3.0.0
95 silly placeDep node_modules/canvas rc@1.2.8 OK for: prebuild-install@7.1.3 want: ^1.2.7
96 silly placeDep node_modules/canvas simple-get@4.0.1 OK for: prebuild-install@7.1.3 want: ^4.0.0
97 silly placeDep node_modules/canvas tar-fs@2.1.4 OK for: prebuild-install@7.1.3 want: ^2.0.0
98 silly placeDep node_modules/canvas tunnel-agent@0.6.0 OK for: prebuild-install@7.1.3 want: ^0.6.0
99 silly fetch manifest semver@^7.3.5
100 silly packumentCache full:https://registry.npmjs.org/semver cache-miss
101 silly fetch manifest end-of-stream@^1.1.0
102 silly packumentCache full:https://registry.npmjs.org/end-of-stream cache-miss
103 silly fetch manifest once@^1.3.1
104 silly packumentCache full:https://registry.npmjs.org/once cache-miss
105 silly fetch manifest ini@~1.3.0
106 silly packumentCache full:https://registry.npmjs.org/ini cache-miss
107 silly fetch manifest deep-extend@^0.6.0
108 silly packumentCache full:https://registry.npmjs.org/deep-extend cache-miss
109 silly fetch manifest strip-json-comments@~2.0.1
110 silly packumentCache full:https://registry.npmjs.org/strip-json-comments cache-miss
111 http fetch GET 200 https://registry.npmjs.org/once 54ms (cache miss)
112 silly packumentCache full:https://registry.npmjs.org/once set size:undefined disposed:false
113 silly fetch manifest decompress-response@^6.0.0
114 silly packumentCache full:https://registry.npmjs.org/decompress-response cache-miss
115 http fetch GET 200 https://registry.npmjs.org/end-of-stream 60ms (cache miss)
116 silly packumentCache full:https://registry.npmjs.org/end-of-stream set size:undefined disposed:false
117 silly fetch manifest simple-concat@^1.0.0
118 silly packumentCache full:https://registry.npmjs.org/simple-concat cache-miss
119 http fetch GET 200 https://registry.npmjs.org/deep-extend 63ms (cache miss)
120 silly packumentCache full:https://registry.npmjs.org/deep-extend set size:undefined disposed:false
121 silly fetch manifest chownr@^1.1.1
122 silly packumentCache full:https://registry.npmjs.org/chownr cache-miss
123 http fetch GET 200 https://registry.npmjs.org/strip-json-comments 68ms (cache miss)
124 silly packumentCache full:https://registry.npmjs.org/strip-json-comments set size:undefined disposed:false
125 silly fetch manifest tar-stream@^2.1.4
126 silly packumentCache full:https://registry.npmjs.org/tar-stream cache-miss
127 http fetch GET 200 https://registry.npmjs.org/semver 75ms (cache miss)
128 silly packumentCache full:https://registry.npmjs.org/semver set size:undefined disposed:false
129 silly fetch manifest safe-buffer@^5.0.1
130 silly packumentCache full:https://registry.npmjs.org/safe-buffer cache-miss
131 http fetch GET 200 https://registry.npmjs.org/ini 80ms (cache miss)
132 silly packumentCache full:https://registry.npmjs.org/ini set size:undefined disposed:false
133 http fetch GET 200 https://registry.npmjs.org/decompress-response 53ms (cache miss)
134 silly packumentCache full:https://registry.npmjs.org/decompress-response set size:undefined disposed:false
135 http fetch GET 200 https://registry.npmjs.org/simple-concat 56ms (cache miss)
136 silly packumentCache full:https://registry.npmjs.org/simple-concat set size:undefined disposed:false
137 http fetch GET 200 https://registry.npmjs.org/chownr 56ms (cache miss)
138 silly packumentCache full:https://registry.npmjs.org/chownr set size:undefined disposed:false
139 http fetch GET 200 https://registry.npmjs.org/tar-stream 57ms (cache miss)
140 silly packumentCache full:https://registry.npmjs.org/tar-stream set size:undefined disposed:false
141 http fetch GET 200 https://registry.npmjs.org/safe-buffer 53ms (cache miss)
142 silly packumentCache full:https://registry.npmjs.org/safe-buffer set size:undefined disposed:false
143 silly placeDep node_modules/canvas semver@7.7.4 OK for: node-abi@3.87.0 want: ^7.3.5
144 silly placeDep node_modules/canvas end-of-stream@1.4.5 OK for: pump@3.0.3 want: ^1.1.0
145 silly placeDep node_modules/canvas once@1.4.0 OK for: pump@3.0.3 want: ^1.3.1
146 silly fetch manifest once@^1.4.0
147 silly packumentCache full:https://registry.npmjs.org/once cache-miss
148 silly fetch manifest wrappy@1
149 silly packumentCache full:https://registry.npmjs.org/wrappy cache-miss
150 http cache https://registry.npmjs.org/once 20ms (cache hit)
151 silly packumentCache full:https://registry.npmjs.org/once set size:11768 disposed:false
152 http fetch GET 200 https://registry.npmjs.org/wrappy 43ms (cache miss)
153 silly packumentCache full:https://registry.npmjs.org/wrappy set size:undefined disposed:false
154 silly placeDep node_modules/canvas wrappy@1.0.2 OK for: once@1.4.0 want: 1
155 silly placeDep node_modules/canvas deep-extend@0.6.0 OK for: rc@1.2.8 want: ^0.6.0
156 silly placeDep node_modules/canvas ini@1.3.8 OK for: rc@1.2.8 want: ~1.3.0
157 silly placeDep node_modules/canvas strip-json-comments@2.0.1 OK for: rc@1.2.8 want: ~2.0.1
158 silly placeDep node_modules/canvas decompress-response@6.0.0 OK for: simple-get@4.0.1 want: ^6.0.0
159 silly placeDep node_modules/canvas simple-concat@1.0.1 OK for: simple-get@4.0.1 want: ^1.0.0
160 silly fetch manifest mimic-response@^3.1.0
161 silly packumentCache full:https://registry.npmjs.org/mimic-response cache-miss
162 http fetch GET 200 https://registry.npmjs.org/mimic-response 44ms (cache miss)
163 silly packumentCache full:https://registry.npmjs.org/mimic-response set size:undefined disposed:false
164 silly placeDep node_modules/canvas mimic-response@3.1.0 OK for: decompress-response@6.0.0 want: ^3.1.0
165 silly placeDep node_modules/canvas chownr@1.1.4 OK for: tar-fs@2.1.4 want: ^1.1.1
166 silly placeDep node_modules/canvas tar-stream@2.2.0 OK for: tar-fs@2.1.4 want: ^2.1.4
167 silly fetch manifest bl@^4.0.3
168 silly packumentCache full:https://registry.npmjs.org/bl cache-miss
169 silly fetch manifest inherits@^2.0.3
170 silly packumentCache full:https://registry.npmjs.org/inherits cache-miss
171 silly fetch manifest fs-constants@^1.0.0
172 silly packumentCache full:https://registry.npmjs.org/fs-constants cache-miss
173 silly fetch manifest readable-stream@^3.1.1
174 silly packumentCache full:https://registry.npmjs.org/readable-stream cache-miss
175 http fetch GET 200 https://registry.npmjs.org/fs-constants 69ms (cache miss)
176 silly packumentCache full:https://registry.npmjs.org/fs-constants set size:undefined disposed:false
177 http fetch GET 200 https://registry.npmjs.org/inherits 81ms (cache miss)
178 silly packumentCache full:https://registry.npmjs.org/inherits set size:undefined disposed:false
179 http fetch GET 200 https://registry.npmjs.org/bl 86ms (cache miss)
180 silly packumentCache full:https://registry.npmjs.org/bl set size:undefined disposed:false
181 http fetch GET 200 https://registry.npmjs.org/readable-stream 100ms (cache miss)
182 silly packumentCache full:https://registry.npmjs.org/readable-stream set size:undefined disposed:false
183 silly placeDep node_modules/canvas bl@4.1.0 OK for: tar-stream@2.2.0 want: ^4.0.3
184 silly placeDep node_modules/canvas fs-constants@1.0.0 OK for: tar-stream@2.2.0 want: ^1.0.0
185 silly placeDep node_modules/canvas inherits@2.0.4 OK for: tar-stream@2.2.0 want: ^2.0.3
186 silly placeDep node_modules/canvas readable-stream@3.6.2 OK for: tar-stream@2.2.0 want: ^3.1.1
187 silly fetch manifest buffer@^5.5.0
188 silly packumentCache full:https://registry.npmjs.org/buffer cache-miss
189 silly fetch manifest inherits@^2.0.4
190 silly packumentCache full:https://registry.npmjs.org/inherits cache-miss
191 silly fetch manifest readable-stream@^3.4.0
192 silly packumentCache full:https://registry.npmjs.org/readable-stream cache-miss
193 silly fetch manifest string_decoder@^1.1.1
194 silly packumentCache full:https://registry.npmjs.org/string_decoder cache-miss
195 silly fetch manifest util-deprecate@^1.0.1
196 silly packumentCache full:https://registry.npmjs.org/util-deprecate cache-miss
197 http cache https://registry.npmjs.org/inherits 20ms (cache hit)
198 silly packumentCache full:https://registry.npmjs.org/inherits set size:12925 disposed:false
199 http cache https://registry.npmjs.org/readable-stream 24ms (cache hit)
200 silly packumentCache full:https://registry.npmjs.org/readable-stream set size:261096 disposed:false
201 http fetch GET 200 https://registry.npmjs.org/string_decoder 72ms (cache miss)
202 silly packumentCache full:https://registry.npmjs.org/string_decoder set size:undefined disposed:false
203 http fetch GET 200 https://registry.npmjs.org/util-deprecate 78ms (cache miss)
204 silly packumentCache full:https://registry.npmjs.org/util-deprecate set size:undefined disposed:false
205 http fetch GET 200 https://registry.npmjs.org/buffer 106ms (cache miss)
206 silly packumentCache full:https://registry.npmjs.org/buffer set size:undefined disposed:false
207 silly placeDep node_modules/canvas buffer@5.7.1 OK for: bl@4.1.0 want: ^5.5.0
208 silly fetch manifest base64-js@^1.3.1
209 silly packumentCache full:https://registry.npmjs.org/base64-js cache-miss
210 silly fetch manifest ieee754@^1.1.13
211 silly packumentCache full:https://registry.npmjs.org/ieee754 cache-miss
212 http fetch GET 200 https://registry.npmjs.org/base64-js 49ms (cache miss)
213 silly packumentCache full:https://registry.npmjs.org/base64-js set size:undefined disposed:false
214 http fetch GET 200 https://registry.npmjs.org/ieee754 53ms (cache miss)
215 silly packumentCache full:https://registry.npmjs.org/ieee754 set size:undefined disposed:false
216 silly placeDep node_modules/canvas base64-js@1.5.1 OK for: buffer@5.7.1 want: ^1.3.1
217 silly placeDep node_modules/canvas ieee754@1.2.1 OK for: buffer@5.7.1 want: ^1.1.13
218 silly placeDep node_modules/canvas string_decoder@1.3.0 OK for: readable-stream@3.6.2 want: ^1.1.1
219 silly placeDep node_modules/canvas util-deprecate@1.0.2 OK for: readable-stream@3.6.2 want: ^1.0.1
220 silly fetch manifest safe-buffer@~5.2.0
221 silly packumentCache full:https://registry.npmjs.org/safe-buffer cache-miss
222 http cache https://registry.npmjs.org/safe-buffer 22ms (cache hit)
223 silly packumentCache full:https://registry.npmjs.org/safe-buffer set size:41183 disposed:false
224 silly placeDep node_modules/canvas safe-buffer@5.2.1 OK for: string_decoder@1.3.0 want: ~5.2.0
225 silly reify moves {}
226 http cache imagemagick-native@https://registry.npmjs.org/imagemagick-native/-/imagemagick-native-1.9.3.tgz 0ms (cache hit)
227 http cache canvas@https://registry.npmjs.org/canvas/-/canvas-3.2.1.tgz 0ms (cache hit)
228 http cache nan@https://registry.npmjs.org/nan/-/nan-2.25.0.tgz 0ms (cache hit)
229 http cache util-deprecate@https://registry.npmjs.org/util-deprecate/-/util-deprecate-1.0.2.tgz 0ms (cache hit)
230 http cache ieee754@https://registry.npmjs.org/ieee754/-/ieee754-1.2.1.tgz 0ms (cache hit)
231 http cache safe-buffer@https://registry.npmjs.org/safe-buffer/-/safe-buffer-5.2.1.tgz 0ms (cache hit)
232 http cache base64-js@https://registry.npmjs.org/base64-js/-/base64-js-1.5.1.tgz 0ms (cache hit)
233 http cache buffer@https://registry.npmjs.org/buffer/-/buffer-5.7.1.tgz 0ms (cache hit)
234 http cache readable-stream@https://registry.npmjs.org/readable-stream/-/readable-stream-3.6.2.tgz 0ms (cache hit)
235 http cache inherits@https://registry.npmjs.org/inherits/-/inherits-2.0.4.tgz 0ms (cache hit)
236 http cache fs-constants@https://registry.npmjs.org/fs-constants/-/fs-constants-1.0.0.tgz 0ms (cache hit)
237 http cache string_decoder@https://registry.npmjs.org/string_decoder/-/string_decoder-1.3.0.tgz 0ms (cache hit)
238 http cache bl@https://registry.npmjs.org/bl/-/bl-4.1.0.tgz 0ms (cache hit)
239 http cache tar-stream@https://registry.npmjs.org/tar-stream/-/tar-stream-2.2.0.tgz 0ms (cache hit)
240 http cache simple-concat@https://registry.npmjs.org/simple-concat/-/simple-concat-1.0.1.tgz 0ms (cache hit)
241 http cache mimic-response@https://registry.npmjs.org/mimic-response/-/mimic-response-3.1.0.tgz 0ms (cache hit)
242 http cache decompress-response@https://registry.npmjs.org/decompress-response/-/decompress-response-6.0.0.tgz 0ms (cache hit)
243 http cache strip-json-comments@https://registry.npmjs.org/strip-json-comments/-/strip-json-comments-2.0.1.tgz 0ms (cache hit)
244 http cache ini@https://registry.npmjs.org/ini/-/ini-1.3.8.tgz 0ms (cache hit)
245 http cache deep-extend@https://registry.npmjs.org/deep-extend/-/deep-extend-0.6.0.tgz 0ms (cache hit)
246 http cache wrappy@https://registry.npmjs.org/wrappy/-/wrappy-1.0.2.tgz 0ms (cache hit)
247 http cache once@https://registry.npmjs.org/once/-/once-1.4.0.tgz 0ms (cache hit)
248 http cache end-of-stream@https://registry.npmjs.org/end-of-stream/-/end-of-stream-1.4.5.tgz 0ms (cache hit)
249 http cache semver@https://registry.npmjs.org/semver/-/semver-7.7.4.tgz 0ms (cache hit)
250 http cache tar-fs@https://registry.npmjs.org/tar-fs/-/tar-fs-2.1.4.tgz 0ms (cache hit)
251 http cache pump@https://registry.npmjs.org/pump/-/pump-3.0.3.tgz 0ms (cache hit)
252 http cache node-abi@https://registry.npmjs.org/node-abi/-/node-abi-3.87.0.tgz 0ms (cache hit)
253 http cache napi-build-utils@https://registry.npmjs.org/napi-build-utils/-/napi-build-utils-2.0.0.tgz 0ms (cache hit)
254 http cache mkdirp-classic@https://registry.npmjs.org/mkdirp-classic/-/mkdirp-classic-0.5.3.tgz 0ms (cache hit)
255 http cache chownr@https://registry.npmjs.org/chownr/-/chownr-1.1.4.tgz 0ms (cache hit)
256 http cache github-from-package@https://registry.npmjs.org/github-from-package/-/github-from-package-0.0.0.tgz 0ms (cache hit)
257 http cache expand-template@https://registry.npmjs.org/expand-template/-/expand-template-2.0.3.tgz 0ms (cache hit)
258 http cache detect-libc@https://registry.npmjs.org/detect-libc/-/detect-libc-2.1.2.tgz 0ms (cache hit)
259 http cache tunnel-agent@https://registry.npmjs.org/tunnel-agent/-/tunnel-agent-0.6.0.tgz 0ms (cache hit)
260 http cache prebuild-install@https://registry.npmjs.org/prebuild-install/-/prebuild-install-7.1.3.tgz 0ms (cache hit)
261 http cache node-addon-api@https://registry.npmjs.org/node-addon-api/-/node-addon-api-7.1.1.tgz 0ms (cache hit)
262 silly tarball no local data for imagemagick-native@https://registry.npmjs.org/imagemagick-native/-/imagemagick-native-1.9.3.tgz. Extracting by manifest.
263 silly tarball no local data for canvas@https://registry.npmjs.org/canvas/-/canvas-3.2.1.tgz. Extracting by manifest.
264 silly tarball no local data for nan@https://registry.npmjs.org/nan/-/nan-2.25.0.tgz. Extracting by manifest.
265 http cache simple-get@https://registry.npmjs.org/simple-get/-/simple-get-4.0.1.tgz 0ms (cache hit)
266 silly tarball no local data for util-deprecate@https://registry.npmjs.org/util-deprecate/-/util-deprecate-1.0.2.tgz. Extracting by manifest.
267 silly tarball no local data for ieee754@https://registry.npmjs.org/ieee754/-/ieee754-1.2.1.tgz. Extracting by manifest.
268 silly tarball no local data for safe-buffer@https://registry.npmjs.org/safe-buffer/-/safe-buffer-5.2.1.tgz. Extracting by manifest.
269 silly tarball no local data for base64-js@https://registry.npmjs.org/base64-js/-/base64-js-1.5.1.tgz. Extracting by manifest.
270 silly tarball no local data for buffer@https://registry.npmjs.org/buffer/-/buffer-5.7.1.tgz. Extracting by manifest.
271 silly tarball no local data for readable-stream@https://registry.npmjs.org/readable-stream/-/readable-stream-3.6.2.tgz. Extracting by manifest.
272 silly tarball no local data for inherits@https://registry.npmjs.org/inherits/-/inherits-2.0.4.tgz. Extracting by manifest.
273 silly tarball no local data for fs-constants@https://registry.npmjs.org/fs-constants/-/fs-constants-1.0.0.tgz. Extracting by manifest.
274 silly tarball no local data for string_decoder@https://registry.npmjs.org/string_decoder/-/string_decoder-1.3.0.tgz. Extracting by manifest.
275 silly tarball no local data for bl@https://registry.npmjs.org/bl/-/bl-4.1.0.tgz. Extracting by manifest.
276 http cache rc@https://registry.npmjs.org/rc/-/rc-1.2.8.tgz 0ms (cache hit)
277 silly tarball no local data for tar-stream@https://registry.npmjs.org/tar-stream/-/tar-stream-2.2.0.tgz. Extracting by manifest.
278 silly tarball no local data for simple-concat@https://registry.npmjs.org/simple-concat/-/simple-concat-1.0.1.tgz. Extracting by manifest.
279 silly tarball no local data for mimic-response@https://registry.npmjs.org/mimic-response/-/mimic-response-3.1.0.tgz. Extracting by manifest.
280 silly tarball no local data for decompress-response@https://registry.npmjs.org/decompress-response/-/decompress-response-6.0.0.tgz. Extracting by manifest.
281 silly tarball no local data for strip-json-comments@https://registry.npmjs.org/strip-json-comments/-/strip-json-comments-2.0.1.tgz. Extracting by manifest.
282 silly tarball no local data for ini@https://registry.npmjs.org/ini/-/ini-1.3.8.tgz. Extracting by manifest.
283 silly tarball no local data for deep-extend@https://registry.npmjs.org/deep-extend/-/deep-extend-0.6.0.tgz. Extracting by manifest.
284 silly tarball no local data for wrappy@https://registry.npmjs.org/wrappy/-/wrappy-1.0.2.tgz. Extracting by manifest.
285 silly tarball no local data for once@https://registry.npmjs.org/once/-/once-1.4.0.tgz. Extracting by manifest.
286 silly tarball no local data for end-of-stream@https://registry.npmjs.org/end-of-stream/-/end-of-stream-1.4.5.tgz. Extracting by manifest.
287 silly tarball no local data for semver@https://registry.npmjs.org/semver/-/semver-7.7.4.tgz. Extracting by manifest.
288 silly tarball no local data for tar-fs@https://registry.npmjs.org/tar-fs/-/tar-fs-2.1.4.tgz. Extracting by manifest.
289 silly tarball no local data for pump@https://registry.npmjs.org/pump/-/pump-3.0.3.tgz. Extracting by manifest.
290 silly tarball no local data for node-abi@https://registry.npmjs.org/node-abi/-/node-abi-3.87.0.tgz. Extracting by manifest.
291 silly tarball no local data for napi-build-utils@https://registry.npmjs.org/napi-build-utils/-/napi-build-utils-2.0.0.tgz. Extracting by manifest.
292 silly tarball no local data for mkdirp-classic@https://registry.npmjs.org/mkdirp-classic/-/mkdirp-classic-0.5.3.tgz. Extracting by manifest.
293 silly tarball no local data for chownr@https://registry.npmjs.org/chownr/-/chownr-1.1.4.tgz. Extracting by manifest.
294 silly tarball no local data for github-from-package@https://registry.npmjs.org/github-from-package/-/github-from-package-0.0.0.tgz. Extracting by manifest.
295 silly tarball no local data for expand-template@https://registry.npmjs.org/expand-template/-/expand-template-2.0.3.tgz. Extracting by manifest.
296 silly tarball no local data for detect-libc@https://registry.npmjs.org/detect-libc/-/detect-libc-2.1.2.tgz. Extracting by manifest.
297 silly tarball no local data for tunnel-agent@https://registry.npmjs.org/tunnel-agent/-/tunnel-agent-0.6.0.tgz. Extracting by manifest.
298 silly tarball no local data for prebuild-install@https://registry.npmjs.org/prebuild-install/-/prebuild-install-7.1.3.tgz. Extracting by manifest.
299 silly tarball no local data for node-addon-api@https://registry.npmjs.org/node-addon-api/-/node-addon-api-7.1.1.tgz. Extracting by manifest.
300 http cache minimist@https://registry.npmjs.org/minimist/-/minimist-1.2.8.tgz 0ms (cache hit)
301 silly tarball no local data for simple-get@https://registry.npmjs.org/simple-get/-/simple-get-4.0.1.tgz. Extracting by manifest.
302 silly tarball no local data for rc@https://registry.npmjs.org/rc/-/rc-1.2.8.tgz. Extracting by manifest.
303 silly tarball no local data for minimist@https://registry.npmjs.org/minimist/-/minimist-1.2.8.tgz. Extracting by manifest.
304 http fetch GET 200 https://registry.npmjs.org/util-deprecate/-/util-deprecate-1.0.2.tgz 423ms (cache miss)
305 http fetch GET 200 https://registry.npmjs.org/mimic-response/-/mimic-response-3.1.0.tgz 412ms (cache miss)
306 http fetch GET 200 https://registry.npmjs.org/ieee754/-/ieee754-1.2.1.tgz 433ms (cache miss)
307 http fetch GET 200 https://registry.npmjs.org/strip-json-comments/-/strip-json-comments-2.0.1.tgz 420ms (cache miss)
308 http fetch GET 200 https://registry.npmjs.org/decompress-response/-/decompress-response-6.0.0.tgz 423ms (cache miss)
309 http fetch GET 200 https://registry.npmjs.org/wrappy/-/wrappy-1.0.2.tgz 423ms (cache miss)
310 http fetch GET 200 https://registry.npmjs.org/safe-buffer/-/safe-buffer-5.2.1.tgz 445ms (cache miss)
311 http fetch GET 200 https://registry.npmjs.org/ini/-/ini-1.3.8.tgz 431ms (cache miss)
312 http fetch GET 200 https://registry.npmjs.org/deep-extend/-/deep-extend-0.6.0.tgz 431ms (cache miss)
313 http fetch GET 200 https://registry.npmjs.org/end-of-stream/-/end-of-stream-1.4.5.tgz 430ms (cache miss)
314 http fetch GET 200 https://registry.npmjs.org/once/-/once-1.4.0.tgz 434ms (cache miss)
315 http fetch GET 200 https://registry.npmjs.org/napi-build-utils/-/napi-build-utils-2.0.0.tgz 441ms (cache miss)
316 http fetch GET 200 https://registry.npmjs.org/prebuild-install/-/prebuild-install-7.1.3.tgz 438ms (cache miss)
317 http fetch GET 200 https://registry.npmjs.org/pump/-/pump-3.0.3.tgz 450ms (cache miss)
318 http fetch GET 200 https://registry.npmjs.org/node-abi/-/node-abi-3.87.0.tgz 450ms (cache miss)
319 http fetch GET 200 https://registry.npmjs.org/chownr/-/chownr-1.1.4.tgz 449ms (cache miss)
320 http fetch GET 200 https://registry.npmjs.org/github-from-package/-/github-from-package-0.0.0.tgz 449ms (cache miss)
321 http fetch GET 200 https://registry.npmjs.org/fs-constants/-/fs-constants-1.0.0.tgz 473ms (cache miss)
322 http fetch GET 200 https://registry.npmjs.org/simple-concat/-/simple-concat-1.0.1.tgz 470ms (cache miss)
323 http fetch GET 200 https://registry.npmjs.org/string_decoder/-/string_decoder-1.3.0.tgz 474ms (cache miss)
324 http fetch GET 200 https://registry.npmjs.org/inherits/-/inherits-2.0.4.tgz 478ms (cache miss)
325 http fetch GET 200 https://registry.npmjs.org/mkdirp-classic/-/mkdirp-classic-0.5.3.tgz 457ms (cache miss)
326 http fetch GET 200 https://registry.npmjs.org/expand-template/-/expand-template-2.0.3.tgz 457ms (cache miss)
327 http fetch GET 200 https://registry.npmjs.org/base64-js/-/base64-js-1.5.1.tgz 488ms (cache miss)
328 http fetch GET 200 https://registry.npmjs.org/simple-get/-/simple-get-4.0.1.tgz 450ms (cache miss)
329 http fetch GET 200 https://registry.npmjs.org/tunnel-agent/-/tunnel-agent-0.6.0.tgz 463ms (cache miss)
330 http fetch GET 200 https://registry.npmjs.org/detect-libc/-/detect-libc-2.1.2.tgz 469ms (cache miss)
331 http fetch GET 200 https://registry.npmjs.org/tar-stream/-/tar-stream-2.2.0.tgz 494ms (cache miss)
332 http fetch GET 200 https://registry.npmjs.org/rc/-/rc-1.2.8.tgz 444ms (cache miss)
333 http fetch GET 200 https://registry.npmjs.org/bl/-/bl-4.1.0.tgz 510ms (cache miss)
334 http fetch GET 200 https://registry.npmjs.org/buffer/-/buffer-5.7.1.tgz 519ms (cache miss)
335 http fetch GET 200 https://registry.npmjs.org/tar-fs/-/tar-fs-2.1.4.tgz 532ms (cache miss)
336 http fetch GET 200 https://registry.npmjs.org/node-addon-api/-/node-addon-api-7.1.1.tgz 529ms (cache miss)
337 http fetch GET 200 https://registry.npmjs.org/minimist/-/minimist-1.2.8.tgz 476ms (cache miss)
338 http fetch GET 200 https://registry.npmjs.org/imagemagick-native/-/imagemagick-native-1.9.3.tgz 594ms (cache miss)
339 http fetch GET 200 https://registry.npmjs.org/nan/-/nan-2.25.0.tgz 606ms (cache miss)
340 http fetch GET 200 https://registry.npmjs.org/readable-stream/-/readable-stream-3.6.2.tgz 600ms (cache miss)
341 http fetch GET 200 https://registry.npmjs.org/semver/-/semver-7.7.4.tgz 585ms (cache miss)
342 http fetch GET 200 https://registry.npmjs.org/canvas/-/canvas-3.2.1.tgz 663ms (cache miss)
343 info run canvas@3.2.1 install node_modules/canvas prebuild-install -r napi || node-gyp rebuild
344 info run imagemagick-native@1.9.3 install node_modules/imagemagick-native node-gyp rebuild
345 info run imagemagick-native@1.9.3 install { code: 1, signal: null }
346 verbose stack Error: command failed
346 verbose stack     at promiseSpawn (/data/data/com.termux/files/usr/lib/node_modules/npm/node_modules/@npmcli/promise-spawn/lib/index.js:22:22)
346 verbose stack     at spawnWithShell (/data/data/com.termux/files/usr/lib/node_modules/npm/node_modules/@npmcli/promise-spawn/lib/index.js:124:10)
346 verbose stack     at promiseSpawn (/data/data/com.termux/files/usr/lib/node_modules/npm/node_modules/@npmcli/promise-spawn/lib/index.js:12:12)
346 verbose stack     at runScriptPkg (/data/data/com.termux/files/usr/lib/node_modules/npm/node_modules/@npmcli/run-script/lib/run-script-pkg.js:79:13)
346 verbose stack     at runScript (/data/data/com.termux/files/usr/lib/node_modules/npm/node_modules/@npmcli/run-script/lib/run-script.js:9:12)
346 verbose stack     at /data/data/com.termux/files/usr/lib/node_modules/npm/node_modules/@npmcli/arborist/lib/arborist/rebuild.js:327:17
346 verbose stack     at run (/data/data/com.termux/files/usr/lib/node_modules/npm/node_modules/promise-call-limit/dist/commonjs/index.js:67:22)
346 verbose stack     at /data/data/com.termux/files/usr/lib/node_modules/npm/node_modules/promise-call-limit/dist/commonjs/index.js:84:9
346 verbose stack     at new Promise (<anonymous>)
346 verbose stack     at callLimit (/data/data/com.termux/files/usr/lib/node_modules/npm/node_modules/promise-call-limit/dist/commonjs/index.js:35:69)
347 verbose pkgid imagemagick-native@1.9.3
348 error code 1
349 error path /data/data/com.termux/files/usr/lib/node_modules/imagemagick-native
350 error command failed
351 error command sh -c node-gyp rebuild
352 error gyp info it worked if it ends with ok
352 error gyp info using node-gyp@12.2.0
352 error gyp info using node@25.3.0 | android | arm64
352 error gyp info find Python using Python version 3.12.12 found at "/data/data/com.termux/files/usr/bin/python3"
352 error gyp http GET https://nodejs.org/download/release/v25.3.0/node-v25.3.0-headers.tar.gz
352 error gyp http 200 https://nodejs.org/download/release/v25.3.0/node-v25.3.0-headers.tar.gz
352 error gyp http GET https://nodejs.org/download/release/v25.3.0/SHASUMS256.txt
352 error gyp http 200 https://nodejs.org/download/release/v25.3.0/SHASUMS256.txt
352 error gyp info spawn /data/data/com.termux/files/usr/bin/python3
352 error gyp info spawn args [
352 error gyp info spawn args '/data/data/com.termux/files/usr/lib/node_modules/npm/node_modules/node-gyp/gyp/gyp_main.py',
352 error gyp info spawn args 'binding.gyp',
352 error gyp info spawn args '-f',
352 error gyp info spawn args 'make',
352 error gyp info spawn args '-I',
352 error gyp info spawn args '/data/data/com.termux/files/usr/lib/node_modules/imagemagick-native/build/config.gypi',
352 error gyp info spawn args '-I',
352 error gyp info spawn args '/data/data/com.termux/files/usr/lib/node_modules/npm/node_modules/node-gyp/addon.gypi',
352 error gyp info spawn args '-I',
352 error gyp info spawn args '/data/data/com.termux/files/home/.cache/node-gyp/25.3.0/include/node/common.gypi',
352 error gyp info spawn args '-Dlibrary=shared_library',
352 error gyp info spawn args '-Dvisibility=default',
352 error gyp info spawn args '-Dnode_root_dir=/data/data/com.termux/files/home/.cache/node-gyp/25.3.0',
352 error gyp info spawn args '-Dnode_gyp_dir=/data/data/com.termux/files/usr/lib/node_modules/npm/node_modules/node-gyp',
352 error gyp info spawn args '-Dnode_lib_file=/data/data/com.termux/files/home/.cache/node-gyp/25.3.0/<(target_arch)/node.lib',
352 error gyp info spawn args '-Dmodule_root_dir=/data/data/com.termux/files/usr/lib/node_modules/imagemagick-native',
352 error gyp info spawn args '-Dnode_engine=v8',
352 error gyp info spawn args '--depth=.',
352 error gyp info spawn args '--no-parallel',
352 error gyp info spawn args '--generator-output',
352 error gyp info spawn args 'build',
352 error gyp info spawn args '-Goutput_dir=.'
352 error gyp info spawn args ]
352 error gyp: Undefined variable android_ndk_path in binding.gyp while trying to load binding.gyp
352 error gyp ERR! configure error 
352 error gyp ERR! stack Error: `gyp` failed with exit code: 1
352 error gyp ERR! stack at ChildProcess.<anonymous> (/data/data/com.termux/files/usr/lib/node_modules/npm/node_modules/node-gyp/lib/configure.js:317:18)
352 error gyp ERR! stack at ChildProcess.emit (node:events:508:28)
352 error gyp ERR! stack at ChildProcess._handle.onexit (node:internal/child_process:293:12)
352 error gyp ERR! System Linux 6.6.98-android15-8-g4b48560cd07d-ab14239520-4k
352 error gyp ERR! command "/data/data/com.termux/files/usr/bin/node" "/data/data/com.termux/files/usr/lib/node_modules/npm/node_modules/node-gyp/bin/node-gyp.js" "rebuild"
352 error gyp ERR! cwd /data/data/com.termux/files/usr/lib/node_modules/imagemagick-native
352 error gyp ERR! node -v v25.3.0
352 error gyp ERR! node-gyp -v v12.2.0
352 error gyp ERR! $npm_package_name imagemagick-native
352 error gyp ERR! $npm_package_version 1.9.3
352 error gyp ERR! not ok
353 silly unfinished npm timer reify 1770340483686
354 silly unfinished npm timer reify:build 1770340486205
355 silly unfinished npm timer build 1770340486205
356 silly unfinished npm timer build:deps 1770340486206
357 silly unfinished npm timer build:run:install 1770340486217
358 silly unfinished npm timer build:run:install:node_modules/canvas 1770340486218
359 silly unfinished npm timer build:run:install:node_modules/imagemagick-native 1770340486256
360 verbose cwd /data/data/com.termux/files/home
361 verbose os Linux 6.6.98-android15-8-g4b48560cd07d-ab14239520-4k
362 verbose node v25.3.0
363 verbose npm  v11.9.0
364 verbose exit 1
365 verbose code 1
366 error A complete log of this run can be found in: /data/data/com.termux/files/home/.npm/_logs/2026-02-06T01_14_43_119Z-debug-0.log
